157.36.82.56 - - [05/Jun/2021:06:26:06 +0000] "GET /wp-content/cache/minify/73395.js HTTP/2.0" 200 36647 "https://www.bimbim.in/unani/cinkara/4209" "Mozilla/5.0 (Linux; Android 9; COR-AL00) AppleWebKit/537.36 (KHTML, like Gecko) Chrome/70.0.3538.64 HuaweiBrowser/10.0.2.320 Mobile Safari/537.36"
157.36.82.56 - - [05/Jun/2021:06:26:06 +0000] "GET /wp-content/cache/minify/54359.js HTTP/2.0" 200 4910 "https://www.bimbim.in/unani/cinkara/4209" "Mozilla/5.0 (Linux; Android 9; COR-AL00) AppleWebKit/537.36 (KHTML, like Gecko) Chrome/70.0.3538.64 HuaweiBrowser/10.0.2.320 Mobile Safari/537.36"
157.36.82.56 - - [05/Jun/2021:06:26:06 +0000] "GET /wp-content/cache/minify/9e7c6.js HTTP/2.0" 200 2699 "https://www.bimbim.in/unani/cinkara/4209" "Mozilla/5.0 (Linux; Android 9; COR-AL00) AppleWebKit/537.36 (KHTML, like Gecko) Chrome/70.0.3538.64 HuaweiBrowser/10.0.2.320 Mobile Safari/537.36"
106.204.225.206 - - [05/Jun/2021:06:26:07 +0000] "GET /wp-content/themes/nirvana/fonts/elusive.woff HTTP/2.0" 200 14737 "https://ayurhindi.in/godanti-bhasma/" "Mozilla/5.0 (Linux; Android 8.1.0; Redmi 5A) AppleWebKit/537.36 (KHTML, like Gecko) Chrome/87.0.4280.101 Mobile Safari/537.36"
157.34.57.132 - - [05/Jun/2021:06:26:07 +0000] "GET /ch/hempushpa/1314/ HTTP/2.0" 200 53788 "https://www.google.com/" "Mozilla/5.0 (Linux; Android 8.1.0; Redmi 5) AppleWebKit/537.36 (KHTML, like Gecko) Chrome/90.0.4430.210 Mobile Safari/537.36"
157.34.57.132 - - [05/Jun/2021:06:26:07 +0000] "GET /wp-content/cache/minify/67148.js HTTP/2.0" 200 1999 "https://health18.in/ch/hempushpa/1314/" "Mozilla/5.0 (Linux; Android 8.1.0; Redmi 5) AppleWebKit/537.36 (KHTML, like Gecko) Chrome/90.0.4430.210 Mobile Safari/537.36"
157.34.57.132 - - [05/Jun/2021:06:26:07 +0000] "GET /wp-content/cache/minify/f0f3c.js HTTP/2.0" 200 2345 "https://health18.in/ch/hempushpa/1314/" "Mozilla/5.0 (Linux; Android 8.1.0; Redmi 5) AppleWebKit/537.36 (KHTML, like Gecko) Chrome/90.0.4430.210 Mobile Safari/537.36"
157.34.57.132 - - [05/Jun/2021:06:26:07 +0000] "GET /wp-content/cache/minify/818c0.js HTTP/2.0" 200 34204 "https://health18.in/ch/hempushpa/1314/" "Mozilla/5.0 (Linux; Android 8.1.0; Redmi 5) AppleWebKit/537.36 (KHTML, like Gecko) Chrome/90.0.4430.210 Mobile Safari/537.36"
157.34.57.132 - - [05/Jun/2021:06:26:07 +0000] "GET /wp-content/cache/minify/9e7c6.js HTTP/2.0" 200 2699 "https://health18.in/ch/hempushpa/1314/" "Mozilla/5.0 (Linux; Android 8.1.0; Redmi 5) AppleWebKit/537.36 (KHTML, like Gecko) Chrome/90.0.4430.210 Mobile Safari/537.36"
157.34.57.132 - - [05/Jun/2021:06:26:07 +0000] "GET /wp-content/cache/minify/cac72.js HTTP/2.0" 200 4003 "https://health18.in/ch/hempushpa/1314/" "Mozilla/5.0 (Linux; Android 8.1.0; Redmi 5) AppleWebKit/537.36 (KHTML, like Gecko) Chrome/90.0.4430.210 Mobile Safari/537.36"
157.34.57.132 - - [05/Jun/2021:06:26:09 +0000] "GET /superpwa-manifest.json HTTP/2.0" 200 330 "https://health18.in/ch/hempushpa/1314/" "Mozilla/5.0 (Linux; Android 8.1.0; Redmi 5) AppleWebKit/537.36 (KHTML, like Gecko) Chrome/90.0.4430.210 Mobile Safari/537.36"
157.34.57.132 - - [05/Jun/2021:06:26:09 +0000] "GET /wp-content/themes/nirvana/fonts/elusive.woff HTTP/2.0" 200 14737 "https://health18.in/ch/hempushpa/1314/" "Mozilla/5.0 (Linux; Android 8.1.0; Redmi 5) AppleWebKit/537.36 (KHTML, like Gecko) Chrome/90.0.4430.210 Mobile Safari/537.36"
5.36.156.30 - - [05/Jun/2021:06:26:09 +0000] "POST /wp-login.php HTTP/1.1" 200 2443 "-" "Mozilla/5.0 (Macintosh; Intel Mac OS X 10_14_6) AppleWebKit/605.1.15 (KHTML, like Gecko) Version/12.1.2 Safari/605.1.15"
49.34.147.115 - - [05/Jun/2021:06:26:10 +0000] "GET /wp-content/uploads/2018/03/ankle-pain-150x150.jpg HTTP/2.0" 200 5882 "https://health18.in/symptoms/%E0%A4%B8%E0%A5%8D%E0%A4%A4%E0%A4%A8-%E0%A4%AC%E0%A5%8D%E0%A4%B0%E0%A5%87%E0%A4%B8%E0%A5%8D%E0%A4%9F-%E0%A4%B8%E0%A5%87-%E0%A4%AA%E0%A4%BE%E0%A4%A8%E0%A5%80-%E0%A4%86%E0%A4%A8%E0%A4%BE-%E0%A4%95/1283/" "Mozilla/5.0 (Linux; Android 11; SM-M515F) AppleWebKit/537.36 (KHTML, like Gecko) Chrome/87.0.4280.101 Mobile Safari/537.36"
49.34.147.115 - - [05/Jun/2021:06:26:10 +0000] "GET /wp-content/uploads/2017/12/eye-pain-150x150.jpg HTTP/2.0" 200 6147 "https://health18.in/symptoms/%E0%A4%B8%E0%A5%8D%E0%A4%A4%E0%A4%A8-%E0%A4%AC%E0%A5%8D%E0%A4%B0%E0%A5%87%E0%A4%B8%E0%A5%8D%E0%A4%9F-%E0%A4%B8%E0%A5%87-%E0%A4%AA%E0%A4%BE%E0%A4%A8%E0%A5%80-%E0%A4%86%E0%A4%A8%E0%A4%BE-%E0%A4%95/1283/" "Mozilla/5.0 (Linux; Android 11; SM-M515F) AppleWebKit/537.36 (KHTML, like Gecko) Chrome/87.0.4280.101 Mobile Safari/537.36"
49.34.147.115 - - [05/Jun/2021:06:26:11 +0000] "GET /wp-content/uploads/2018/03/painful-urination-150x150.jpg HTTP/2.0" 200 4302 "https://health18.in/symptoms/%E0%A4%B8%E0%A5%8D%E0%A4%A4%E0%A4%A8-%E0%A4%AC%E0%A5%8D%E0%A4%B0%E0%A5%87%E0%A4%B8%E0%A5%8D%E0%A4%9F-%E0%A4%B8%E0%A5%87-%E0%A4%AA%E0%A4%BE%E0%A4%A8%E0%A5%80-%E0%A4%86%E0%A4%A8%E0%A4%BE-%E0%A4%95/1283/" "Mozilla/5.0 (Linux; Android 11; SM-M515F) AppleWebKit/537.36 (KHTML, like Gecko) Chrome/87.0.4280.101 Mobile Safari/537.36"
106.204.225.206 - - [05/Jun/2021:06:26:11 +0000] "GET /wp-content/uploads/2018/08/ayur-s.png HTTP/2.0" 200 43225 "https://ayurhindi.in/godanti-bhasma/" "Mozilla/5.0 (Linux; Android 8.1.0; Redmi 5A) AppleWebKit/537.36 (KHTML, like Gecko) Chrome/87.0.4280.101 Mobile Safari/537.36"
106.204.225.206 - - [05/Jun/2021:06:26:11 +0000] "GET /wp-content/uploads/2018/08/ayurhindi.jpg HTTP/2.0" 200 574 "https://ayurhindi.in/godanti-bhasma/" "Mozilla/5.0 (Linux; Android 8.1.0; Redmi 5A) AppleWebKit/537.36 (KHTML, like Gecko) Chrome/87.0.4280.101 Mobile Safari/537.36"
106.204.225.206 - - [05/Jun/2021:06:26:11 +0000] "GET /superpwa-sw.js HTTP/2.0" 200 999 "https://ayurhindi.in/godanti-bhasma/" "Mozilla/5.0 (Linux; Android 8.1.0; Redmi 5A) AppleWebKit/537.36 (KHTML, like Gecko) Chrome/87.0.4280.101 Mobile Safari/537.36"
106.204.225.206 - - [05/Jun/2021:06:26:12 +0000] "GET / HTTP/2.0" 200 36832 "https://ayurhindi.in/superpwa-sw.js" "Mozilla/5.0 (Linux; Android 8.1.0; Redmi 5A) AppleWebKit/537.36 (KHTML, like Gecko) Chrome/87.0.4280.101 Mobile Safari/537.36"
37.6.90.179 - - [05/Jun/2021:06:26:12 +0000] "GET /info/diabetes-homeopathy-medicines/185/ HTTP/2.0" 200 52857 "https://www.draparajita.com/medicines/minims-23-setin-m-drops/184/" "Mozilla/5.0 (Windows NT 10.0; Win64; x64) AppleWebKit/537.36 (KHTML, like Gecko) Chrome/91.0.4472.77 Safari/537.36"
106.204.225.206 - - [05/Jun/2021:06:26:12 +0000] "GET /superpwa-sw.js HTTP/2.0" 304 0 "https://ayurhindi.in/godanti-bhasma/" "Mozilla/5.0 (Linux; Android 8.1.0; Redmi 5A) AppleWebKit/537.36 (KHTML, like Gecko) Chrome/87.0.4280.101 Mobile Safari/537.36"
37.6.90.179 - - [05/Jun/2021:06:26:14 +0000] "GET /wp-content/uploads/2016/12/draparajita-logo-e1482551102206.png HTTP/2.0" 200 3059 "https://www.draparajita.com/info/diabetes-homeopathy-medicines/185/" "Mozilla/5.0 (Windows NT 10.0; Win64; x64) AppleWebKit/537.36 (KHTML, like Gecko) Chrome/91.0.4472.77 Safari/537.36"
37.6.90.179 - - [05/Jun/2021:06:26:14 +0000] "GET /wp-content/themes/twentytwentyone/assets/css/print.css?ver=1.0.0 HTTP/2.0" 200 1100 "https://www.draparajita.com/info/diabetes-homeopathy-medicines/185/" "Mozilla/5.0 (Windows NT 10.0; Win64; x64) AppleWebKit/537.36 (KHTML, like Gecko) Chrome/91.0.4472.77 Safari/537.36"
37.6.90.179 - - [05/Jun/2021:06:26:14 +0000] "GET /wp-content/cache/minify/dbad1.js HTTP/2.0" 200 2478 "https://www.draparajita.com/info/diabetes-homeopathy-medicines/185/" "Mozilla/5.0 (Windows NT 10.0; Win64; x64) AppleWebKit/537.36 (KHTML, like Gecko) Chrome/91.0.4472.77 Safari/537.36"
37.6.90.179 - - [05/Jun/2021:06:26:14 +0000] "GET /wp-content/cache/minify/0c354.js HTTP/2.0" 200 70846 "https://www.draparajita.com/info/diabetes-homeopathy-medicines/185/" "Mozilla/5.0 (Windows NT 10.0; Win64; x64) AppleWebKit/537.36 (KHTML, like Gecko) Chrome/91.0.4472.77 Safari/537.36"
192.99.101.79 - - [05/Jun/2021:06:26:15 +0000] "GET /health/?tag=/cauliflower%20curry HTTP/1.1" 200 28757 "-" "Mozilla/5.0 (compatible; MJ12bot/v1.4.8; http://mj12bot.com/)"
49.34.147.115 - - [05/Jun/2021:06:26:15 +0000] "GET /wp-content/uploads/2018/03/arm-pain-150x150.jpeg HTTP/2.0" 200 4944 "https://health18.in/symptoms/%E0%A4%B8%E0%A5%8D%E0%A4%A4%E0%A4%A8-%E0%A4%AC%E0%A5%8D%E0%A4%B0%E0%A5%87%E0%A4%B8%E0%A5%8D%E0%A4%9F-%E0%A4%B8%E0%A5%87-%E0%A4%AA%E0%A4%BE%E0%A4%A8%E0%A5%80-%E0%A4%86%E0%A4%A8%E0%A4%BE-%E0%A4%95/1283/" "Mozilla/5.0 (Linux; Android 11; SM-M515F) AppleWebKit/537.36 (KHTML, like Gecko) Chrome/87.0.4280.101 Mobile Safari/537.36"
112.196.146.147 - - [05/Jun/2021:06:26:15 +0000] "GET /wp-content/uploads/2017/08/men-women-150x150.jpg HTTP/2.0" 200 4261 "https://health18.in/ch/damiaplant/1049/" "Mozilla/5.0 (Linux; Android 9; vivo 1902) AppleWebKit/537.36 (KHTML, like Gecko) Chrome/91.0.4472.88 Mobile Safari/537.36"
157.34.57.132 - - [05/Jun/2021:06:26:19 +0000] "GET /wp-content/themes/nirvana/fonts/opensans-bold-webfont.woff HTTP/2.0" 200 25455 "https://health18.in/ch/hempushpa/1314/" "Mozilla/5.0 (Linux; Android 8.1.0; Redmi 5) AppleWebKit/537.36 (KHTML, like Gecko) Chrome/90.0.4430.210 Mobile Safari/537.36"
40.77.167.29 - - [05/Jun/2021:06:26:21 +0000] "GET /wp-content/uploads/2018/01/gulabjal.jpg HTTP/2.0" 200 8246 "-" "Mozilla/5.0 (compatible; bingbot/2.0; +http://www.bing.com/bingbot.htm)"
212.252.139.165 - - [05/Jun/2021:06:26:21 +0000] "POST /xmlrpc.php HTTP/1.1" 403 415 "-" "Mozilla/4.0 (compatible; MSIE 6.0; Windows NT 5.0)"
212.252.139.165 - - [05/Jun/2021:06:26:22 +0000] "POST /wp-login.php HTTP/1.1" 200 8953 "-" "Mozilla/4.0 (compatible; MSIE 6.0; Windows NT 5.0)"
157.34.57.132 - - [05/Jun/2021:06:26:22 +0000] "GET /wp-content/themes/nirvana/fonts/opensans-light-webfont.woff HTTP/2.0" 200 24021 "https://health18.in/ch/hempushpa/1314/" "Mozilla/5.0 (Linux; Android 8.1.0; Redmi 5) AppleWebKit/537.36 (KHTML, like Gecko) Chrome/90.0.4430.210 Mobile Safari/537.36"
66.249.79.21 - - [05/Jun/2021:06:26:23 +0000] "GET /medicine/punarnavarishta/282 HTTP/1.1" 200 59377 "-" "Mozilla/5.0 (Linux; Android 6.0.1; Nexus 5X Build/MMB29P) AppleWebKit/537.36 (KHTML, like Gecko) Chrome/90.0.4430.97 Mobile Safari/537.36 (compatible; Googlebot/2.1; +http://www.google.com/bot.html)"
103.132.182.178 - - [05/Jun/2021:06:26:24 +0000] "GET /home-remedies/neem-h/4776/ HTTP/2.0" 200 34912 "https://www.google.com/" "Mozilla/5.0 (Windows NT 10.0; Win64; x64) AppleWebKit/537.36 (KHTML, like Gecko) Chrome/91.0.4472.77 Safari/537.36"
103.132.182.178 - - [05/Jun/2021:06:26:24 +0000] "GET /superpwa-manifest.json HTTP/2.0" 200 305 "https://www.bimbima.com/home-remedies/neem-h/4776/" "Mozilla/5.0 (Windows NT 10.0; Win64; x64) AppleWebKit/537.36 (KHTML, like Gecko) Chrome/91.0.4472.77 Safari/537.36"
5.156.22.220 - - [05/Jun/2021:06:26:25 +0000] "POST /xmlrpc.php HTTP/1.1" 403 415 "-" "Mozilla/4.0 (compatible; MSIE 6.0; Windows NT 5.0)"
103.132.182.178 - - [05/Jun/2021:06:26:26 +0000] "GET /superpwa-sw.js HTTP/2.0" 200 1000 "https://www.bimbima.com/home-remedies/neem-h/4776/" "Mozilla/5.0 (Windows NT 10.0; Win64; x64) AppleWebKit/537.36 (KHTML, like Gecko) Chrome/91.0.4472.77 Safari/537.36"
103.132.182.178 - - [05/Jun/2021:06:26:26 +0000] "GET /superpwa-sw.js HTTP/2.0" 304 0 "https://www.bimbima.com/home-remedies/neem-h/4776/" "Mozilla/5.0 (Windows NT 10.0; Win64; x64) AppleWebKit/537.36 (KHTML, like Gecko) Chrome/91.0.4472.77 Safari/537.36"
103.132.182.178 - - [05/Jun/2021:06:26:26 +0000] "GET / HTTP/2.0" 200 32276 "https://www.bimbima.com/superpwa-sw.js" "Mozilla/5.0 (Windows NT 10.0; Win64; x64) AppleWebKit/537.36 (KHTML, like Gecko) Chrome/91.0.4472.77 Safari/537.36"
157.36.82.56 - - [05/Jun/2021:06:26:26 +0000] "GET /superpwa-sw.js HTTP/2.0" 200 1000 "https://www.bimbim.in/superpwa-sw.js" "Mozilla/5.0 (Linux; Android 9; COR-AL00) AppleWebKit/537.36 (KHTML, like Gecko) Chrome/70.0.3538.64 Mobile Safari/537.36"
157.36.82.56 - - [05/Jun/2021:06:26:26 +0000] "GET /wp-content/uploads/2018/08/bimbim2.jpg HTTP/2.0" 200 731 "https://www.bimbim.in/unani/cinkara/4209" "Mozilla/5.0 (Linux; Android 9; COR-AL00) AppleWebKit/537.36 (KHTML, like Gecko) Chrome/70.0.3538.64 HuaweiBrowser/10.0.2.320 Mobile Safari/537.36"
103.132.182.178 - - [05/Jun/2021:06:26:26 +0000] "GET /wp-content/uploads/2018/08/bimbim2.png HTTP/2.0" 200 45678 "https://www.bimbima.com/home-remedies/neem-h/4776/" "Mozilla/5.0 (Windows NT 10.0; Win64; x64) AppleWebKit/537.36 (KHTML, like Gecko) Chrome/91.0.4472.77 Safari/537.36"
157.36.82.56 - - [05/Jun/2021:06:26:26 +0000] "GET / HTTP/2.0" 200 57792 "https://www.bimbim.in/superpwa-sw.js" "Mozilla/5.0 (Linux; Android 9; COR-AL00) AppleWebKit/537.36 (KHTML, like Gecko) Chrome/70.0.3538.64 Mobile Safari/537.36"
103.132.182.178 - - [05/Jun/2021:06:26:26 +0000] "GET / HTTP/2.0" 304 0 "https://www.bimbima.com/superpwa-sw.js" "Mozilla/5.0 (Windows NT 10.0; Win64; x64) AppleWebKit/537.36 (KHTML, like Gecko) Chrome/91.0.4472.77 Safari/537.36"
157.36.82.56 - - [05/Jun/2021:06:26:26 +0000] "GET /superpwa-sw.js HTTP/2.0" 200 1000 "https://www.bimbim.in/superpwa-sw.js" "Mozilla/5.0 (Linux; Android 9; COR-AL00) AppleWebKit/537.36 (KHTML, like Gecko) Chrome/70.0.3538.64 Mobile Safari/537.36"
157.36.82.56 - - [05/Jun/2021:06:26:26 +0000] "GET / HTTP/2.0" 304 0 "https://www.bimbim.in/superpwa-sw.js" "Mozilla/5.0 (Linux; Android 9; COR-AL00) AppleWebKit/537.36 (KHTML, like Gecko) Chrome/70.0.3538.64 Mobile Safari/537.36"
157.42.106.158 - - [05/Jun/2021:06:26:26 +0000] "GET /wp-content/uploads/2017/09/night-fall.jpg HTTP/2.0" 200 9408 "https://myactivity.google.com/" "Mozilla/5.0 (Linux; Android 10; RMX2050) AppleWebKit/537.36 (KHTML, like Gecko) Chrome/83.0.4103.106 Mobile Safari/537.36"
5.156.22.220 - - [05/Jun/2021:06:26:27 +0000] "POST /wp-login.php HTTP/1.1" 200 8953 "-" "Mozilla/4.0 (compatible; MSIE 6.0; Windows NT 5.0)"
66.249.68.24 - - [05/Jun/2021:06:26:28 +0000] "GET /ayurveda/medicinal-use-of-naagdon/1161/?amp HTTP/1.1" 200 17464 "-" "Mozilla/5.0 (Linux; Android 6.0.1; Nexus 5X Build/MMB29P) AppleWebKit/537.36 (KHTML, like Gecko) Chrome/90.0.4430.97 Mobile Safari/537.36 (compatible; Googlebot/2.1; +http://www.google.com/bot.html)"
186.220.177.14 - - [05/Jun/2021:06:26:28 +0000] "POST /xmlrpc.php HTTP/1.1" 403 415 "-" "Mozilla/4.0 (compatible; MSIE 6.0; Windows NT 5.0)"
186.220.177.14 - - [05/Jun/2021:06:26:30 +0000] "POST /wp-login.php HTTP/1.1" 200 8970 "-" "Mozilla/4.0 (compatible; MSIE 6.0; Windows NT 5.0)"
66.249.79.207 - - [05/Jun/2021:06:26:31 +0000] "GET /disease/arthritis/570/ HTTP/1.1" 200 52523 "-" "Mozilla/5.0 (Linux; Android 6.0.1; Nexus 5X Build/MMB29P) AppleWebKit/537.36 (KHTML, like Gecko) Chrome/90.0.4430.97 Mobile Safari/537.36 (compatible; Googlebot/2.1; +http://www.google.com/bot.html)"
31.176.162.12 - - [05/Jun/2021:06:26:33 +0000] "POST /wp-login.php HTTP/1.1" 200 2443 "-" "Mozilla/5.0 (X11; Linux x86_64) AppleWebKit/537.36 (KHTML, like Gecko) Ubuntu Chromium/75.0.3770.90 Chrome/75.0.3770.90 Safari/537.36"
196.188.241.245 - - [05/Jun/2021:06:26:34 +0000] "POST /xmlrpc.php HTTP/1.1" 403 415 "-" "Mozilla/4.0 (compatible; MSIE 6.0; Windows NT 5.0)"
72.27.86.100 - - [05/Jun/2021:06:26:34 +0000] "POST /wp-login.php HTTP/1.1" 200 2443 "-" "Mozilla/5.0 (Windows NT 6.1; Win64; x64; rv:55.0) Gecko/20100101 Firefox/55.0"
114.119.154.166 - - [05/Jun/2021:06:26:34 +0000] "GET /ayurveda/sarivadyarista-for-blood-infection/1490 HTTP/1.1" 301 31 "-" "Mozilla/5.0 (Linux; Android 7.0;) AppleWebKit/537.36 (KHTML, like Gecko) Mobile Safari/537.36 (compatible; PetalBot;+https://webmaster.petalsearch.com/site/petalbot)"
114.119.154.166 - - [05/Jun/2021:06:26:35 +0000] "GET /ayurveda/sarivadyarista-for-blood-infection/1490/ HTTP/1.1" 200 34158 "-" "Mozilla/5.0 (Linux; Android 7.0;) AppleWebKit/537.36 (KHTML, like Gecko) Mobile Safari/537.36 (compatible; PetalBot;+https://webmaster.petalsearch.com/site/petalbot)"
196.188.241.245 - - [05/Jun/2021:06:26:35 +0000] "POST /wp-login.php HTTP/1.1" 200 8953 "-" "Mozilla/4.0 (compatible; MSIE 6.0; Windows NT 5.0)"
106.223.85.48 - - [05/Jun/2021:06:26:35 +0000] "GET /medicine/dadimadi-ghrita/299 HTTP/2.0" 200 59102 "https://www.google.co.in/" "Mozilla/5.0 (Linux; U; Android 10; en-US; Redmi Note 7S Build/QKQ1.190910.002) AppleWebKit/534.30 (KHTML, like Gecko) Version/4.0 UCBrowser/12.14.0.1221 (SpeedMode) U4/1.0 UCWEB/2.0 Mobile Safari/534.30"
106.223.85.48 - - [05/Jun/2021:06:26:35 +0000] "GET /superpwa-manifest.json HTTP/2.0" 200 349 "https://www.bimbim.in/medicine/dadimadi-ghrita/299" "Mozilla/5.0 (Linux; U; Android 10; en-US; Redmi Note 7S Build/QKQ1.190910.002) AppleWebKit/537.36 (KHTML, like Gecko) Version/4.0 Chrome/57.0.2987.108 UCBrowser/12.14.0.1221 Mobile Safari/537.36"
106.223.85.48 - - [05/Jun/2021:06:26:35 +0000] "GET /wp-content/cache/minify/7d482.js HTTP/2.0" 200 239 "https://www.bimbim.in/medicine/dadimadi-ghrita/299" "Mozilla/5.0 (Linux; U; Android 10; en-US; Redmi Note 7S Build/QKQ1.190910.002) AppleWebKit/537.36 (KHTML, like Gecko) Version/4.0 Chrome/57.0.2987.108 UCBrowser/12.14.0.1221 Mobile Safari/537.36"
106.223.85.48 - - [05/Jun/2021:06:26:35 +0000] "GET /wp-content/cache/minify/67148.js HTTP/2.0" 200 1999 "https://www.bimbim.in/medicine/dadimadi-ghrita/299" "Mozilla/5.0 (Linux; U; Android 10; en-US; Redmi Note 7S Build/QKQ1.190910.002) AppleWebKit/537.36 (KHTML, like Gecko) Version/4.0 Chrome/57.0.2987.108 UCBrowser/12.14.0.1221 Mobile Safari/537.36"
106.223.85.48 - - [05/Jun/2021:06:26:35 +0000] "GET /wp-content/cache/minify/73395.js HTTP/2.0" 200 36647 "https://www.bimbim.in/medicine/dadimadi-ghrita/299" "Mozilla/5.0 (Linux; U; Android 10; en-US; Redmi Note 7S Build/QKQ1.190910.002) AppleWebKit/537.36 (KHTML, like Gecko) Version/4.0 Chrome/57.0.2987.108 UCBrowser/12.14.0.1221 Mobile Safari/537.36"
106.223.85.48 - - [05/Jun/2021:06:26:35 +0000] "GET /wp-content/cache/minify/54359.js HTTP/2.0" 200 4910 "https://www.bimbim.in/medicine/dadimadi-ghrita/299" "Mozilla/5.0 (Linux; U; Android 10; en-US; Redmi Note 7S Build/QKQ1.190910.002) AppleWebKit/537.36 (KHTML, like Gecko) Version/4.0 Chrome/57.0.2987.108 UCBrowser/12.14.0.1221 Mobile Safari/537.36"
106.223.85.48 - - [05/Jun/2021:06:26:35 +0000] "GET /wp-content/cache/minify/9e7c6.js HTTP/2.0" 200 2699 "https://www.bimbim.in/medicine/dadimadi-ghrita/299" "Mozilla/5.0 (Linux; U; Android 10; en-US; Redmi Note 7S Build/QKQ1.190910.002) AppleWebKit/537.36 (KHTML, like Gecko) Version/4.0 Chrome/57.0.2987.108 UCBrowser/12.14.0.1221 Mobile Safari/537.36"
139.167.181.159 - - [05/Jun/2021:06:26:36 +0000] "GET /medicine/veerya-paushtik-churna/2866 HTTP/2.0" 200 63945 "https://www.google.com/" "Mozilla/5.0 (Linux; Android 10; V2029) AppleWebKit/537.36 (KHTML, like Gecko) Chrome/80.0.3987.99 Mobile Safari/537.36"
139.167.181.159 - - [05/Jun/2021:06:26:36 +0000] "GET /wp-content/cache/minify/7d482.js HTTP/2.0" 200 239 "https://www.bimbim.in/medicine/veerya-paushtik-churna/2866" "Mozilla/5.0 (Linux; Android 10; V2029) AppleWebKit/537.36 (KHTML, like Gecko) Chrome/80.0.3987.99 Mobile Safari/537.36"
139.167.181.159 - - [05/Jun/2021:06:26:36 +0000] "GET /wp-content/cache/minify/67148.js HTTP/2.0" 200 1999 "https://www.bimbim.in/medicine/veerya-paushtik-churna/2866" "Mozilla/5.0 (Linux; Android 10; V2029) AppleWebKit/537.36 (KHTML, like Gecko) Chrome/80.0.3987.99 Mobile Safari/537.36"
139.167.181.159 - - [05/Jun/2021:06:26:36 +0000] "GET /wp-content/cache/minify/73395.js HTTP/2.0" 200 36647 "https://www.bimbim.in/medicine/veerya-paushtik-churna/2866" "Mozilla/5.0 (Linux; Android 10; V2029) AppleWebKit/537.36 (KHTML, like Gecko) Chrome/80.0.3987.99 Mobile Safari/537.36"
139.167.181.159 - - [05/Jun/2021:06:26:36 +0000] "GET /wp-content/cache/minify/9e7c6.js HTTP/2.0" 200 2699 "https://www.bimbim.in/medicine/veerya-paushtik-churna/2866" "Mozilla/5.0 (Linux; Android 10; V2029) AppleWebKit/537.36 (KHTML, like Gecko) Chrome/80.0.3987.99 Mobile Safari/537.36"
139.167.181.159 - - [05/Jun/2021:06:26:36 +0000] "GET /wp-content/cache/minify/54359.js HTTP/2.0" 200 4910 "https://www.bimbim.in/medicine/veerya-paushtik-churna/2866" "Mozilla/5.0 (Linux; Android 10; V2029) AppleWebKit/537.36 (KHTML, like Gecko) Chrome/80.0.3987.99 Mobile Safari/537.36"
106.223.85.48 - - [05/Jun/2021:06:26:37 +0000] "GET /medicine/narasimha-churna/301 HTTP/2.0" 200 59253 "-" "Mozilla/5.0 (Linux; U; Android 10; en-US; Redmi Note 7S Build/QKQ1.190910.002) AppleWebKit/537.36 (KHTML, like Gecko) Version/4.0 Chrome/57.0.2987.108 UCBrowser/12.14.0.1221 Mobile Safari/537.36"
139.167.181.159 - - [05/Jun/2021:06:26:37 +0000] "GET /superpwa-manifest.json HTTP/2.0" 200 349 "https://www.bimbim.in/medicine/veerya-paushtik-churna/2866" "Mozilla/5.0 (Linux; Android 10; V2029) AppleWebKit/537.36 (KHTML, like Gecko) Chrome/80.0.3987.99 Mobile Safari/537.36"
106.223.85.48 - - [05/Jun/2021:06:26:38 +0000] "GET /superpwa-sw.js HTTP/2.0" 200 1000 "https://www.bimbim.in/superpwa-sw.js" "Mozilla/5.0 (Linux; U; Android 10; en-US; Redmi Note 7S Build/QKQ1.190910.002) AppleWebKit/537.36 (KHTML, like Gecko) Version/4.0 Chrome/57.0.2987.108 UCBrowser/12.14.0.1221 Mobile Safari/537.36"
106.223.85.48 - - [05/Jun/2021:06:26:38 +0000] "GET /wp-content/uploads/2018/08/bimbim2.jpg HTTP/2.0" 200 731 "https://www.bimbim.in/medicine/dadimadi-ghrita/299" "Mozilla/5.0 (Linux; U; Android 10; en-US; Redmi Note 7S Build/QKQ1.190910.002) AppleWebKit/537.36 (KHTML, like Gecko) Version/4.0 Chrome/57.0.2987.108 UCBrowser/12.14.0.1221 Mobile Safari/537.36"
106.223.85.48 - - [05/Jun/2021:06:26:38 +0000] "GET /wp-content/uploads/2018/08/bimbim2.png HTTP/2.0" 200 45678 "https://www.bimbim.in/medicine/dadimadi-ghrita/299" "Mozilla/5.0 (Linux; U; Android 10; en-US; Redmi Note 7S Build/QKQ1.190910.002) AppleWebKit/537.36 (KHTML, like Gecko) Version/4.0 Chrome/57.0.2987.108 UCBrowser/12.14.0.1221 Mobile Safari/537.36"
206.189.143.98 - - [05/Jun/2021:06:26:38 +0000] "POST /wp-cron.php?doing_wp_cron=1622874398.3446528911590576171875 HTTP/1.1" 200 31 "https://www.bimbima.com/wp-cron.php?doing_wp_cron=1622874398.3446528911590576171875" "WordPress/5.7.2; https://www.bimbima.com"
106.223.85.48 - - [05/Jun/2021:06:26:38 +0000] "GET / HTTP/2.0" 200 57792 "https://www.bimbim.in/superpwa-sw.js" "Mozilla/5.0 (Linux; U; Android 10; en-US; Redmi Note 7S Build/QKQ1.190910.002) AppleWebKit/537.36 (KHTML, like Gecko) Version/4.0 Chrome/57.0.2987.108 UCBrowser/12.14.0.1221 Mobile Safari/537.36"
66.249.68.24 - - [05/Jun/2021:06:26:38 +0000] "GET /herbs/wintergreen-gaultheria-fragrantissima-information-uses-and-side-effects/62/?amp HTTP/1.1" 200 17861 "-" "Mozilla/5.0 (Linux; Android 6.0.1; Nexus 5X Build/MMB29P) AppleWebKit/537.36 (KHTML, like Gecko) Chrome/90.0.4430.97 Mobile Safari/537.36 (compatible; Googlebot/2.1; +http://www.google.com/bot.html)"
106.223.85.48 - - [05/Jun/2021:06:26:38 +0000] "GET / HTTP/2.0" 304 0 "https://www.bimbim.in/superpwa-sw.js" "Mozilla/5.0 (Linux; U; Android 10; en-US; Redmi Note 7S Build/QKQ1.190910.002) AppleWebKit/537.36 (KHTML, like Gecko) Version/4.0 Chrome/57.0.2987.108 UCBrowser/12.14.0.1221 Mobile Safari/537.36"
192.99.101.79 - - [05/Jun/2021:06:26:39 +0000] "GET /health/?tag=/chaat%20masala HTTP/1.1" 301 194 "-" "Mozilla/5.0 (compatible; MJ12bot/v1.4.8; http://mj12bot.com/)"
163.53.200.19 - - [05/Jun/2021:06:26:39 +0000] "GET /wp-content/uploads/2014/12/chitrak.jpg HTTP/2.0" 200 28228 "https://www.google.com/" "Mozilla/5.0 (Windows NT 6.1; Win64; x64) AppleWebKit/537.36 (KHTML, like Gecko) Chrome/91.0.4472.77 Safari/537.36"
66.249.68.24 - - [05/Jun/2021:06:26:40 +0000] "GET /wp-content/uploads/2016/05/winter-green.jpg HTTP/1.1" 304 0 "-" "Googlebot-Image/1.0"
157.37.131.132 - - [05/Jun/2021:06:26:40 +0000] "GET /infection/molluscum-contagiosum/560/ HTTP/2.0" 200 54563 "https://www.google.co.in/" "Mozilla/5.0 (iPhone; CPU iPhone OS 13_6_1 like Mac OS X) AppleWebKit/605.1.15 (KHTML, like Gecko) Version/13.1.2 Mobile/15E148 Safari/604.1"
157.34.57.132 - - [05/Jun/2021:06:26:40 +0000] "GET /wp-content/uploads/2018/05/hempushpa-768x571.jpg HTTP/2.0" 200 67761 "https://health18.in/ch/hempushpa/1314/" "Mozilla/5.0 (Linux; Android 8.1.0; Redmi 5) AppleWebKit/537.36 (KHTML, like Gecko) Chrome/90.0.4430.210 Mobile Safari/537.36"
157.37.131.132 - - [05/Jun/2021:06:26:40 +0000] "GET /wp-content/cache/minify/f0f3c.js HTTP/2.0" 200 2345 "https://health18.in/infection/molluscum-contagiosum/560/" "Mozilla/5.0 (iPhone; CPU iPhone OS 13_6_1 like Mac OS X) AppleWebKit/605.1.15 (KHTML, like Gecko) Version/13.1.2 Mobile/15E148 Safari/604.1"
157.37.131.132 - - [05/Jun/2021:06:26:40 +0000] "GET /wp-content/cache/minify/67148.js HTTP/2.0" 200 1999 "https://health18.in/infection/molluscum-contagiosum/560/" "Mozilla/5.0 (iPhone; CPU iPhone OS 13_6_1 like Mac OS X) AppleWebKit/605.1.15 (KHTML, like Gecko) Version/13.1.2 Mobile/15E148 Safari/604.1"
157.37.131.132 - - [05/Jun/2021:06:26:40 +0000] "GET /wp-content/cache/minify/818c0.js HTTP/2.0" 200 34204 "https://health18.in/infection/molluscum-contagiosum/560/" "Mozilla/5.0 (iPhone; CPU iPhone OS 13_6_1 like Mac OS X) AppleWebKit/605.1.15 (KHTML, like Gecko) Version/13.1.2 Mobile/15E148 Safari/604.1"
157.37.131.132 - - [05/Jun/2021:06:26:40 +0000] "GET /wp-content/cache/minify/9e7c6.js HTTP/2.0" 200 2699 "https://health18.in/infection/molluscum-contagiosum/560/" "Mozilla/5.0 (iPhone; CPU iPhone OS 13_6_1 like Mac OS X) AppleWebKit/605.1.15 (KHTML, like Gecko) Version/13.1.2 Mobile/15E148 Safari/604.1"
157.37.131.132 - - [05/Jun/2021:06:26:40 +0000] "GET /wp-content/cache/minify/cac72.js HTTP/2.0" 200 4003 "https://health18.in/infection/molluscum-contagiosum/560/" "Mozilla/5.0 (iPhone; CPU iPhone OS 13_6_1 like Mac OS X) AppleWebKit/605.1.15 (KHTML, like Gecko) Version/13.1.2 Mobile/15E148 Safari/604.1"
157.37.131.132 - - [05/Jun/2021:06:26:40 +0000] "GET /wp-content/themes/nirvana/fonts/elusive.woff HTTP/2.0" 200 14737 "https://health18.in/infection/molluscum-contagiosum/560/" "Mozilla/5.0 (iPhone; CPU iPhone OS 13_6_1 like Mac OS X) AppleWebKit/605.1.15 (KHTML, like Gecko) Version/13.1.2 Mobile/15E148 Safari/604.1"
157.37.131.132 - - [05/Jun/2021:06:26:41 +0000] "GET /wp-content/themes/nirvana/fonts/opensans-bold-webfont.woff HTTP/2.0" 200 25455 "https://health18.in/infection/molluscum-contagiosum/560/" "Mozilla/5.0 (iPhone; CPU iPhone OS 13_6_1 like Mac OS X) AppleWebKit/605.1.15 (KHTML, like Gecko) Version/13.1.2 Mobile/15E148 Safari/604.1"
157.37.131.132 - - [05/Jun/2021:06:26:42 +0000] "GET /wp-content/themes/nirvana/fonts/opensans-extrabold-webfont.woff HTTP/2.0" 200 25710 "https://health18.in/infection/molluscum-contagiosum/560/" "Mozilla/5.0 (iPhone; CPU iPhone OS 13_6_1 like Mac OS X) AppleWebKit/605.1.15 (KHTML, like Gecko) Version/13.1.2 Mobile/15E148 Safari/604.1"
157.37.131.132 - - [05/Jun/2021:06:26:42 +0000] "GET /wp-content/themes/nirvana/fonts/opensans-light-webfont.woff HTTP/2.0" 200 24021 "https://health18.in/infection/molluscum-contagiosum/560/" "Mozilla/5.0 (iPhone; CPU iPhone OS 13_6_1 like Mac OS X) AppleWebKit/605.1.15 (KHTML, like Gecko) Version/13.1.2 Mobile/15E148 Safari/604.1"
66.102.6.207 - - [05/Jun/2021:06:26:42 +0000] "GET /s/intercourse/701/ HTTP/1.1" 200 50217 "https://www.google.com/" "Mozilla/5.0 (Linux; Android 4.2.1; en-us; Nexus 5 Build/JOP40D) AppleWebKit/535.19 (KHTML, like Gecko; googleweblight) Chrome/38.0.1025.166 Mobile Safari/535.19"
157.37.131.132 - - [05/Jun/2021:06:26:42 +0000] "GET /wp-content/themes/nirvana/fonts/opensans-semibold-webfont.woff HTTP/2.0" 200 24839 "https://health18.in/infection/molluscum-contagiosum/560/" "Mozilla/5.0 (iPhone; CPU iPhone OS 13_6_1 like Mac OS X) AppleWebKit/605.1.15 (KHTML, like Gecko) Version/13.1.2 Mobile/15E148 Safari/604.1"
157.37.131.132 - - [05/Jun/2021:06:26:42 +0000] "GET /wp-content/themes/nirvana/fonts/opensans-regular-webfont.woff HTTP/2.0" 200 24647 "https://health18.in/infection/molluscum-contagiosum/560/" "Mozilla/5.0 (iPhone; CPU iPhone OS 13_6_1 like Mac OS X) AppleWebKit/605.1.15 (KHTML, like Gecko) Version/13.1.2 Mobile/15E148 Safari/604.1"
66.102.6.207 - - [05/Jun/2021:06:26:43 +0000] "GET /wp-content/cache/minify/9e7c6.js HTTP/1.1" 200 2699 "https://health18.in/s/intercourse/701/" "Mozilla/5.0 (Linux; Android 4.2.1; en-us; Nexus 5 Build/JOP40D) AppleWebKit/535.19 (KHTML, like Gecko; googleweblight) Chrome/38.0.1025.166 Mobile Safari/535.19"
66.102.6.209 - - [05/Jun/2021:06:26:43 +0000] "GET /wp-content/themes/nirvana/fonts/elusive.woff HTTP/1.1" 200 14750 "https://health18.in/s/intercourse/701/" "Mozilla/5.0 (Linux; Android 4.2.1; en-us; Nexus 5 Build/JOP40D) AppleWebKit/535.19 (KHTML, like Gecko; googleweblight) Chrome/38.0.1025.166 Mobile Safari/535.19"
66.102.6.209 - - [05/Jun/2021:06:26:44 +0000] "GET /superpwa-manifest.json HTTP/1.1" 200 342 "https://health18.in/s/intercourse/701/" "Mozilla/5.0 (Linux; Android 4.2.1; en-us; Nexus 5 Build/JOP40D) AppleWebKit/535.19 (KHTML, like Gecko; googleweblight) Chrome/38.0.1025.166 Mobile Safari/535.19"
66.102.6.211 - - [05/Jun/2021:06:26:44 +0000] "GET /wp-content/cache/minify/f0f3c.js HTTP/1.1" 200 2345 "https://health18.in/s/intercourse/701/" "Mozilla/5.0 (Linux; Android 4.2.1; en-us; Nexus 5 Build/JOP40D) AppleWebKit/535.19 (KHTML, like Gecko; googleweblight) Chrome/38.0.1025.166 Mobile Safari/535.19"
66.102.6.211 - - [05/Jun/2021:06:26:44 +0000] "GET /wp-content/cache/minify/cac72.js HTTP/1.1" 200 4003 "https://health18.in/s/intercourse/701/" "Mozilla/5.0 (Linux; Android 4.2.1; en-us; Nexus 5 Build/JOP40D) AppleWebKit/535.19 (KHTML, like Gecko; googleweblight) Chrome/38.0.1025.166 Mobile Safari/535.19"
66.102.6.209 - - [05/Jun/2021:06:26:44 +0000] "GET /wp-content/cache/minify/67148.js HTTP/1.1" 200 1999 "https://health18.in/s/intercourse/701/" "Mozilla/5.0 (Linux; Android 4.2.1; en-us; Nexus 5 Build/JOP40D) AppleWebKit/535.19 (KHTML, like Gecko; googleweblight) Chrome/38.0.1025.166 Mobile Safari/535.19"
66.102.6.207 - - [05/Jun/2021:06:26:44 +0000] "GET /wp-content/cache/minify/818c0.js HTTP/1.1" 200 34204 "https://health18.in/s/intercourse/701/" "Mozilla/5.0 (Linux; Android 4.2.1; en-us; Nexus 5 Build/JOP40D) AppleWebKit/535.19 (KHTML, like Gecko; googleweblight) Chrome/38.0.1025.166 Mobile Safari/535.19"
66.102.6.209 - - [05/Jun/2021:06:26:44 +0000] "GET /wp-content/themes/nirvana/fonts/opensans-bold-webfont.woff HTTP/1.1" 200 25468 "https://health18.in/s/intercourse/701/" "Mozilla/5.0 (Linux; Android 4.2.1; en-us; Nexus 5 Build/JOP40D) AppleWebKit/535.19 (KHTML, like Gecko; googleweblight) Chrome/38.0.1025.166 Mobile Safari/535.19"
157.34.57.132 - - [05/Jun/2021:06:26:44 +0000] "GET /wp-content/uploads/2018/08/h18.jpg HTTP/2.0" 200 768 "https://health18.in/ch/hempushpa/1314/" "Mozilla/5.0 (Linux; Android 8.1.0; Redmi 5) AppleWebKit/537.36 (KHTML, like Gecko) Chrome/90.0.4430.210 Mobile Safari/537.36"
157.34.57.132 - - [05/Jun/2021:06:26:44 +0000] "GET /superpwa-sw.js HTTP/2.0" 200 1000 "https://health18.in/ch/hempushpa/1314/" "Mozilla/5.0 (Linux; Android 8.1.0; Redmi 5) AppleWebKit/537.36 (KHTML, like Gecko) Chrome/90.0.4430.210 Mobile Safari/537.36"
157.34.57.132 - - [05/Jun/2021:06:26:44 +0000] "GET /wp-content/uploads/2018/08/h18-sm.png HTTP/2.0" 200 5090 "https://health18.in/ch/hempushpa/1314/" "Mozilla/5.0 (Linux; Android 8.1.0; Redmi 5) AppleWebKit/537.36 (KHTML, like Gecko) Chrome/90.0.4430.210 Mobile Safari/537.36"
157.34.57.132 - - [05/Jun/2021:06:26:45 +0000] "GET /superpwa-sw.js HTTP/2.0" 304 0 "https://health18.in/ch/hempushpa/1314/" "Mozilla/5.0 (Linux; Android 8.1.0; Redmi 5) AppleWebKit/537.36 (KHTML, like Gecko) Chrome/90.0.4430.210 Mobile Safari/537.36"
157.34.57.132 - - [05/Jun/2021:06:26:45 +0000] "GET / HTTP/2.0" 200 48210 "https://health18.in/superpwa-sw.js" "Mozilla/5.0 (Linux; Android 8.1.0; Redmi 5) AppleWebKit/537.36 (KHTML, like Gecko) Chrome/90.0.4430.210 Mobile Safari/537.36"
206.189.143.98 - - [05/Jun/2021:06:26:45 +0000] "POST /wp-cron.php?doing_wp_cron=1622874405.2403459548950195312500 HTTP/1.1" 200 31 "https://www.bimbima.com/wp-cron.php?doing_wp_cron=1622874405.2403459548950195312500" "WordPress/5.7.2; https://www.bimbima.com"
157.34.57.132 - - [05/Jun/2021:06:26:45 +0000] "GET / HTTP/2.0" 304 0 "https://health18.in/superpwa-sw.js" "Mozilla/5.0 (Linux; Android 8.1.0; Redmi 5) AppleWebKit/537.36 (KHTML, like Gecko) Chrome/90.0.4430.210 Mobile Safari/537.36"
157.37.131.132 - - [05/Jun/2021:06:26:45 +0000] "GET /superpwa-sw.js HTTP/2.0" 200 1000 "https://health18.in/infection/molluscum-contagiosum/560/" "Mozilla/5.0 (iPhone; CPU iPhone OS 13_6_1 like Mac OS X) AppleWebKit/605.1.15 (KHTML, like Gecko) Version/13.1.2 Mobile/15E148 Safari/604.1"
201.140.239.248 - - [05/Jun/2021:06:26:45 +0000] "POST /xmlrpc.php HTTP/1.1" 403 415 "-" "Mozilla/4.0 (compatible; MSIE 6.0; Windows NT 5.0)"
157.37.131.132 - - [05/Jun/2021:06:26:45 +0000] "GET /superpwa-sw.js HTTP/2.0" 304 0 "https://health18.in/infection/molluscum-contagiosum/560/" "Mozilla/5.0 (iPhone; CPU iPhone OS 13_6_1 like Mac OS X) AppleWebKit/605.1.15 (KHTML, like Gecko) Version/13.1.2 Mobile/15E148 Safari/604.1"
157.37.131.132 - - [05/Jun/2021:06:26:45 +0000] "GET / HTTP/2.0" 200 48210 "https://health18.in/superpwa-sw.js" "Mozilla/5.0 (iPhone; CPU iPhone OS 13_6_1 like Mac OS X) AppleWebKit/605.1.15 (KHTML, like Gecko) Version/13.1.2 Mobile/15E148 Safari/604.1"
157.37.131.132 - - [05/Jun/2021:06:26:45 +0000] "GET / HTTP/2.0" 200 48210 "https://health18.in/superpwa-sw.js" "Mozilla/5.0 (iPhone; CPU iPhone OS 13_6_1 like Mac OS X) AppleWebKit/605.1.15 (KHTML, like Gecko) Version/13.1.2 Mobile/15E148 Safari/604.1"
157.37.131.132 - - [05/Jun/2021:06:26:46 +0000] "GET /wp-content/uploads/2018/08/h18.jpg HTTP/2.0" 200 768 "https://health18.in/infection/molluscum-contagiosum/560/" "Mozilla/5.0 (iPhone; CPU iPhone OS 13_6_1 like Mac OS X) AppleWebKit/605.1.15 (KHTML, like Gecko) Version/13.1.2 Mobile/15E148 Safari/604.1"
66.102.6.211 - - [05/Jun/2021:06:26:46 +0000] "GET /wp-content/themes/nirvana/fonts/opensans-regular-webfont.woff HTTP/1.1" 200 24660 "https://health18.in/s/intercourse/701/" "Mozilla/5.0 (Linux; Android 4.2.1; en-us; Nexus 5 Build/JOP40D) AppleWebKit/535.19 (KHTML, like Gecko; googleweblight) Chrome/38.0.1025.166 Mobile Safari/535.19"
66.102.6.211 - - [05/Jun/2021:06:26:46 +0000] "GET /wp-content/themes/nirvana/fonts/opensans-light-webfont.woff HTTP/1.1" 200 24034 "https://health18.in/s/intercourse/701/" "Mozilla/5.0 (Linux; Android 4.2.1; en-us; Nexus 5 Build/JOP40D) AppleWebKit/535.19 (KHTML, like Gecko; googleweblight) Chrome/38.0.1025.166 Mobile Safari/535.19"
66.102.6.207 - - [05/Jun/2021:06:26:47 +0000] "GET /wp-content/uploads/2017/08/i-pill-72-250x150.jpg HTTP/1.1" 200 2935 "https://health18.in/s/intercourse/701/" "Mozilla/5.0 (Linux; Android 4.2.1; en-us; Nexus 5 Build/JOP40D) AppleWebKit/535.19 (KHTML, like Gecko; googleweblight) Chrome/38.0.1025.166 Mobile Safari/535.19"
105.196.91.71 - - [05/Jun/2021:06:26:47 +0000] "POST /wp-login.php HTTP/1.1" 200 2444 "-" "Mozilla/5.0 (Windows NT 6.1; rv:60.0) Gecko/20100101 Firefox/60.0"
201.140.239.248 - - [05/Jun/2021:06:26:47 +0000] "POST /wp-login.php HTTP/1.1" 200 8953 "-" "Mozilla/4.0 (compatible; MSIE 6.0; Windows NT 5.0)"
66.102.6.209 - - [05/Jun/2021:06:26:47 +0000] "GET /wp-content/uploads/2017/10/scabies-250x150.jpg HTTP/1.1" 200 6085 "https://health18.in/s/intercourse/701/" "Mozilla/5.0 (Linux; Android 4.2.1; en-us; Nexus 5 Build/JOP40D) AppleWebKit/535.19 (KHTML, like Gecko; googleweblight) Chrome/38.0.1025.166 Mobile Safari/535.19"
47.15.239.210 - - [05/Jun/2021:06:26:49 +0000] "GET /health-info/shock-body/1903/ HTTP/2.0" 200 50932 "https://www.google.com/" "Mozilla/5.0 (Linux; Android 10; Redmi Note 9 Pro) AppleWebKit/537.36 (KHTML, like Gecko) Chrome/90.0.4430.82 Mobile Safari/537.36"
139.167.181.159 - - [05/Jun/2021:06:26:49 +0000] "GET /superpwa-sw.js HTTP/2.0" 200 1000 "https://www.bimbim.in/medicine/veerya-paushtik-churna/2866" "Mozilla/5.0 (Linux; Android 10; V2029) AppleWebKit/537.36 (KHTML, like Gecko) Chrome/80.0.3987.99 Mobile Safari/537.36"
139.167.181.159 - - [05/Jun/2021:06:26:49 +0000] "GET /wp-content/uploads/2018/08/bimbim2.jpg HTTP/2.0" 200 731 "https://www.bimbim.in/medicine/veerya-paushtik-churna/2866" "Mozilla/5.0 (Linux; Android 10; V2029) AppleWebKit/537.36 (KHTML, like Gecko) Chrome/80.0.3987.99 Mobile Safari/537.36"
139.167.181.159 - - [05/Jun/2021:06:26:49 +0000] "GET /wp-content/uploads/2018/08/bimbim2.png HTTP/2.0" 200 45678 "https://www.bimbim.in/medicine/veerya-paushtik-churna/2866" "Mozilla/5.0 (Linux; Android 10; V2029) AppleWebKit/537.36 (KHTML, like Gecko) Chrome/80.0.3987.99 Mobile Safari/537.36"
139.167.181.159 - - [05/Jun/2021:06:26:49 +0000] "GET / HTTP/2.0" 200 57792 "https://www.bimbim.in/superpwa-sw.js" "Mozilla/5.0 (Linux; Android 10; V2029) AppleWebKit/537.36 (KHTML, like Gecko) Chrome/80.0.3987.99 Mobile Safari/537.36"
139.167.181.159 - - [05/Jun/2021:06:26:49 +0000] "GET /superpwa-sw.js HTTP/2.0" 304 0 "https://www.bimbim.in/medicine/veerya-paushtik-churna/2866" "Mozilla/5.0 (Linux; Android 10; V2029) AppleWebKit/537.36 (KHTML, like Gecko) Chrome/80.0.3987.99 Mobile Safari/537.36"
47.15.239.210 - - [05/Jun/2021:06:26:50 +0000] "GET /superpwa-manifest.json HTTP/2.0" 200 330 "https://health18.in/health-info/shock-body/1903/" "Mozilla/5.0 (Linux; Android 10; Redmi Note 9 Pro) AppleWebKit/537.36 (KHTML, like Gecko) Chrome/90.0.4430.82 Mobile Safari/537.36"
47.15.239.210 - - [05/Jun/2021:06:26:50 +0000] "GET /wp-content/themes/nirvana/fonts/elusive.woff HTTP/2.0" 200 14737 "https://health18.in/health-info/shock-body/1903/" "Mozilla/5.0 (Linux; Android 10; Redmi Note 9 Pro) AppleWebKit/537.36 (KHTML, like Gecko) Chrome/90.0.4430.82 Mobile Safari/537.36"
47.15.239.210 - - [05/Jun/2021:06:26:50 +0000] "GET /wp-content/cache/minify/f0f3c.js HTTP/2.0" 200 2345 "https://health18.in/health-info/shock-body/1903/" "Mozilla/5.0 (Linux; Android 10; Redmi Note 9 Pro) AppleWebKit/537.36 (KHTML, like Gecko) Chrome/90.0.4430.82 Mobile Safari/537.36"
47.15.239.210 - - [05/Jun/2021:06:26:50 +0000] "GET /wp-content/cache/minify/67148.js HTTP/2.0" 200 1999 "https://health18.in/health-info/shock-body/1903/" "Mozilla/5.0 (Linux; Android 10; Redmi Note 9 Pro) AppleWebKit/537.36 (KHTML, like Gecko) Chrome/90.0.4430.82 Mobile Safari/537.36"
47.15.239.210 - - [05/Jun/2021:06:26:50 +0000] "GET /wp-content/cache/minify/818c0.js HTTP/2.0" 200 34204 "https://health18.in/health-info/shock-body/1903/" "Mozilla/5.0 (Linux; Android 10; Redmi Note 9 Pro) AppleWebKit/537.36 (KHTML, like Gecko) Chrome/90.0.4430.82 Mobile Safari/537.36"
47.15.239.210 - - [05/Jun/2021:06:26:50 +0000] "GET /wp-content/cache/minify/9e7c6.js HTTP/2.0" 200 2699 "https://health18.in/health-info/shock-body/1903/" "Mozilla/5.0 (Linux; Android 10; Redmi Note 9 Pro) AppleWebKit/537.36 (KHTML, like Gecko) Chrome/90.0.4430.82 Mobile Safari/537.36"
47.15.239.210 - - [05/Jun/2021:06:26:50 +0000] "GET /wp-content/cache/minify/cac72.js HTTP/2.0" 200 4003 "https://health18.in/health-info/shock-body/1903/" "Mozilla/5.0 (Linux; Android 10; Redmi Note 9 Pro) AppleWebKit/537.36 (KHTML, like Gecko) Chrome/90.0.4430.82 Mobile Safari/537.36"
66.249.68.24 - - [05/Jun/2021:06:26:51 +0000] "GET /ayurveda/medicinal-plant-gudmargymnema-details/276/?amp HTTP/1.1" 200 18759 "-" "Mozilla/5.0 (Linux; Android 6.0.1; Nexus 5X Build/MMB29P) AppleWebKit/537.36 (KHTML, like Gecko) Chrome/90.0.4430.97 Mobile Safari/537.36 (compatible; Googlebot/2.1; +http://www.google.com/bot.html)"
139.167.181.159 - - [05/Jun/2021:06:26:51 +0000] "GET / HTTP/2.0" 304 0 "https://www.bimbim.in/superpwa-sw.js" "Mozilla/5.0 (Linux; Android 10; V2029) AppleWebKit/537.36 (KHTML, like Gecko) Chrome/80.0.3987.99 Mobile Safari/537.36"
47.15.239.210 - - [05/Jun/2021:06:26:51 +0000] "GET /wp-content/themes/nirvana/fonts/opensans-bold-webfont.woff HTTP/2.0" 200 25455 "https://health18.in/health-info/shock-body/1903/" "Mozilla/5.0 (Linux; Android 10; Redmi Note 9 Pro) AppleWebKit/537.36 (KHTML, like Gecko) Chrome/90.0.4430.82 Mobile Safari/537.36"
47.15.239.210 - - [05/Jun/2021:06:26:52 +0000] "GET /wp-content/themes/nirvana/fonts/opensans-light-webfont.woff HTTP/2.0" 200 24021 "https://health18.in/health-info/shock-body/1903/" "Mozilla/5.0 (Linux; Android 10; Redmi Note 9 Pro) AppleWebKit/537.36 (KHTML, like Gecko) Chrome/90.0.4430.82 Mobile Safari/537.36"
66.249.68.24 - - [05/Jun/2021:06:26:52 +0000] "GET /ayurveda/health-benefits-of-bathua-chenopodium-album/335/?amp HTTP/1.1" 200 18152 "-" "Mozilla/5.0 (Linux; Android 6.0.1; Nexus 5X Build/MMB29P) AppleWebKit/537.36 (KHTML, like Gecko) Chrome/90.0.4430.97 Mobile Safari/537.36 (compatible; Googlebot/2.1; +http://www.google.com/bot.html)"
116.75.247.46 - - [05/Jun/2021:06:26:53 +0000] "GET /medicine/charak-addyzoa-capsule/2335 HTTP/2.0" 200 68022 "https://www.google.com/" "Mozilla/5.0 (Linux; Android 7.0; Redmi Note 4) AppleWebKit/537.36 (KHTML, like Gecko) Chrome/90.0.4430.91 Mobile Safari/537.36"
116.75.247.46 - - [05/Jun/2021:06:26:53 +0000] "GET /wp-content/cache/minify/73395.js HTTP/2.0" 200 36647 "https://www.bimbim.in/medicine/charak-addyzoa-capsule/2335" "Mozilla/5.0 (Linux; Android 7.0; Redmi Note 4) AppleWebKit/537.36 (KHTML, like Gecko) Chrome/90.0.4430.91 Mobile Safari/537.36"
116.75.247.46 - - [05/Jun/2021:06:26:53 +0000] "GET /wp-content/cache/minify/7d482.js HTTP/2.0" 200 239 "https://www.bimbim.in/medicine/charak-addyzoa-capsule/2335" "Mozilla/5.0 (Linux; Android 7.0; Redmi Note 4) AppleWebKit/537.36 (KHTML, like Gecko) Chrome/90.0.4430.91 Mobile Safari/537.36"
116.75.247.46 - - [05/Jun/2021:06:26:53 +0000] "GET /wp-content/cache/minify/67148.js HTTP/2.0" 200 1999 "https://www.bimbim.in/medicine/charak-addyzoa-capsule/2335" "Mozilla/5.0 (Linux; Android 7.0; Redmi Note 4) AppleWebKit/537.36 (KHTML, like Gecko) Chrome/90.0.4430.91 Mobile Safari/537.36"
116.75.247.46 - - [05/Jun/2021:06:26:53 +0000] "GET /superpwa-manifest.json HTTP/2.0" 200 349 "https://www.bimbim.in/medicine/charak-addyzoa-capsule/2335" "Mozilla/5.0 (Linux; Android 7.0; Redmi Note 4) AppleWebKit/537.36 (KHTML, like Gecko) Chrome/90.0.4430.91 Mobile Safari/537.36"
116.75.247.46 - - [05/Jun/2021:06:26:53 +0000] "GET /wp-content/cache/minify/54359.js HTTP/2.0" 200 4910 "https://www.bimbim.in/medicine/charak-addyzoa-capsule/2335" "Mozilla/5.0 (Linux; Android 7.0; Redmi Note 4) AppleWebKit/537.36 (KHTML, like Gecko) Chrome/90.0.4430.91 Mobile Safari/537.36"
116.75.247.46 - - [05/Jun/2021:06:26:53 +0000] "GET /wp-content/cache/minify/9e7c6.js HTTP/2.0" 200 2699 "https://www.bimbim.in/medicine/charak-addyzoa-capsule/2335" "Mozilla/5.0 (Linux; Android 7.0; Redmi Note 4) AppleWebKit/537.36 (KHTML, like Gecko) Chrome/90.0.4430.91 Mobile Safari/537.36"
66.249.68.24 - - [05/Jun/2021:06:26:54 +0000] "GET /ayurveda/natural-home-remedies-of-apple/789/?amp HTTP/1.1" 200 21521 "-" "Mozilla/5.0 (Linux; Android 6.0.1; Nexus 5X Build/MMB29P) AppleWebKit/537.36 (KHTML, like Gecko) Chrome/90.0.4430.97 Mobile Safari/537.36 (compatible; Googlebot/2.1; +http://www.google.com/bot.html)"
47.15.239.210 - - [05/Jun/2021:06:26:54 +0000] "GET /superpwa-sw.js HTTP/2.0" 200 1000 "https://health18.in/health-info/shock-body/1903/" "Mozilla/5.0 (Linux; Android 10; Redmi Note 9 Pro) AppleWebKit/537.36 (KHTML, like Gecko) Chrome/90.0.4430.82 Mobile Safari/537.36"
47.15.239.210 - - [05/Jun/2021:06:26:54 +0000] "GET /wp-content/uploads/2018/08/h18.jpg HTTP/2.0" 200 768 "https://health18.in/health-info/shock-body/1903/" "Mozilla/5.0 (Linux; Android 10; Redmi Note 9 Pro) AppleWebKit/537.36 (KHTML, like Gecko) Chrome/90.0.4430.82 Mobile Safari/537.36"
47.15.239.210 - - [05/Jun/2021:06:26:54 +0000] "GET /wp-content/uploads/2018/08/h18-sm.png HTTP/2.0" 200 5090 "https://health18.in/health-info/shock-body/1903/" "Mozilla/5.0 (Linux; Android 10; Redmi Note 9 Pro) AppleWebKit/537.36 (KHTML, like Gecko) Chrome/90.0.4430.82 Mobile Safari/537.36"
47.15.239.210 - - [05/Jun/2021:06:26:54 +0000] "GET / HTTP/2.0" 200 48210 "https://health18.in/superpwa-sw.js" "Mozilla/5.0 (Linux; Android 10; Redmi Note 9 Pro) AppleWebKit/537.36 (KHTML, like Gecko) Chrome/90.0.4430.82 Mobile Safari/537.36"
47.15.239.210 - - [05/Jun/2021:06:26:54 +0000] "GET /superpwa-sw.js HTTP/2.0" 304 0 "https://health18.in/health-info/shock-body/1903/" "Mozilla/5.0 (Linux; Android 10; Redmi Note 9 Pro) AppleWebKit/537.36 (KHTML, like Gecko) Chrome/90.0.4430.82 Mobile Safari/537.36"
47.15.239.210 - - [05/Jun/2021:06:26:54 +0000] "GET / HTTP/2.0" 304 0 "https://health18.in/superpwa-sw.js" "Mozilla/5.0 (Linux; Android 10; Redmi Note 9 Pro) AppleWebKit/537.36 (KHTML, like Gecko) Chrome/90.0.4430.82 Mobile Safari/537.36"
66.249.68.24 - - [05/Jun/2021:06:26:55 +0000] "GET /ayurveda/vatari-churna-for-rheumatoid-arthritis/1379/?amp HTTP/1.1" 200 17349 "-" "Mozilla/5.0 (Linux; Android 6.0.1; Nexus 5X Build/MMB29P) AppleWebKit/537.36 (KHTML, like Gecko) Chrome/90.0.4430.97 Mobile Safari/537.36 (compatible; Googlebot/2.1; +http://www.google.com/bot.html)"
120.59.29.110 - - [05/Jun/2021:06:26:56 +0000] "POST /xmlrpc.php HTTP/1.1" 403 415 "-" "Mozilla/4.0 (compatible; MSIE 6.0; Windows NT 5.0)"
66.249.68.24 - - [05/Jun/2021:06:26:56 +0000] "GET /wp-content/uploads/2014/04/apple-768x437.jpg HTTP/1.1" 304 0 "-" "Googlebot-Image/1.0"
120.59.29.110 - - [05/Jun/2021:06:26:56 +0000] "POST /wp-login.php HTTP/1.1" 200 8953 "-" "Mozilla/4.0 (compatible; MSIE 6.0; Windows NT 5.0)"
169.149.201.36 - - [05/Jun/2021:06:26:58 +0000] "GET /wp-content/uploads/2014/07/banyan-tree.jpg HTTP/2.0" 200 46010 "-" "com.google.android.apps.searchlite/173804 (Linux; U; Android 10; hi_IN; TECNO KE5; Build/QP1A.190711.020; Cronet/90.0.4430.82)"
173.231.59.199 - - [05/Jun/2021:06:26:58 +0000] "GET /ayurveda/kalyanaka-guda-for-female-infertility/698/ HTTP/1.1" 200 31199 "https://www.bimbima.com/" "Mozilla/5.0 (compatible; Adsbot/3.1; +https://seostar.co/robot/)"
34.141.202.186 - - [05/Jun/2021:06:26:58 +0000] "GET / HTTP/1.1" 301 194 "-" "newspaper/0.2.8"
66.249.68.24 - - [05/Jun/2021:06:26:59 +0000] "GET /reviews/gas-o-fast/3787/?amp HTTP/1.1" 200 17412 "-" "Mozilla/5.0 (Linux; Android 6.0.1; Nexus 5X Build/MMB29P) AppleWebKit/537.36 (KHTML, like Gecko) Chrome/90.0.4430.97 Mobile Safari/537.36 (compatible; Googlebot/2.1; +http://www.google.com/bot.html)"
34.141.202.186 - - [05/Jun/2021:06:26:59 +0000] "GET / HTTP/1.1" 301 31 "-" "newspaper/0.2.8"
95.165.212.146 - - [05/Jun/2021:06:27:00 +0000] "POST /wp-login.php HTTP/1.1" 200 2443 "-" "Mozilla/5.0 (Macintosh; Intel Mac OS X 10_13_6) AppleWebKit/605.1.15 (KHTML, like Gecko) Version/12.1.1 Safari/605.1.15"
116.75.247.46 - - [05/Jun/2021:06:27:00 +0000] "GET /superpwa-sw.js HTTP/2.0" 200 1000 "https://www.bimbim.in/medicine/charak-addyzoa-capsule/2335" "Mozilla/5.0 (Linux; Android 7.0; Redmi Note 4) AppleWebKit/537.36 (KHTML, like Gecko) Chrome/90.0.4430.91 Mobile Safari/537.36"
116.75.247.46 - - [05/Jun/2021:06:27:00 +0000] "GET /wp-content/uploads/2018/08/bimbim2.jpg HTTP/2.0" 200 731 "https://www.bimbim.in/medicine/charak-addyzoa-capsule/2335" "Mozilla/5.0 (Linux; Android 7.0; Redmi Note 4) AppleWebKit/537.36 (KHTML, like Gecko) Chrome/90.0.4430.91 Mobile Safari/537.36"
116.75.247.46 - - [05/Jun/2021:06:27:00 +0000] "GET /wp-content/uploads/2018/08/bimbim2.png HTTP/2.0" 200 45678 "https://www.bimbim.in/medicine/charak-addyzoa-capsule/2335" "Mozilla/5.0 (Linux; Android 7.0; Redmi Note 4) AppleWebKit/537.36 (KHTML, like Gecko) Chrome/90.0.4430.91 Mobile Safari/537.36"
116.75.247.46 - - [05/Jun/2021:06:27:00 +0000] "GET / HTTP/2.0" 200 57792 "https://www.bimbim.in/superpwa-sw.js" "Mozilla/5.0 (Linux; Android 7.0; Redmi Note 4) AppleWebKit/537.36 (KHTML, like Gecko) Chrome/90.0.4430.91 Mobile Safari/537.36"
116.75.247.46 - - [05/Jun/2021:06:27:00 +0000] "GET /superpwa-sw.js HTTP/2.0" 304 0 "https://www.bimbim.in/medicine/charak-addyzoa-capsule/2335" "Mozilla/5.0 (Linux; Android 7.0; Redmi Note 4) AppleWebKit/537.36 (KHTML, like Gecko) Chrome/90.0.4430.91 Mobile Safari/537.36"
116.75.247.46 - - [05/Jun/2021:06:27:00 +0000] "GET / HTTP/2.0" 304 0 "https://www.bimbim.in/superpwa-sw.js" "Mozilla/5.0 (Linux; Android 7.0; Redmi Note 4) AppleWebKit/537.36 (KHTML, like Gecko) Chrome/90.0.4430.91 Mobile Safari/537.36"
34.141.202.186 - - [05/Jun/2021:06:27:00 +0000] "GET / HTTP/1.1" 200 57845 "-" "newspaper/0.2.8"
34.141.202.186 - - [05/Jun/2021:06:27:01 +0000] "GET / HTTP/1.1" 301 194 "-" "newspaper/0.2.8"
34.141.202.186 - - [05/Jun/2021:06:27:01 +0000] "GET / HTTP/1.1" 200 57868 "-" "newspaper/0.2.8"
34.141.202.186 - - [05/Jun/2021:06:27:02 +0000] "GET / HTTP/1.1" 301 31 "-" "newspaper/0.2.8"
49.34.147.115 - - [05/Jun/2021:06:27:02 +0000] "GET /wp-content/uploads/2017/12/food-craving-250x150.jpg HTTP/2.0" 200 19981 "https://health18.in/symptoms/%E0%A4%B8%E0%A5%8D%E0%A4%A4%E0%A4%A8-%E0%A4%AC%E0%A5%8D%E0%A4%B0%E0%A5%87%E0%A4%B8%E0%A5%8D%E0%A4%9F-%E0%A4%B8%E0%A5%87-%E0%A4%AA%E0%A4%BE%E0%A4%A8%E0%A5%80-%E0%A4%86%E0%A4%A8%E0%A4%BE-%E0%A4%95/1283/" "Mozilla/5.0 (Linux; Android 11; SM-M515F) AppleWebKit/537.36 (KHTML, like Gecko) Chrome/87.0.4280.101 Mobile Safari/537.36"
49.34.147.115 - - [05/Jun/2021:06:27:02 +0000] "GET /wp-content/uploads/2017/09/insulin-pen-250x150.jpg HTTP/2.0" 200 6104 "https://health18.in/symptoms/%E0%A4%B8%E0%A5%8D%E0%A4%A4%E0%A4%A8-%E0%A4%AC%E0%A5%8D%E0%A4%B0%E0%A5%87%E0%A4%B8%E0%A5%8D%E0%A4%9F-%E0%A4%B8%E0%A5%87-%E0%A4%AA%E0%A4%BE%E0%A4%A8%E0%A5%80-%E0%A4%86%E0%A4%A8%E0%A4%BE-%E0%A4%95/1283/" "Mozilla/5.0 (Linux; Android 11; SM-M515F) AppleWebKit/537.36 (KHTML, like Gecko) Chrome/87.0.4280.101 Mobile Safari/537.36"
34.141.202.186 - - [05/Jun/2021:06:27:03 +0000] "GET / HTTP/1.1" 200 57845 "-" "newspaper/0.2.8"
34.141.202.186 - - [05/Jun/2021:06:27:03 +0000] "GET /rss HTTP/1.1" 301 194 "-" "newspaper/0.2.8"
34.141.202.186 - - [05/Jun/2021:06:27:03 +0000] "GET /feeds HTTP/1.1" 301 194 "-" "newspaper/0.2.8"
34.141.202.186 - - [05/Jun/2021:06:27:03 +0000] "GET /feed HTTP/1.1" 301 194 "-" "newspaper/0.2.8"
107.167.122.22 - - [05/Jun/2021:06:27:03 +0000] "GET / HTTP/1.1" 200 32289 "-" "Mozilla/5.0 (Linux; U; Android 1.5; en-us; T-Mobile G1 Build/CRB43) AppleWebKit/528.5  (KHTML, like Gecko) Version/3.1.2 Mobile Safari 525.20.1"
