40.77.189.31 - - [05/Jun/2021:06:31:32 +0000] "GET /superpwa-sw.js HTTP/2.0" 200 1004 "https://www.code4copy.com/csharp/validate-email-using-regular-expression-in-c/" "Mozilla/5.0 (Windows NT 6.3; Win64; x64) AppleWebKit/537.36 (KHTML, like Gecko) HeadlessChrome/87.0.4280.141 Safari/537.36 Edg/87.0.664.75"
40.77.189.31 - - [05/Jun/2021:06:31:32 +0000] "GET /superpwa-sw.js HTTP/2.0" 304 0 "https://www.code4copy.com/csharp/validate-email-using-regular-expression-in-c/" "Mozilla/5.0 (Windows NT 6.3; Win64; x64) AppleWebKit/537.36 (KHTML, like Gecko) HeadlessChrome/87.0.4280.141 Safari/537.36 Edg/87.0.664.75"
40.77.189.31 - - [05/Jun/2021:06:31:32 +0000] "GET / HTTP/2.0" 200 37792 "https://www.code4copy.com/superpwa-sw.js" "Mozilla/5.0 (Windows NT 6.3; Win64; x64) AppleWebKit/537.36 (KHTML, like Gecko) HeadlessChrome/87.0.4280.141 Safari/537.36 Edg/87.0.664.75"
66.249.68.24 - - [05/Jun/2021:06:31:33 +0000] "GET /ayurveda/mugli-ghutti-555/722/?amp HTTP/1.1" 200 14446 "-" "Mozilla/5.0 (Linux; Android 6.0.1; Nexus 5X Build/MMB29P) AppleWebKit/537.36 (KHTML, like Gecko) Chrome/90.0.4430.97 Mobile Safari/537.36 (compatible; Googlebot/2.1; +http://www.google.com/bot.html)"
103.92.42.88 - - [05/Jun/2021:06:31:33 +0000] "GET /wp-content/uploads/2018/08/h18.jpg HTTP/2.0" 200 768 "https://health18.in/d/mpv-blood-test/1759/" "Mozilla/5.0 (Linux; Android 8.0.0; SAMSUNG SM-G930F) AppleWebKit/537.36 (KHTML, like Gecko) SamsungBrowser/14.0 Chrome/87.0.4280.141 Mobile Safari/537.36"
103.92.42.88 - - [05/Jun/2021:06:31:33 +0000] "GET /superpwa-sw.js HTTP/2.0" 200 1000 "https://health18.in/d/mpv-blood-test/1759/" "Mozilla/5.0 (Linux; Android 8.0.0; SAMSUNG SM-G930F) AppleWebKit/537.36 (KHTML, like Gecko) SamsungBrowser/14.0 Chrome/87.0.4280.141 Mobile Safari/537.36"
186.220.177.14 - - [05/Jun/2021:06:31:33 +0000] "POST /xmlrpc.php HTTP/1.1" 403 415 "-" "Mozilla/4.0 (compatible; MSIE 6.0; Windows NT 5.0)"
103.92.42.88 - - [05/Jun/2021:06:31:34 +0000] "GET / HTTP/2.0" 200 48210 "https://health18.in/superpwa-sw.js" "Mozilla/5.0 (Linux; Android 8.0.0; SAMSUNG SM-G930F) AppleWebKit/537.36 (KHTML, like Gecko) SamsungBrowser/14.0 Chrome/87.0.4280.141 Mobile Safari/537.36"
103.92.42.88 - - [05/Jun/2021:06:31:34 +0000] "GET /superpwa-sw.js HTTP/2.0" 304 0 "https://health18.in/d/mpv-blood-test/1759/" "Mozilla/5.0 (Linux; Android 8.0.0; SAMSUNG SM-G930F) AppleWebKit/537.36 (KHTML, like Gecko) SamsungBrowser/14.0 Chrome/87.0.4280.141 Mobile Safari/537.36"
103.92.42.88 - - [05/Jun/2021:06:31:34 +0000] "GET / HTTP/2.0" 304 0 "https://health18.in/superpwa-sw.js" "Mozilla/5.0 (Linux; Android 8.0.0; SAMSUNG SM-G930F) AppleWebKit/537.36 (KHTML, like Gecko) SamsungBrowser/14.0 Chrome/87.0.4280.141 Mobile Safari/537.36"
66.249.68.24 - - [05/Jun/2021:06:31:34 +0000] "GET /ayurveda/ajwain-ark-for-indigestion-and-gas/1458/?amp HTTP/1.1" 200 13933 "-" "Mozilla/5.0 (Linux; Android 6.0.1; Nexus 5X Build/MMB29P) AppleWebKit/537.36 (KHTML, like Gecko) Chrome/90.0.4430.97 Mobile Safari/537.36 (compatible; Googlebot/2.1; +http://www.google.com/bot.html)"
202.142.86.72 - - [05/Jun/2021:06:31:35 +0000] "GET /wp-content/uploads/2018/09/mandoor-150x150.jpg HTTP/2.0" 200 7919 "https://ayurhindi.in/lauha-bhasma/" "Mozilla/5.0 (Linux; Android 10; RMX1992) AppleWebKit/537.36 (KHTML, like Gecko) Chrome/91.0.4472.88 Mobile Safari/537.36"
186.220.177.14 - - [05/Jun/2021:06:31:35 +0000] "POST /wp-login.php HTTP/1.1" 200 8970 "-" "Mozilla/4.0 (compatible; MSIE 6.0; Windows NT 5.0)"
106.204.225.206 - - [05/Jun/2021:06:31:36 +0000] "GET /wp-content/uploads/2018/09/bronze-powder-150x150.jpg HTTP/2.0" 200 5186 "https://ayurhindi.in/godanti-bhasma/" "Mozilla/5.0 (Linux; Android 8.1.0; Redmi 5A) AppleWebKit/537.36 (KHTML, like Gecko) Chrome/87.0.4280.101 Mobile Safari/537.36"
66.249.79.23 - - [05/Jun/2021:06:31:36 +0000] "GET /medicine/kamini-vidrawan-ras/3146 HTTP/1.1" 200 63471 "-" "Mozilla/5.0 (Linux; Android 6.0.1; Nexus 5X Build/MMB29P) AppleWebKit/537.36 (KHTML, like Gecko) Chrome/90.0.4430.97 Mobile Safari/537.36 (compatible; Googlebot/2.1; +http://www.google.com/bot.html)"
103.92.42.88 - - [05/Jun/2021:06:31:36 +0000] "GET /wp-content/uploads/2018/08/brca-test.jpg HTTP/2.0" 200 38296 "https://health18.in/d/mpv-blood-test/1759/" "Mozilla/5.0 (Linux; Android 8.0.0; SAMSUNG SM-G930F) AppleWebKit/537.36 (KHTML, like Gecko) SamsungBrowser/14.0 Chrome/87.0.4280.141 Mobile Safari/537.36"
66.249.79.209 - - [05/Jun/2021:06:31:39 +0000] "GET /wp-content/uploads/2018/04/vomiting-blood-150x150.jpg HTTP/1.1" 200 7115 "-" "Googlebot-Image/1.0"
202.142.86.72 - - [05/Jun/2021:06:31:39 +0000] "GET /wp-content/uploads/2018/09/lead-powder-150x150.jpg HTTP/2.0" 200 4622 "https://ayurhindi.in/lauha-bhasma/" "Mozilla/5.0 (Linux; Android 10; RMX1992) AppleWebKit/537.36 (KHTML, like Gecko) Chrome/91.0.4472.88 Mobile Safari/537.36"
114.119.128.179 - - [05/Jun/2021:06:31:40 +0000] "GET /page/80/?ref=xranks HTTP/1.1" 200 48257 "-" "Mozilla/5.0 (Linux; Android 7.0;) AppleWebKit/537.36 (KHTML, like Gecko) Mobile Safari/537.36 (compatible; PetalBot;+https://webmaster.petalsearch.com/site/petalbot)"
202.142.86.72 - - [05/Jun/2021:06:31:40 +0000] "GET /wp-content/uploads/2018/07/chandraprabha-vati-150x150.jpg HTTP/2.0" 200 2840 "https://ayurhindi.in/lauha-bhasma/" "Mozilla/5.0 (Linux; Android 10; RMX1992) AppleWebKit/537.36 (KHTML, like Gecko) Chrome/91.0.4472.88 Mobile Safari/537.36"
202.142.86.72 - - [05/Jun/2021:06:31:40 +0000] "GET /wp-content/uploads/2018/09/bronze-powder-150x150.jpg HTTP/2.0" 200 5186 "https://ayurhindi.in/lauha-bhasma/" "Mozilla/5.0 (Linux; Android 10; RMX1992) AppleWebKit/537.36 (KHTML, like Gecko) Chrome/91.0.4472.88 Mobile Safari/537.36"
157.34.198.181 - - [05/Jun/2021:06:31:40 +0000] "GET /medicine/chaturmukh-ras/3549 HTTP/2.0" 200 60149 "https://www.google.com/" "Mozilla/5.0 (Linux; Android 10; CPH2179) AppleWebKit/537.36 (KHTML, like Gecko) Chrome/83.0.4103.106 Mobile Safari/537.36"
202.142.86.72 - - [05/Jun/2021:06:31:40 +0000] "GET /wp-content/uploads/2018/09/ayurvedic-medicines-150x150.jpg HTTP/2.0" 200 7722 "https://ayurhindi.in/lauha-bhasma/" "Mozilla/5.0 (Linux; Android 10; RMX1992) AppleWebKit/537.36 (KHTML, like Gecko) Chrome/91.0.4472.88 Mobile Safari/537.36"
157.34.198.181 - - [05/Jun/2021:06:31:40 +0000] "GET /wp-content/cache/minify/73395.js HTTP/2.0" 200 36647 "https://www.bimbim.in/medicine/chaturmukh-ras/3549" "Mozilla/5.0 (Linux; Android 10; CPH2179) AppleWebKit/537.36 (KHTML, like Gecko) Chrome/83.0.4103.106 Mobile Safari/537.36"
157.34.198.181 - - [05/Jun/2021:06:31:40 +0000] "GET /wp-content/cache/minify/7d482.js HTTP/2.0" 200 239 "https://www.bimbim.in/medicine/chaturmukh-ras/3549" "Mozilla/5.0 (Linux; Android 10; CPH2179) AppleWebKit/537.36 (KHTML, like Gecko) Chrome/83.0.4103.106 Mobile Safari/537.36"
157.34.198.181 - - [05/Jun/2021:06:31:40 +0000] "GET /wp-content/cache/minify/67148.js HTTP/2.0" 200 1999 "https://www.bimbim.in/medicine/chaturmukh-ras/3549" "Mozilla/5.0 (Linux; Android 10; CPH2179) AppleWebKit/537.36 (KHTML, like Gecko) Chrome/83.0.4103.106 Mobile Safari/537.36"
157.34.198.181 - - [05/Jun/2021:06:31:40 +0000] "GET /superpwa-manifest.json HTTP/2.0" 200 349 "https://www.bimbim.in/medicine/chaturmukh-ras/3549" "Mozilla/5.0 (Linux; Android 10; CPH2179) AppleWebKit/537.36 (KHTML, like Gecko) Chrome/83.0.4103.106 Mobile Safari/537.36"
157.34.198.181 - - [05/Jun/2021:06:31:40 +0000] "GET /wp-content/cache/minify/54359.js HTTP/2.0" 200 4910 "https://www.bimbim.in/medicine/chaturmukh-ras/3549" "Mozilla/5.0 (Linux; Android 10; CPH2179) AppleWebKit/537.36 (KHTML, like Gecko) Chrome/83.0.4103.106 Mobile Safari/537.36"
157.34.198.181 - - [05/Jun/2021:06:31:40 +0000] "GET /wp-content/cache/minify/9e7c6.js HTTP/2.0" 200 2699 "https://www.bimbim.in/medicine/chaturmukh-ras/3549" "Mozilla/5.0 (Linux; Android 10; CPH2179) AppleWebKit/537.36 (KHTML, like Gecko) Chrome/83.0.4103.106 Mobile Safari/537.36"
141.0.9.115 - - [05/Jun/2021:06:31:42 +0000] "GET /wp-content/uploads/2018/08/bimbim2.jpg HTTP/1.1" 200 731 "https://www.bimbim.in/medicine/shukra-vallabh-ras/4121" "Mozilla/5.0 (Linux; U; Android 6.0.1; Redmi 3S Build/MMB29M; wv) AppleWebKit/537.36 (KHTML, like Gecko) Version/4.0 Chrome/90.0.4430.210 Mobile Safari/537.36 OPR/56.1.2254.57583"
27.56.224.21 - - [05/Jun/2021:06:31:43 +0000] "GET /men/varicocele/264/ HTTP/2.0" 200 60402 "https://www.google.com/" "Mozilla/5.0 (Linux; Android 9; vivo 1915) AppleWebKit/537.36 (KHTML, like Gecko) Chrome/85.0.4183.81 Mobile Safari/537.36"
27.56.224.21 - - [05/Jun/2021:06:31:43 +0000] "GET /superpwa-manifest.json HTTP/2.0" 200 330 "https://health18.in/men/varicocele/264/" "Mozilla/5.0 (Linux; Android 9; vivo 1915) AppleWebKit/537.36 (KHTML, like Gecko) Chrome/85.0.4183.81 Mobile Safari/537.36"
66.249.68.24 - - [05/Jun/2021:06:31:43 +0000] "GET /herbs/lasora-cordia-dichotoma-medicinal-used-and-health-benefits/11/?amp HTTP/1.1" 200 20650 "-" "Mozilla/5.0 (Linux; Android 6.0.1; Nexus 5X Build/MMB29P) AppleWebKit/537.36 (KHTML, like Gecko) Chrome/90.0.4430.97 Mobile Safari/537.36 (compatible; Googlebot/2.1; +http://www.google.com/bot.html)"
27.56.224.21 - - [05/Jun/2021:06:31:43 +0000] "GET /wp-content/themes/nirvana/fonts/elusive.woff HTTP/2.0" 200 14737 "https://health18.in/men/varicocele/264/" "Mozilla/5.0 (Linux; Android 9; vivo 1915) AppleWebKit/537.36 (KHTML, like Gecko) Chrome/85.0.4183.81 Mobile Safari/537.36"
27.56.224.21 - - [05/Jun/2021:06:31:43 +0000] "GET /wp-content/cache/minify/67148.js HTTP/2.0" 200 1999 "https://health18.in/men/varicocele/264/" "Mozilla/5.0 (Linux; Android 9; vivo 1915) AppleWebKit/537.36 (KHTML, like Gecko) Chrome/85.0.4183.81 Mobile Safari/537.36"
27.56.224.21 - - [05/Jun/2021:06:31:43 +0000] "GET /wp-content/cache/minify/818c0.js HTTP/2.0" 200 34204 "https://health18.in/men/varicocele/264/" "Mozilla/5.0 (Linux; Android 9; vivo 1915) AppleWebKit/537.36 (KHTML, like Gecko) Chrome/85.0.4183.81 Mobile Safari/537.36"
27.56.224.21 - - [05/Jun/2021:06:31:43 +0000] "GET /wp-content/cache/minify/f0f3c.js HTTP/2.0" 200 2345 "https://health18.in/men/varicocele/264/" "Mozilla/5.0 (Linux; Android 9; vivo 1915) AppleWebKit/537.36 (KHTML, like Gecko) Chrome/85.0.4183.81 Mobile Safari/537.36"
27.56.224.21 - - [05/Jun/2021:06:31:43 +0000] "GET /wp-content/cache/minify/cac72.js HTTP/2.0" 200 4003 "https://health18.in/men/varicocele/264/" "Mozilla/5.0 (Linux; Android 9; vivo 1915) AppleWebKit/537.36 (KHTML, like Gecko) Chrome/85.0.4183.81 Mobile Safari/537.36"
27.56.224.21 - - [05/Jun/2021:06:31:43 +0000] "GET /wp-content/cache/minify/9e7c6.js HTTP/2.0" 200 2699 "https://health18.in/men/varicocele/264/" "Mozilla/5.0 (Linux; Android 9; vivo 1915) AppleWebKit/537.36 (KHTML, like Gecko) Chrome/85.0.4183.81 Mobile Safari/537.36"
141.0.9.115 - - [05/Jun/2021:06:31:43 +0000] "GET /superpwa-sw.js HTTP/1.1" 200 1012 "https://www.bimbim.in/medicine/shukra-vallabh-ras/4121" "Mozilla/5.0 (Linux; Android 6.0.1; Redmi 3S Build/MMB29M; wv) AppleWebKit/537.36 (KHTML, like Gecko) Version/4.0 Chrome/90.0.4430.210 Mobile Safari/537.36"
141.0.9.115 - - [05/Jun/2021:06:31:44 +0000] "GET /superpwa-sw.js HTTP/1.1" 304 0 "https://www.bimbim.in/medicine/shukra-vallabh-ras/4121" "Mozilla/5.0 (Linux; Android 6.0.1; Redmi 3S Build/MMB29M; wv) AppleWebKit/537.36 (KHTML, like Gecko) Version/4.0 Chrome/90.0.4430.210 Mobile Safari/537.36"
141.0.9.115 - - [05/Jun/2021:06:31:44 +0000] "GET / HTTP/1.1" 200 57868 "https://www.bimbim.in/superpwa-sw.js" "Mozilla/5.0 (Linux; Android 6.0.1; Redmi 3S Build/MMB29M; wv) AppleWebKit/537.36 (KHTML, like Gecko) Version/4.0 Chrome/90.0.4430.210 Mobile Safari/537.36"
66.249.68.24 - - [05/Jun/2021:06:31:44 +0000] "GET /medicines/amruthsrishta/4030/?amp HTTP/1.1" 200 20565 "-" "Mozilla/5.0 (Linux; Android 6.0.1; Nexus 5X Build/MMB29P) AppleWebKit/537.36 (KHTML, like Gecko) Chrome/90.0.4430.97 Mobile Safari/537.36 (compatible; Googlebot/2.1; +http://www.google.com/bot.html)"
27.56.224.21 - - [05/Jun/2021:06:31:45 +0000] "GET /superpwa-sw.js HTTP/2.0" 200 1000 "https://health18.in/men/varicocele/264/" "Mozilla/5.0 (Linux; Android 9; vivo 1915) AppleWebKit/537.36 (KHTML, like Gecko) Chrome/85.0.4183.81 Mobile Safari/537.36"
27.56.224.21 - - [05/Jun/2021:06:31:45 +0000] "GET / HTTP/2.0" 200 48210 "https://health18.in/superpwa-sw.js" "Mozilla/5.0 (Linux; Android 9; vivo 1915) AppleWebKit/537.36 (KHTML, like Gecko) Chrome/85.0.4183.81 Mobile Safari/537.36"
27.56.224.21 - - [05/Jun/2021:06:31:45 +0000] "GET / HTTP/2.0" 304 0 "https://health18.in/superpwa-sw.js" "Mozilla/5.0 (Linux; Android 9; vivo 1915) AppleWebKit/537.36 (KHTML, like Gecko) Chrome/85.0.4183.81 Mobile Safari/537.36"
27.56.224.21 - - [05/Jun/2021:06:31:46 +0000] "GET /wp-content/themes/nirvana/fonts/opensans-bold-webfont.woff HTTP/2.0" 200 25455 "https://health18.in/men/varicocele/264/" "Mozilla/5.0 (Linux; Android 9; vivo 1915) AppleWebKit/537.36 (KHTML, like Gecko) Chrome/85.0.4183.81 Mobile Safari/537.36"
66.249.68.24 - - [05/Jun/2021:06:31:46 +0000] "GET /ayurveda/nishoth-information-medicinal-uses-and-side-effects/35/?amp HTTP/1.1" 200 20354 "-" "Mozilla/5.0 (Linux; Android 6.0.1; Nexus 5X Build/MMB29P) AppleWebKit/537.36 (KHTML, like Gecko) Chrome/90.0.4430.97 Mobile Safari/537.36 (compatible; Googlebot/2.1; +http://www.google.com/bot.html)"
27.56.224.21 - - [05/Jun/2021:06:31:46 +0000] "GET /wp-content/uploads/2018/08/h18.jpg HTTP/2.0" 200 768 "https://health18.in/men/varicocele/264/" "Mozilla/5.0 (Linux; Android 9; vivo 1915) AppleWebKit/537.36 (KHTML, like Gecko) Chrome/85.0.4183.81 Mobile Safari/537.36"
27.56.224.21 - - [05/Jun/2021:06:31:46 +0000] "GET /superpwa-sw.js HTTP/2.0" 304 0 "https://health18.in/men/varicocele/264/" "Mozilla/5.0 (Linux; Android 9; vivo 1915) AppleWebKit/537.36 (KHTML, like Gecko) Chrome/85.0.4183.81 Mobile Safari/537.36"
141.0.9.115 - - [05/Jun/2021:06:31:46 +0000] "GET / HTTP/1.1" 304 0 "https://www.bimbim.in/superpwa-sw.js" "Mozilla/5.0 (Linux; Android 6.0.1; Redmi 3S Build/MMB29M; wv) AppleWebKit/537.36 (KHTML, like Gecko) Version/4.0 Chrome/90.0.4430.210 Mobile Safari/537.36"
27.56.224.21 - - [05/Jun/2021:06:31:46 +0000] "GET /wp-content/uploads/2018/08/h18-sm.png HTTP/2.0" 200 5090 "https://health18.in/men/varicocele/264/" "Mozilla/5.0 (Linux; Android 9; vivo 1915) AppleWebKit/537.36 (KHTML, like Gecko) Chrome/85.0.4183.81 Mobile Safari/537.36"
70.170.64.139 - - [05/Jun/2021:06:31:46 +0000] "GET /herbs/ashwagandha-side-effects/4097/ HTTP/2.0" 200 33238 "https://r.search.yahoo.com/_ylt=AwrgDA8mGrtgUUEA96xx.9w4;_ylu=Y29sbwNncTEEcG9zAzEEdnRpZANDMTgyNV8xBHNlYwNzYw--/RV=2/RE=1622903462/RO=10/RU=https%3a%2f%2fwww.bimbima.com%2fherbs%2fashwagandha-side-effects%2f4097%2f%23%3a~%3atext%3dAshwagandha%2520has%2520an%2520anabolic%2520effects%252C%2520and%2520leads%2520to%2cAshwagandha%2520added%2520to%2520milk%2520%25282%2520g%252Fday%2520for%252060/RK=2/RS=skbYhjkLxVhBSgpZ6MGuPnSfW7A-" "Mozilla/5.0 (iPhone; CPU iPhone OS 14_6 like Mac OS X) AppleWebKit/605.1.15 (KHTML, like Gecko) Version/14.1.1 Mobile/15E148 Safari/604.1"
27.56.224.21 - - [05/Jun/2021:06:31:47 +0000] "GET /wp-content/themes/nirvana/fonts/opensans-light-webfont.woff HTTP/2.0" 200 24021 "https://health18.in/men/varicocele/264/" "Mozilla/5.0 (Linux; Android 9; vivo 1915) AppleWebKit/537.36 (KHTML, like Gecko) Chrome/85.0.4183.81 Mobile Safari/537.36"
47.9.230.187 - - [05/Jun/2021:06:31:47 +0000] "GET /unani/majun-muqawwi-mumsik/4158 HTTP/2.0" 200 60787 "https://www.google.com/" "Mozilla/5.0 (Linux; Android 10; MAR-LX1A) AppleWebKit/537.36 (KHTML, like Gecko) Chrome/90.0.4430.210 Mobile Safari/537.36"
47.9.230.187 - - [05/Jun/2021:06:31:47 +0000] "GET /wp-content/cache/minify/7d482.js HTTP/2.0" 200 239 "https://www.bimbim.in/unani/majun-muqawwi-mumsik/4158" "Mozilla/5.0 (Linux; Android 10; MAR-LX1A) AppleWebKit/537.36 (KHTML, like Gecko) Chrome/90.0.4430.210 Mobile Safari/537.36"
47.9.230.187 - - [05/Jun/2021:06:31:47 +0000] "GET /wp-content/cache/minify/67148.js HTTP/2.0" 200 1999 "https://www.bimbim.in/unani/majun-muqawwi-mumsik/4158" "Mozilla/5.0 (Linux; Android 10; MAR-LX1A) AppleWebKit/537.36 (KHTML, like Gecko) Chrome/90.0.4430.210 Mobile Safari/537.36"
47.9.230.187 - - [05/Jun/2021:06:31:47 +0000] "GET /wp-content/cache/minify/73395.js HTTP/2.0" 200 36647 "https://www.bimbim.in/unani/majun-muqawwi-mumsik/4158" "Mozilla/5.0 (Linux; Android 10; MAR-LX1A) AppleWebKit/537.36 (KHTML, like Gecko) Chrome/90.0.4430.210 Mobile Safari/537.36"
47.9.230.187 - - [05/Jun/2021:06:31:47 +0000] "GET /wp-content/cache/minify/9e7c6.js HTTP/2.0" 200 2699 "https://www.bimbim.in/unani/majun-muqawwi-mumsik/4158" "Mozilla/5.0 (Linux; Android 10; MAR-LX1A) AppleWebKit/537.36 (KHTML, like Gecko) Chrome/90.0.4430.210 Mobile Safari/537.36"
47.9.230.187 - - [05/Jun/2021:06:31:47 +0000] "GET /wp-content/cache/minify/54359.js HTTP/2.0" 200 4910 "https://www.bimbim.in/unani/majun-muqawwi-mumsik/4158" "Mozilla/5.0 (Linux; Android 10; MAR-LX1A) AppleWebKit/537.36 (KHTML, like Gecko) Chrome/90.0.4430.210 Mobile Safari/537.36"
47.9.230.187 - - [05/Jun/2021:06:31:49 +0000] "GET /wp-includes/js/jquery/jquery.js?ver=3.5.1 HTTP/2.0" 200 84810 "https://www.bimbim.in/unani/majun-muqawwi-mumsik/4158" "Mozilla/5.0 (Linux; Android 10; MAR-LX1A) AppleWebKit/537.36 (KHTML, like Gecko) Chrome/90.0.4430.210 Mobile Safari/537.36"
47.9.230.187 - - [05/Jun/2021:06:31:49 +0000] "GET /superpwa-manifest.json HTTP/2.0" 200 349 "https://www.bimbim.in/unani/majun-muqawwi-mumsik/4158" "Mozilla/5.0 (Linux; Android 10; MAR-LX1A) AppleWebKit/537.36 (KHTML, like Gecko) Chrome/90.0.4430.210 Mobile Safari/537.36"
122.181.105.220 - - [05/Jun/2021:06:31:49 +0000] "GET /wp-content/uploads/2015/02/shisham-leaves.jpg HTTP/2.0" 200 33039 "https://www.google.com/" "Mozilla/5.0 (Windows NT 10.0; Win64; x64) AppleWebKit/537.36 (KHTML, like Gecko) Chrome/91.0.4472.77 Safari/537.36"
157.55.39.26 - - [05/Jun/2021:06:31:49 +0000] "GET /?p=1011 HTTP/2.0" 301 0 "-" "Mozilla/5.0 (compatible; bingbot/2.0; +http://www.bing.com/bingbot.htm)"
66.249.68.24 - - [05/Jun/2021:06:31:49 +0000] "GET /ayurveda/medicinal-uses-of-climbing-brinjal-thuthuvalai/333/?amp HTTP/1.1" 200 17668 "-" "Mozilla/5.0 (Linux; Android 6.0.1; Nexus 5X Build/MMB29P) AppleWebKit/537.36 (KHTML, like Gecko) Chrome/90.0.4430.97 Mobile Safari/537.36 (compatible; Googlebot/2.1; +http://www.google.com/bot.html)"
27.56.224.21 - - [05/Jun/2021:06:31:49 +0000] "GET /wp-content/uploads/2017/09/varicocele.jpg HTTP/2.0" 200 23199 "https://health18.in/men/varicocele/264/" "Mozilla/5.0 (Linux; Android 9; vivo 1915) AppleWebKit/537.36 (KHTML, like Gecko) Chrome/85.0.4183.81 Mobile Safari/537.36"
70.170.64.139 - - [05/Jun/2021:06:31:50 +0000] "GET /superpwa-sw.js HTTP/2.0" 200 1000 "https://www.bimbima.com/herbs/ashwagandha-side-effects/4097/" "Mozilla/5.0 (iPhone; CPU iPhone OS 14_6 like Mac OS X) AppleWebKit/605.1.15 (KHTML, like Gecko) Version/14.1.1 Mobile/15E148 Safari/604.1"
47.9.230.187 - - [05/Jun/2021:06:31:50 +0000] "GET /wp-includes/js/jquery/jquery-migrate.min.js?ver=5.7.2 HTTP/2.0" 200 4169 "https://www.bimbim.in/unani/majun-muqawwi-mumsik/4158" "Mozilla/5.0 (Linux; Android 10; MAR-LX1A) AppleWebKit/537.36 (KHTML, like Gecko) Chrome/90.0.4430.210 Mobile Safari/537.36"
157.34.198.181 - - [05/Jun/2021:06:31:50 +0000] "GET /superpwa-sw.js HTTP/2.0" 200 1000 "https://www.bimbim.in/medicine/chaturmukh-ras/3549" "Mozilla/5.0 (Linux; Android 10; CPH2179) AppleWebKit/537.36 (KHTML, like Gecko) Chrome/83.0.4103.106 Mobile Safari/537.36"
157.34.198.181 - - [05/Jun/2021:06:31:50 +0000] "GET /wp-content/uploads/2018/08/bimbim2.jpg HTTP/2.0" 200 731 "https://www.bimbim.in/medicine/chaturmukh-ras/3549" "Mozilla/5.0 (Linux; Android 10; CPH2179) AppleWebKit/537.36 (KHTML, like Gecko) Chrome/83.0.4103.106 Mobile Safari/537.36"
157.34.198.181 - - [05/Jun/2021:06:31:50 +0000] "GET /wp-content/uploads/2018/08/bimbim2.png HTTP/2.0" 200 45678 "https://www.bimbim.in/medicine/chaturmukh-ras/3549" "Mozilla/5.0 (Linux; Android 10; CPH2179) AppleWebKit/537.36 (KHTML, like Gecko) Chrome/83.0.4103.106 Mobile Safari/537.36"
70.170.64.139 - - [05/Jun/2021:06:31:50 +0000] "GET / HTTP/2.0" 200 32276 "https://www.bimbima.com/superpwa-sw.js" "Mozilla/5.0 (iPhone; CPU iPhone OS 14_6 like Mac OS X) AppleWebKit/605.1.15 (KHTML, like Gecko) Version/14.1.1 Mobile/15E148 Safari/604.1"
70.170.64.139 - - [05/Jun/2021:06:31:50 +0000] "GET /superpwa-sw.js HTTP/2.0" 304 0 "https://www.bimbima.com/herbs/ashwagandha-side-effects/4097/" "Mozilla/5.0 (iPhone; CPU iPhone OS 14_6 like Mac OS X) AppleWebKit/605.1.15 (KHTML, like Gecko) Version/14.1.1 Mobile/15E148 Safari/604.1"
70.170.64.139 - - [05/Jun/2021:06:31:50 +0000] "GET / HTTP/2.0" 200 32276 "https://www.bimbima.com/superpwa-sw.js" "Mozilla/5.0 (iPhone; CPU iPhone OS 14_6 like Mac OS X) AppleWebKit/605.1.15 (KHTML, like Gecko) Version/14.1.1 Mobile/15E148 Safari/604.1"
157.34.198.181 - - [05/Jun/2021:06:31:50 +0000] "GET / HTTP/2.0" 200 57792 "https://www.bimbim.in/superpwa-sw.js" "Mozilla/5.0 (Linux; Android 10; CPH2179) AppleWebKit/537.36 (KHTML, like Gecko) Chrome/83.0.4103.106 Mobile Safari/537.36"
54.36.148.83 - - [05/Jun/2021:06:31:50 +0000] "GET /ayurveda/baidyanath-isabbael-for-stomach-infections/1235/ HTTP/2.0" 200 34774 "-" "Mozilla/5.0 (compatible; AhrefsBot/7.0; +http://ahrefs.com/robot/)"
157.34.198.181 - - [05/Jun/2021:06:31:51 +0000] "GET / HTTP/2.0" 304 0 "https://www.bimbim.in/superpwa-sw.js" "Mozilla/5.0 (Linux; Android 10; CPH2179) AppleWebKit/537.36 (KHTML, like Gecko) Chrome/83.0.4103.106 Mobile Safari/537.36"
157.34.198.181 - - [05/Jun/2021:06:31:51 +0000] "GET /superpwa-sw.js HTTP/2.0" 304 0 "https://www.bimbim.in/medicine/chaturmukh-ras/3549" "Mozilla/5.0 (Linux; Android 10; CPH2179) AppleWebKit/537.36 (KHTML, like Gecko) Chrome/83.0.4103.106 Mobile Safari/537.36"
49.205.239.40 - - [05/Jun/2021:06:31:51 +0000] "POST /wp-login.php HTTP/1.1" 200 2443 "-" "Mozilla/5.0 (iPad; CPU OS 12_3_1 like Mac OS X) AppleWebKit/605.1.15 (KHTML, like Gecko) Version/12.1.1 Mobile/15E148 Safari/604.1"
168.119.65.110 - - [05/Jun/2021:06:31:51 +0000] "GET /superpwa-manifest.json HTTP/2.0" 200 305 "https://www.bimbima.com/ayurveda/baidyanath-isabbael-for-stomach-infections/1235/" "Mozilla/5.0 (compatible; AhrefsBot/7.0; +http://ahrefs.com/robot/)"
168.119.65.110 - - [05/Jun/2021:06:31:52 +0000] "GET /superpwa-sw.js HTTP/2.0" 200 1000 "https://www.bimbima.com/ayurveda/baidyanath-isabbael-for-stomach-infections/1235/" "Mozilla/5.0 (X11; Linux x86_64) AppleWebKit/537.36 (KHTML, like Gecko) HeadlessChrome/90.0.4427.0 Safari/537.36"
168.119.65.110 - - [05/Jun/2021:06:31:52 +0000] "GET /superpwa-sw.js HTTP/2.0" 304 0 "https://www.bimbima.com/ayurveda/baidyanath-isabbael-for-stomach-infections/1235/" "Mozilla/5.0 (X11; Linux x86_64) AppleWebKit/537.36 (KHTML, like Gecko) HeadlessChrome/90.0.4427.0 Safari/537.36"
168.119.65.110 - - [05/Jun/2021:06:31:52 +0000] "GET / HTTP/2.0" 200 32276 "https://www.bimbima.com/superpwa-sw.js" "Mozilla/5.0 (X11; Linux x86_64) AppleWebKit/537.36 (KHTML, like Gecko) HeadlessChrome/90.0.4427.0 Safari/537.36"
66.249.68.24 - - [05/Jun/2021:06:31:52 +0000] "GET /ayurveda/medicinal-uses-of-anantmool-or-indian-sarsaparilla/611/?amp HTTP/1.1" 200 15521 "-" "Mozilla/5.0 (Linux; Android 6.0.1; Nexus 5X Build/MMB29P) AppleWebKit/537.36 (KHTML, like Gecko) Chrome/90.0.4430.97 Mobile Safari/537.36 (compatible; Googlebot/2.1; +http://www.google.com/bot.html)"
168.119.65.110 - - [05/Jun/2021:06:31:52 +0000] "GET / HTTP/2.0" 304 0 "https://www.bimbima.com/superpwa-sw.js" "Mozilla/5.0 (X11; Linux x86_64) AppleWebKit/537.36 (KHTML, like Gecko) HeadlessChrome/90.0.4427.0 Safari/537.36"
66.249.68.24 - - [05/Jun/2021:06:31:52 +0000] "GET /wp-content/uploads/2014/07/anantmola-768x478.jpg HTTP/1.1" 304 0 "-" "Googlebot-Image/1.0"
182.75.189.173 - - [05/Jun/2021:06:31:53 +0000] "POST /xmlrpc.php HTTP/1.1" 403 415 "-" "Mozilla/4.0 (compatible; MSIE 6.0; Windows NT 5.0)"
182.75.189.173 - - [05/Jun/2021:06:31:53 +0000] "POST /wp-login.php HTTP/1.1" 200 8953 "-" "Mozilla/4.0 (compatible; MSIE 6.0; Windows NT 5.0)"
152.57.136.20 - - [05/Jun/2021:06:31:54 +0000] "GET /medicine/chandanasava/4618 HTTP/2.0" 200 60201 "https://www.google.com/" "Mozilla/5.0 (Linux; Android 10; V2029) AppleWebKit/537.36 (KHTML, like Gecko) Chrome/80.0.3987.99 Mobile Safari/537.36"
152.57.136.20 - - [05/Jun/2021:06:31:54 +0000] "GET /wp-content/cache/minify/7d482.js HTTP/2.0" 200 239 "https://www.bimbim.in/medicine/chandanasava/4618" "Mozilla/5.0 (Linux; Android 10; V2029) AppleWebKit/537.36 (KHTML, like Gecko) Chrome/80.0.3987.99 Mobile Safari/537.36"
152.57.136.20 - - [05/Jun/2021:06:31:54 +0000] "GET /wp-content/cache/minify/67148.js HTTP/2.0" 200 1999 "https://www.bimbim.in/medicine/chandanasava/4618" "Mozilla/5.0 (Linux; Android 10; V2029) AppleWebKit/537.36 (KHTML, like Gecko) Chrome/80.0.3987.99 Mobile Safari/537.36"
152.57.136.20 - - [05/Jun/2021:06:31:54 +0000] "GET /wp-content/cache/minify/73395.js HTTP/2.0" 200 36647 "https://www.bimbim.in/medicine/chandanasava/4618" "Mozilla/5.0 (Linux; Android 10; V2029) AppleWebKit/537.36 (KHTML, like Gecko) Chrome/80.0.3987.99 Mobile Safari/537.36"
152.57.136.20 - - [05/Jun/2021:06:31:54 +0000] "GET /wp-content/cache/minify/9e7c6.js HTTP/2.0" 200 2699 "https://www.bimbim.in/medicine/chandanasava/4618" "Mozilla/5.0 (Linux; Android 10; V2029) AppleWebKit/537.36 (KHTML, like Gecko) Chrome/80.0.3987.99 Mobile Safari/537.36"
152.57.136.20 - - [05/Jun/2021:06:31:54 +0000] "GET /wp-content/cache/minify/54359.js HTTP/2.0" 200 4910 "https://www.bimbim.in/medicine/chandanasava/4618" "Mozilla/5.0 (Linux; Android 10; V2029) AppleWebKit/537.36 (KHTML, like Gecko) Chrome/80.0.3987.99 Mobile Safari/537.36"
152.57.136.20 - - [05/Jun/2021:06:31:55 +0000] "GET /superpwa-manifest.json HTTP/2.0" 200 349 "https://www.bimbim.in/medicine/chandanasava/4618" "Mozilla/5.0 (Linux; Android 10; V2029) AppleWebKit/537.36 (KHTML, like Gecko) Chrome/80.0.3987.99 Mobile Safari/537.36"
46.138.115.70 - - [05/Jun/2021:06:31:58 +0000] "POST /wp-login.php HTTP/1.1" 200 2443 "-" "Mozilla/5.0 (Windows NT 10.0; Win64; x64; rv:66.0) Gecko/20100101 Firefox/66.0"
223.238.24.167 - - [05/Jun/2021:06:31:58 +0000] "GET /herbs/vasaka-capsules/3842/?amp HTTP/2.0" 200 18591 "https://www.google.com/" "Mozilla/5.0 (Linux; Android 5.0.1; GT-I9505) AppleWebKit/537.36 (KHTML, like Gecko) Chrome/90.0.4430.210 Mobile Safari/537.36"
103.95.167.254 - - [05/Jun/2021:06:31:59 +0000] "GET /medicine/patanjali-arogya-vati/3259 HTTP/2.0" 200 64635 "https://www.google.com/" "Mozilla/5.0 (Linux; Android 9; Redmi Note 5 Pro) AppleWebKit/537.36 (KHTML, like Gecko) Chrome/91.0.4472.88 Mobile Safari/537.36"
223.238.24.167 - - [05/Jun/2021:06:31:59 +0000] "GET /superpwa-manifest.json HTTP/2.0" 200 305 "https://www.bimbima.com/herbs/vasaka-capsules/3842/?amp" "Mozilla/5.0 (Linux; Android 5.0.1; GT-I9505) AppleWebKit/537.36 (KHTML, like Gecko) Chrome/90.0.4430.210 Mobile Safari/537.36"
223.238.24.167 - - [05/Jun/2021:06:32:01 +0000] "GET /wp-content/uploads/2018/08/bimbim2.png HTTP/2.0" 200 45678 "https://www.bimbima.com/herbs/vasaka-capsules/3842/?amp" "Mozilla/5.0 (Linux; Android 5.0.1; GT-I9505) AppleWebKit/537.36 (KHTML, like Gecko) Chrome/90.0.4430.210 Mobile Safari/537.36"
120.59.29.110 - - [05/Jun/2021:06:32:02 +0000] "POST /xmlrpc.php HTTP/1.1" 403 415 "-" "Mozilla/4.0 (compatible; MSIE 6.0; Windows NT 5.0)"
120.59.29.110 - - [05/Jun/2021:06:32:02 +0000] "POST /wp-login.php HTTP/1.1" 200 8953 "-" "Mozilla/4.0 (compatible; MSIE 6.0; Windows NT 5.0)"
47.9.230.187 - - [05/Jun/2021:06:32:03 +0000] "GET /superpwa-sw.js HTTP/2.0" 200 1000 "https://www.bimbim.in/unani/majun-muqawwi-mumsik/4158" "Mozilla/5.0 (Linux; Android 10; MAR-LX1A) AppleWebKit/537.36 (KHTML, like Gecko) Chrome/90.0.4430.210 Mobile Safari/537.36"
47.9.230.187 - - [05/Jun/2021:06:32:03 +0000] "GET /wp-content/uploads/2018/08/bimbim2.jpg HTTP/2.0" 200 731 "https://www.bimbim.in/unani/majun-muqawwi-mumsik/4158" "Mozilla/5.0 (Linux; Android 10; MAR-LX1A) AppleWebKit/537.36 (KHTML, like Gecko) Chrome/90.0.4430.210 Mobile Safari/537.36"
47.9.230.187 - - [05/Jun/2021:06:32:03 +0000] "GET /wp-content/uploads/2018/08/bimbim2.png HTTP/2.0" 200 45678 "https://www.bimbim.in/unani/majun-muqawwi-mumsik/4158" "Mozilla/5.0 (Linux; Android 10; MAR-LX1A) AppleWebKit/537.36 (KHTML, like Gecko) Chrome/90.0.4430.210 Mobile Safari/537.36"
47.9.230.187 - - [05/Jun/2021:06:32:03 +0000] "GET /superpwa-sw.js HTTP/2.0" 304 0 "https://www.bimbim.in/unani/majun-muqawwi-mumsik/4158" "Mozilla/5.0 (Linux; Android 10; MAR-LX1A) AppleWebKit/537.36 (KHTML, like Gecko) Chrome/90.0.4430.210 Mobile Safari/537.36"
47.9.230.187 - - [05/Jun/2021:06:32:03 +0000] "GET / HTTP/2.0" 200 57792 "https://www.bimbim.in/superpwa-sw.js" "Mozilla/5.0 (Linux; Android 10; MAR-LX1A) AppleWebKit/537.36 (KHTML, like Gecko) Chrome/90.0.4430.210 Mobile Safari/537.36"
192.99.101.79 - - [05/Jun/2021:06:32:03 +0000] "GET /health/?tag=/clr HTTP/1.1" 200 28757 "-" "Mozilla/5.0 (compatible; MJ12bot/v1.4.8; http://mj12bot.com/)"
47.9.230.187 - - [05/Jun/2021:06:32:04 +0000] "GET / HTTP/2.0" 304 0 "https://www.bimbim.in/superpwa-sw.js" "Mozilla/5.0 (Linux; Android 10; MAR-LX1A) AppleWebKit/537.36 (KHTML, like Gecko) Chrome/90.0.4430.210 Mobile Safari/537.36"
103.95.167.254 - - [05/Jun/2021:06:32:04 +0000] "GET /superpwa-sw.js HTTP/2.0" 304 0 "https://www.bimbim.in/medicine/patanjali-arogya-vati/3259" "Mozilla/5.0 (Linux; Android 9; Redmi Note 5 Pro) AppleWebKit/537.36 (KHTML, like Gecko) Chrome/91.0.4472.88 Mobile Safari/537.36"
103.228.117.243 - - [05/Jun/2021:06:32:04 +0000] "POST /wp-login.php HTTP/1.1" 200 2441 "-" "Mozilla/5.0 (X11; Linux x86_64) AppleWebKit/537.36 (KHTML, like Gecko) Chrome/75.0.3770.142 Safari/537.36"
152.57.136.20 - - [05/Jun/2021:06:32:05 +0000] "GET /superpwa-sw.js HTTP/2.0" 200 1000 "https://www.bimbim.in/medicine/chandanasava/4618" "Mozilla/5.0 (Linux; Android 10; V2029) AppleWebKit/537.36 (KHTML, like Gecko) Chrome/80.0.3987.99 Mobile Safari/537.36"
152.57.136.20 - - [05/Jun/2021:06:32:05 +0000] "GET /wp-content/uploads/2018/08/bimbim2.jpg HTTP/2.0" 200 731 "https://www.bimbim.in/medicine/chandanasava/4618" "Mozilla/5.0 (Linux; Android 10; V2029) AppleWebKit/537.36 (KHTML, like Gecko) Chrome/80.0.3987.99 Mobile Safari/537.36"
152.57.136.20 - - [05/Jun/2021:06:32:05 +0000] "GET /wp-content/uploads/2018/08/bimbim2.png HTTP/2.0" 200 45678 "https://www.bimbim.in/medicine/chandanasava/4618" "Mozilla/5.0 (Linux; Android 10; V2029) AppleWebKit/537.36 (KHTML, like Gecko) Chrome/80.0.3987.99 Mobile Safari/537.36"
152.57.136.20 - - [05/Jun/2021:06:32:05 +0000] "GET / HTTP/2.0" 200 57792 "https://www.bimbim.in/superpwa-sw.js" "Mozilla/5.0 (Linux; Android 10; V2029) AppleWebKit/537.36 (KHTML, like Gecko) Chrome/80.0.3987.99 Mobile Safari/537.36"
152.57.136.20 - - [05/Jun/2021:06:32:05 +0000] "GET /superpwa-sw.js HTTP/2.0" 304 0 "https://www.bimbim.in/medicine/chandanasava/4618" "Mozilla/5.0 (Linux; Android 10; V2029) AppleWebKit/537.36 (KHTML, like Gecko) Chrome/80.0.3987.99 Mobile Safari/537.36"
152.57.136.20 - - [05/Jun/2021:06:32:05 +0000] "GET / HTTP/2.0" 304 0 "https://www.bimbim.in/superpwa-sw.js" "Mozilla/5.0 (Linux; Android 10; V2029) AppleWebKit/537.36 (KHTML, like Gecko) Chrome/80.0.3987.99 Mobile Safari/537.36"
103.95.167.254 - - [05/Jun/2021:06:32:05 +0000] "GET /superpwa-sw.js HTTP/2.0" 304 0 "https://www.bimbim.in/superpwa-sw.js" "Mozilla/5.0 (Linux; Android 9; Redmi Note 5 Pro) AppleWebKit/537.36 (KHTML, like Gecko) Chrome/91.0.4472.88 Mobile Safari/537.36"
94.200.107.14 - - [05/Jun/2021:06:32:06 +0000] "POST /wp-login.php HTTP/1.1" 200 2441 "-" "Mozilla/5.0 (Windows NT 10.0; Win64; x64) AppleWebKit/537.36 (KHTML, like Gecko) Chrome/75.0.3770.100 Safari/537.36 OPR/62.0.3331.99"
201.140.239.248 - - [05/Jun/2021:06:32:06 +0000] "POST /xmlrpc.php HTTP/1.1" 403 415 "-" "Mozilla/4.0 (compatible; MSIE 6.0; Windows NT 5.0)"
66.249.68.26 - - [05/Jun/2021:06:32:08 +0000] "GET /ayurveda/divya-arjun-kwath-benefits/1416/?amp HTTP/1.1" 200 19970 "-" "Mozilla/5.0 (Linux; Android 6.0.1; Nexus 5X Build/MMB29P) AppleWebKit/537.36 (KHTML, like Gecko) Chrome/90.0.4430.97 Mobile Safari/537.36 (compatible; Googlebot/2.1; +http://www.google.com/bot.html)"
201.140.239.248 - - [05/Jun/2021:06:32:08 +0000] "POST /wp-login.php HTTP/1.1" 200 8953 "-" "Mozilla/4.0 (compatible; MSIE 6.0; Windows NT 5.0)"
66.249.68.24 - - [05/Jun/2021:06:32:11 +0000] "GET /medicines/mukta-vati-extra/4032/?amp HTTP/1.1" 200 19747 "-" "Mozilla/5.0 (Linux; Android 6.0.1; Nexus 5X Build/MMB29P) AppleWebKit/537.36 (KHTML, like Gecko) Chrome/90.0.4430.97 Mobile Safari/537.36 (compatible; Googlebot/2.1; +http://www.google.com/bot.html)"
66.249.68.26 - - [05/Jun/2021:06:32:12 +0000] "GET /ayurveda/amra-jangli-aam-medicinal-tree/209/?amp HTTP/1.1" 200 18686 "-" "Mozilla/5.0 (Linux; Android 6.0.1; Nexus 5X Build/MMB29P) AppleWebKit/537.36 (KHTML, like Gecko) Chrome/90.0.4430.97 Mobile Safari/537.36 (compatible; Googlebot/2.1; +http://www.google.com/bot.html)"
27.97.158.31 - - [05/Jun/2021:06:32:15 +0000] "GET /medicine/safi-hamdard/94 HTTP/2.0" 200 90495 "https://www.google.com/" "Mozilla/5.0 (Linux; Android 9; SM-J701F) AppleWebKit/537.36 (KHTML, like Gecko) Chrome/89.0.4389.105 Mobile Safari/537.36"
54.36.148.141 - - [05/Jun/2021:06:32:15 +0000] "GET /medicines/unani-medicine-habbe-asgand/84/ HTTP/1.1" 301 194 "-" "Mozilla/5.0 (compatible; AhrefsBot/7.0; +http://ahrefs.com/robot/)"
86.98.75.127 - - [05/Jun/2021:06:32:18 +0000] "POST /wp-login.php HTTP/1.1" 200 2443 "-" "Mozilla/5.0 (Windows NT 10.0; WOW64) AppleWebKit/537.36 (KHTML, like Gecko) Chrome/75.0.3770.142 Safari/537.36"
66.249.68.24 - - [05/Jun/2021:06:32:20 +0000] "GET /medicines/kasturyadi-gutika/4051/?amp HTTP/1.1" 200 17287 "-" "Mozilla/5.0 (Linux; Android 6.0.1; Nexus 5X Build/MMB29P) AppleWebKit/537.36 (KHTML, like Gecko) Chrome/90.0.4430.97 Mobile Safari/537.36 (compatible; Googlebot/2.1; +http://www.google.com/bot.html)"
132.154.26.135 - - [05/Jun/2021:06:32:20 +0000] "GET /medicine/malla-taila/2320 HTTP/2.0" 200 64798 "https://www.google.com/" "Mozilla/5.0 (Linux; Android 7.0; Redmi Note 4) AppleWebKit/537.36 (KHTML, like Gecko) Chrome/90.0.4430.210 Mobile Safari/537.36"
132.154.26.135 - - [05/Jun/2021:06:32:20 +0000] "GET /wp-content/cache/minify/7d482.js HTTP/2.0" 200 239 "https://www.bimbim.in/medicine/malla-taila/2320" "Mozilla/5.0 (Linux; Android 7.0; Redmi Note 4) AppleWebKit/537.36 (KHTML, like Gecko) Chrome/90.0.4430.210 Mobile Safari/537.36"
132.154.26.135 - - [05/Jun/2021:06:32:20 +0000] "GET /wp-content/cache/minify/67148.js HTTP/2.0" 200 1999 "https://www.bimbim.in/medicine/malla-taila/2320" "Mozilla/5.0 (Linux; Android 7.0; Redmi Note 4) AppleWebKit/537.36 (KHTML, like Gecko) Chrome/90.0.4430.210 Mobile Safari/537.36"
132.154.26.135 - - [05/Jun/2021:06:32:20 +0000] "GET /wp-content/cache/minify/73395.js HTTP/2.0" 200 36647 "https://www.bimbim.in/medicine/malla-taila/2320" "Mozilla/5.0 (Linux; Android 7.0; Redmi Note 4) AppleWebKit/537.36 (KHTML, like Gecko) Chrome/90.0.4430.210 Mobile Safari/537.36"
132.154.26.135 - - [05/Jun/2021:06:32:20 +0000] "GET /superpwa-manifest.json HTTP/2.0" 200 349 "https://www.bimbim.in/medicine/malla-taila/2320" "Mozilla/5.0 (Linux; Android 7.0; Redmi Note 4) AppleWebKit/537.36 (KHTML, like Gecko) Chrome/90.0.4430.210 Mobile Safari/537.36"
132.154.26.135 - - [05/Jun/2021:06:32:20 +0000] "GET /wp-content/cache/minify/54359.js HTTP/2.0" 200 4910 "https://www.bimbim.in/medicine/malla-taila/2320" "Mozilla/5.0 (Linux; Android 7.0; Redmi Note 4) AppleWebKit/537.36 (KHTML, like Gecko) Chrome/90.0.4430.210 Mobile Safari/537.36"
132.154.26.135 - - [05/Jun/2021:06:32:20 +0000] "GET /wp-content/cache/minify/9e7c6.js HTTP/2.0" 200 2699 "https://www.bimbim.in/medicine/malla-taila/2320" "Mozilla/5.0 (Linux; Android 7.0; Redmi Note 4) AppleWebKit/537.36 (KHTML, like Gecko) Chrome/90.0.4430.210 Mobile Safari/537.36"
161.97.84.237 - - [05/Jun/2021:06:32:20 +0000] "POST /wp-login.php HTTP/1.1" 200 2739 "-" "Mozilla/5.0 (Windows NT 6.1) AppleWebKit/537.36 (KHTML, like Gecko) Chrome/70.0.3538.102 Safari/537.36"
27.97.158.31 - - [05/Jun/2021:06:32:21 +0000] "GET /wp-content/cache/minify/73395.js HTTP/2.0" 200 36647 "https://www.bimbim.in/medicine/safi-hamdard/94" "Mozilla/5.0 (Linux; Android 9; SM-J701F) AppleWebKit/537.36 (KHTML, like Gecko) Chrome/89.0.4389.105 Mobile Safari/537.36"
27.97.158.31 - - [05/Jun/2021:06:32:21 +0000] "GET /wp-content/cache/minify/7d482.js HTTP/2.0" 200 239 "https://www.bimbim.in/medicine/safi-hamdard/94" "Mozilla/5.0 (Linux; Android 9; SM-J701F) AppleWebKit/537.36 (KHTML, like Gecko) Chrome/89.0.4389.105 Mobile Safari/537.36"
27.97.158.31 - - [05/Jun/2021:06:32:21 +0000] "GET /wp-content/cache/minify/67148.js HTTP/2.0" 200 1999 "https://www.bimbim.in/medicine/safi-hamdard/94" "Mozilla/5.0 (Linux; Android 9; SM-J701F) AppleWebKit/537.36 (KHTML, like Gecko) Chrome/89.0.4389.105 Mobile Safari/537.36"
27.97.158.31 - - [05/Jun/2021:06:32:21 +0000] "GET /wp-content/cache/minify/54359.js HTTP/2.0" 200 4910 "https://www.bimbim.in/medicine/safi-hamdard/94" "Mozilla/5.0 (Linux; Android 9; SM-J701F) AppleWebKit/537.36 (KHTML, like Gecko) Chrome/89.0.4389.105 Mobile Safari/537.36"
27.97.158.31 - - [05/Jun/2021:06:32:21 +0000] "GET /wp-content/cache/minify/9e7c6.js HTTP/2.0" 200 2699 "https://www.bimbim.in/medicine/safi-hamdard/94" "Mozilla/5.0 (Linux; Android 9; SM-J701F) AppleWebKit/537.36 (KHTML, like Gecko) Chrome/89.0.4389.105 Mobile Safari/537.36"
150.107.234.207 - - [05/Jun/2021:06:32:24 +0000] "GET /medicine/energol-ma/4101 HTTP/2.0" 200 62091 "https://www.google.com/" "Mozilla/5.0 (Linux; Android 11; vivo 1907) AppleWebKit/537.36 (KHTML, like Gecko) Chrome/91.0.4472.88 Mobile Safari/537.36"
169.149.210.249 - - [05/Jun/2021:06:32:24 +0000] "GET /wp-content/uploads/2016/07/langali.jpg HTTP/2.0" 200 38441 "https://www.google.com/" "Mozilla/5.0 (Windows NT 10.0; Win64; x64) AppleWebKit/537.36 (KHTML, like Gecko) Chrome/90.0.4430.212 Safari/537.36"
60.243.220.129 - - [05/Jun/2021:06:32:25 +0000] "GET /ayurveda/maha-triphala-ghrita-for-eye-diseases/1422/ HTTP/2.0" 200 33540 "-" "Mozilla/5.0 (Windows NT 10.0; Win64; x64) AppleWebKit/537.36 (KHTML, like Gecko) Chrome/92.0.4515.40 Safari/537.36"
60.243.220.129 - - [05/Jun/2021:06:32:25 +0000] "GET /ayurveda/maha-triphala-ghrita-for-eye-diseases/1422/ HTTP/2.0" 304 0 "-" "Mozilla/5.0 (Windows NT 10.0; Win64; x64) AppleWebKit/537.36 (KHTML, like Gecko) Chrome/92.0.4515.40 Safari/537.36"
66.249.68.24 - - [05/Jun/2021:06:32:25 +0000] "GET /medicines/unani-medicine-arq-mako/2914/?amp HTTP/1.1" 200 16490 "-" "Mozilla/5.0 (Linux; Android 6.0.1; Nexus 5X Build/MMB29P) AppleWebKit/537.36 (KHTML, like Gecko) Chrome/90.0.4430.97 Mobile Safari/537.36 (compatible; Googlebot/2.1; +http://www.google.com/bot.html)"
100.24.234.247 - - [05/Jun/2021:06:32:27 +0000] "GET /medicine/nari-sudha/4186 HTTP/2.0" 200 63375 "-" "Mozilla/5.0 (compatible; VoluumDSP-content-bot/2.0; +dsp-dev@codewise.com)"
212.252.139.165 - - [05/Jun/2021:06:32:28 +0000] "POST /xmlrpc.php HTTP/1.1" 403 415 "-" "Mozilla/4.0 (compatible; MSIE 6.0; Windows NT 5.0)"
212.252.139.165 - - [05/Jun/2021:06:32:28 +0000] "POST /xmlrpc.php HTTP/1.1" 403 415 "-" "Mozilla/4.0 (compatible; MSIE 6.0; Windows NT 5.0)"
66.249.79.129 - - [05/Jun/2021:06:32:28 +0000] "GET /shankh-bhasma/ HTTP/1.1" 200 39392 "-" "Mozilla/5.0 (compatible; Googlebot/2.1; +http://www.google.com/bot.html)"
212.252.139.165 - - [05/Jun/2021:06:32:29 +0000] "POST /wp-login.php HTTP/1.1" 200 8953 "-" "Mozilla/4.0 (compatible; MSIE 6.0; Windows NT 5.0)"
212.252.139.165 - - [05/Jun/2021:06:32:29 +0000] "POST /wp-login.php HTTP/1.1" 200 8953 "-" "Mozilla/4.0 (compatible; MSIE 6.0; Windows NT 5.0)"
114.119.148.4 - - [05/Jun/2021:06:32:29 +0000] "GET /page/151 HTTP/1.1" 301 5 "-" "Mozilla/5.0 (Linux; Android 7.0;) AppleWebKit/537.36 (KHTML, like Gecko) Mobile Safari/537.36 (compatible; PetalBot;+https://webmaster.petalsearch.com/site/petalbot)"
114.119.148.4 - - [05/Jun/2021:06:32:30 +0000] "GET /page/151/ HTTP/1.1" 200 31862 "-" "Mozilla/5.0 (Linux; Android 7.0;) AppleWebKit/537.36 (KHTML, like Gecko) Mobile Safari/537.36 (compatible; PetalBot;+https://webmaster.petalsearch.com/site/petalbot)"
156.215.189.16 - - [05/Jun/2021:06:32:30 +0000] "POST /xmlrpc.php HTTP/1.1" 403 415 "-" "Mozilla/4.0 (compatible; MSIE 6.0; Windows NT 5.0)"
132.154.26.135 - - [05/Jun/2021:06:32:31 +0000] "GET /superpwa-sw.js HTTP/2.0" 200 1000 "https://www.bimbim.in/medicine/malla-taila/2320" "Mozilla/5.0 (Linux; Android 7.0; Redmi Note 4) AppleWebKit/537.36 (KHTML, like Gecko) Chrome/90.0.4430.210 Mobile Safari/537.36"
132.154.26.135 - - [05/Jun/2021:06:32:31 +0000] "GET /wp-content/uploads/2018/08/bimbim2.jpg HTTP/2.0" 200 731 "https://www.bimbim.in/medicine/malla-taila/2320" "Mozilla/5.0 (Linux; Android 7.0; Redmi Note 4) AppleWebKit/537.36 (KHTML, like Gecko) Chrome/90.0.4430.210 Mobile Safari/537.36"
132.154.26.135 - - [05/Jun/2021:06:32:31 +0000] "GET /wp-content/uploads/2018/08/bimbim2.png HTTP/2.0" 200 45678 "https://www.bimbim.in/medicine/malla-taila/2320" "Mozilla/5.0 (Linux; Android 7.0; Redmi Note 4) AppleWebKit/537.36 (KHTML, like Gecko) Chrome/90.0.4430.210 Mobile Safari/537.36"
66.249.68.24 - - [05/Jun/2021:06:32:31 +0000] "GET /category/home-remedies/ HTTP/1.1" 200 31307 "-" "Mozilla/5.0 (compatible; Googlebot/2.1; +http://www.google.com/bot.html)"
132.154.26.135 - - [05/Jun/2021:06:32:31 +0000] "GET / HTTP/2.0" 200 57792 "https://www.bimbim.in/superpwa-sw.js" "Mozilla/5.0 (Linux; Android 7.0; Redmi Note 4) AppleWebKit/537.36 (KHTML, like Gecko) Chrome/90.0.4430.210 Mobile Safari/537.36"
132.154.26.135 - - [05/Jun/2021:06:32:31 +0000] "GET /superpwa-sw.js HTTP/2.0" 304 0 "https://www.bimbim.in/medicine/malla-taila/2320" "Mozilla/5.0 (Linux; Android 7.0; Redmi Note 4) AppleWebKit/537.36 (KHTML, like Gecko) Chrome/90.0.4430.210 Mobile Safari/537.36"
132.154.26.135 - - [05/Jun/2021:06:32:31 +0000] "GET / HTTP/2.0" 304 0 "https://www.bimbim.in/superpwa-sw.js" "Mozilla/5.0 (Linux; Android 7.0; Redmi Note 4) AppleWebKit/537.36 (KHTML, like Gecko) Chrome/90.0.4430.210 Mobile Safari/537.36"
156.215.189.16 - - [05/Jun/2021:06:32:32 +0000] "POST /wp-login.php HTTP/1.1" 200 8953 "-" "Mozilla/4.0 (compatible; MSIE 6.0; Windows NT 5.0)"
150.107.234.207 - - [05/Jun/2021:06:32:32 +0000] "GET /superpwa-sw.js HTTP/2.0" 304 0 "https://www.bimbim.in/superpwa-sw.js" "Mozilla/5.0 (Linux; Android 11; vivo 1907) AppleWebKit/537.36 (KHTML, like Gecko) Chrome/91.0.4472.88 Mobile Safari/537.36"
17.121.115.34 - - [05/Jun/2021:06:32:33 +0000] "GET /ayurveda/medicinal-uses-of-green-cardamoms/1307/ HTTP/1.1" 200 31588 "-" "Mozilla/5.0 (Macintosh; Intel Mac OS X 10_15_5) AppleWebKit/605.1.15 (KHTML, like Gecko) Version/13.1.1 Safari/605.1.15 (Applebot/0.1; +http://www.apple.com/go/applebot)"
150.107.234.207 - - [05/Jun/2021:06:32:34 +0000] "GET /superpwa-sw.js HTTP/2.0" 304 0 "https://www.bimbim.in/medicine/energol-ma/4101" "Mozilla/5.0 (Linux; Android 11; vivo 1907) AppleWebKit/537.36 (KHTML, like Gecko) Chrome/91.0.4472.88 Mobile Safari/537.36"
186.220.177.14 - - [05/Jun/2021:06:32:34 +0000] "POST /xmlrpc.php HTTP/1.1" 403 415 "-" "Mozilla/4.0 (compatible; MSIE 6.0; Windows NT 5.0)"
186.220.177.14 - - [05/Jun/2021:06:32:36 +0000] "POST /wp-login.php HTTP/1.1" 200 8970 "-" "Mozilla/4.0 (compatible; MSIE 6.0; Windows NT 5.0)"
43.250.156.54 - - [05/Jun/2021:06:32:38 +0000] "GET /medicine/alarsin-fortege/2363 HTTP/2.0" 200 59679 "https://www.google.com/" "Mozilla/5.0 (Linux; Android 8.1.0; SM-J710F) AppleWebKit/537.36 (KHTML, like Gecko) Chrome/90.0.4430.210 Mobile Safari/537.36"
43.250.156.54 - - [05/Jun/2021:06:32:38 +0000] "GET /wp-content/cache/minify/7d482.js HTTP/2.0" 200 239 "https://www.bimbim.in/medicine/alarsin-fortege/2363" "Mozilla/5.0 (Linux; Android 8.1.0; SM-J710F) AppleWebKit/537.36 (KHTML, like Gecko) Chrome/90.0.4430.210 Mobile Safari/537.36"
43.250.156.54 - - [05/Jun/2021:06:32:38 +0000] "GET /wp-content/cache/minify/67148.js HTTP/2.0" 200 1999 "https://www.bimbim.in/medicine/alarsin-fortege/2363" "Mozilla/5.0 (Linux; Android 8.1.0; SM-J710F) AppleWebKit/537.36 (KHTML, like Gecko) Chrome/90.0.4430.210 Mobile Safari/537.36"
43.250.156.54 - - [05/Jun/2021:06:32:38 +0000] "GET /superpwa-manifest.json HTTP/2.0" 200 349 "https://www.bimbim.in/medicine/alarsin-fortege/2363" "Mozilla/5.0 (Linux; Android 8.1.0; SM-J710F) AppleWebKit/537.36 (KHTML, like Gecko) Chrome/90.0.4430.210 Mobile Safari/537.36"
43.250.156.54 - - [05/Jun/2021:06:32:38 +0000] "GET /wp-content/cache/minify/73395.js HTTP/2.0" 200 36647 "https://www.bimbim.in/medicine/alarsin-fortege/2363" "Mozilla/5.0 (Linux; Android 8.1.0; SM-J710F) AppleWebKit/537.36 (KHTML, like Gecko) Chrome/90.0.4430.210 Mobile Safari/537.36"
43.250.156.54 - - [05/Jun/2021:06:32:39 +0000] "GET /wp-content/cache/minify/54359.js HTTP/2.0" 200 4910 "https://www.bimbim.in/medicine/alarsin-fortege/2363" "Mozilla/5.0 (Linux; Android 8.1.0; SM-J710F) AppleWebKit/537.36 (KHTML, like Gecko) Chrome/90.0.4430.210 Mobile Safari/537.36"
43.250.156.54 - - [05/Jun/2021:06:32:39 +0000] "GET /wp-content/cache/minify/9e7c6.js HTTP/2.0" 200 2699 "https://www.bimbim.in/medicine/alarsin-fortege/2363" "Mozilla/5.0 (Linux; Android 8.1.0; SM-J710F) AppleWebKit/537.36 (KHTML, like Gecko) Chrome/90.0.4430.210 Mobile Safari/537.36"
27.97.158.31 - - [05/Jun/2021:06:32:39 +0000] "GET /wp-includes/js/jquery/jquery.js?ver=3.5.1 HTTP/2.0" 200 84810 "https://www.bimbim.in/medicine/safi-hamdard/94" "Mozilla/5.0 (Linux; Android 9; SM-J701F) AppleWebKit/537.36 (KHTML, like Gecko) Chrome/89.0.4389.105 Mobile Safari/537.36"
27.97.158.31 - - [05/Jun/2021:06:32:39 +0000] "GET /superpwa-manifest.json HTTP/2.0" 200 349 "https://www.bimbim.in/medicine/safi-hamdard/94" "Mozilla/5.0 (Linux; Android 9; SM-J701F) AppleWebKit/537.36 (KHTML, like Gecko) Chrome/89.0.4389.105 Mobile Safari/537.36"
192.0.96.186 - - [05/Jun/2021:06:32:39 +0000] "GET /health/image.axd HTTP/1.1" 301 194 "-" "Photon/1.0"
192.0.96.186 - - [05/Jun/2021:06:32:41 +0000] "GET /health/image.axd HTTP/1.1" 410 70 "-" "Photon/1.0"
77.88.5.12 - - [05/Jun/2021:06:32:41 +0000] "GET /sitemap-pt-post-2020-09.xml HTTP/1.1" 200 806 "-" "Mozilla/5.0 (compatible; YandexBot/3.0; +http://yandex.com/bots)"
60.243.220.129 - - [05/Jun/2021:06:32:41 +0000] "GET /ayurveda/maha-triphala-ghrita-for-eye-diseases/1422/ HTTP/2.0" 200 33540 "https://www.bing.com/" "Mozilla/5.0 (Windows NT 10.0; Win64; x64) AppleWebKit/537.36 (KHTML, like Gecko) Chrome/92.0.4515.40 Safari/537.36"
103.39.242.134 - - [05/Jun/2021:06:32:41 +0000] "POST /wp-login.php HTTP/1.1" 200 2443 "-" "Mozilla/5.0 (iPad; CPU OS 12_3_1 like Mac OS X) AppleWebKit/605.1.15 (KHTML, like Gecko) Version/12.1.1 Mobile/15E148 Safari/604.1"
60.243.220.129 - - [05/Jun/2021:06:32:42 +0000] "GET /superpwa-manifest.json HTTP/2.0" 200 305 "https://www.bimbima.com/ayurveda/maha-triphala-ghrita-for-eye-diseases/1422/" "Mozilla/5.0 (Windows NT 10.0; Win64; x64) AppleWebKit/537.36 (KHTML, like Gecko) Chrome/92.0.4515.40 Safari/537.36"
27.97.158.31 - - [05/Jun/2021:06:32:42 +0000] "GET /wp-content/uploads/2015/06/safi-banner2-768x293.jpg HTTP/2.0" 200 47207 "https://www.bimbim.in/medicine/safi-hamdard/94" "Mozilla/5.0 (Linux; Android 9; SM-J701F) AppleWebKit/537.36 (KHTML, like Gecko) Chrome/89.0.4389.105 Mobile Safari/537.36"
157.39.15.25 - - [05/Jun/2021:06:32:42 +0000] "GET /medicine/prabhakar-vati-detail/837 HTTP/2.0" 200 57773 "https://www.google.com/" "Mozilla/5.0 (Linux; Android 10; Redmi Note 8 Pro) AppleWebKit/537.36 (KHTML, like Gecko) Chrome/87.0.4280.101 Mobile Safari/537.36"
157.39.15.25 - - [05/Jun/2021:06:32:43 +0000] "GET /wp-content/cache/minify/f599f.js HTTP/2.0" 200 3641 "https://www.bimbim.in/medicine/prabhakar-vati-detail/837" "Mozilla/5.0 (Linux; Android 10; Redmi Note 8 Pro) AppleWebKit/537.36 (KHTML, like Gecko) Chrome/87.0.4280.101 Mobile Safari/537.36"
157.39.15.25 - - [05/Jun/2021:06:32:43 +0000] "GET /wp-content/cache/minify/73395.js HTTP/2.0" 200 36647 "https://www.bimbim.in/medicine/prabhakar-vati-detail/837" "Mozilla/5.0 (Linux; Android 10; Redmi Note 8 Pro) AppleWebKit/537.36 (KHTML, like Gecko) Chrome/87.0.4280.101 Mobile Safari/537.36"
157.39.15.25 - - [05/Jun/2021:06:32:43 +0000] "GET /wp-content/cache/minify/9e7c6.js HTTP/2.0" 200 2699 "https://www.bimbim.in/medicine/prabhakar-vati-detail/837" "Mozilla/5.0 (Linux; Android 10; Redmi Note 8 Pro) AppleWebKit/537.36 (KHTML, like Gecko) Chrome/87.0.4280.101 Mobile Safari/537.36"
196.188.241.245 - - [05/Jun/2021:06:32:43 +0000] "POST /xmlrpc.php HTTP/1.1" 403 415 "-" "Mozilla/4.0 (compatible; MSIE 6.0; Windows NT 5.0)"
5.188.84.233 - - [05/Jun/2021:06:32:43 +0000] "GET /medicine/ayurwin-nutrigain-detail/2958 HTTP/1.0" 200 261729 "https://www.bimbim.in/medicine/ayurwin-nutrigain-detail/2958#comment-26580/" "Mozilla/5.0 (Windows NT 6.3; Win64; x64) AppleWebKit/537.36 (KHTML, like Gecko) Chrome/83.0.4103.44 Safari/537.36"
5.156.22.220 - - [05/Jun/2021:06:32:44 +0000] "POST /xmlrpc.php HTTP/1.1" 403 415 "-" "Mozilla/4.0 (compatible; MSIE 6.0; Windows NT 5.0)"
220.158.156.181 - - [05/Jun/2021:06:32:44 +0000] "GET /superpwa-manifest.json HTTP/1.1" 200 317 "https://www.bimbima.com/ayurveda/kushmanda-rasayana-benefits-ingredients-dosage/990/" "Mozilla/5.0 (Windows NT 6.3; Win64; x64) AppleWebKit/537.36 (KHTML, like Gecko) Chrome/90.0.4430.212 Safari/537.36"
60.243.220.129 - - [05/Jun/2021:06:32:44 +0000] "GET /superpwa-sw.js HTTP/2.0" 200 1000 "https://www.bimbima.com/ayurveda/maha-triphala-ghrita-for-eye-diseases/1422/" "Mozilla/5.0 (Windows NT 10.0; Win64; x64) AppleWebKit/537.36 (KHTML, like Gecko) Chrome/92.0.4515.40 Safari/537.36"
60.243.220.129 - - [05/Jun/2021:06:32:44 +0000] "GET /wp-content/uploads/2018/08/bimbim2.png HTTP/2.0" 200 45678 "https://www.bimbima.com/ayurveda/maha-triphala-ghrita-for-eye-diseases/1422/" "Mozilla/5.0 (Windows NT 10.0; Win64; x64) AppleWebKit/537.36 (KHTML, like Gecko) Chrome/92.0.4515.40 Safari/537.36"
