171.79.145.230 - - [05/Jun/2021:06:33:57 +0000] "GET /wp-content/uploads/2018/08/bimbim2.jpg HTTP/2.0" 200 731 "https://www.bimbim.in/medicine/vridhivadhika-vati/4397" "Mozilla/5.0 (Linux; Android 7.0; Redmi Note 4) AppleWebKit/537.36 (KHTML, like Gecko) Chrome/90.0.4430.210 Mobile Safari/537.36"
171.79.145.230 - - [05/Jun/2021:06:33:57 +0000] "GET /superpwa-sw.js HTTP/2.0" 200 1000 "https://www.bimbim.in/medicine/vridhivadhika-vati/4397" "Mozilla/5.0 (Linux; Android 7.0; Redmi Note 4) AppleWebKit/537.36 (KHTML, like Gecko) Chrome/90.0.4430.210 Mobile Safari/537.36"
171.79.145.230 - - [05/Jun/2021:06:33:57 +0000] "GET /wp-content/uploads/2018/08/bimbim2.png HTTP/2.0" 200 45678 "https://www.bimbim.in/medicine/vridhivadhika-vati/4397" "Mozilla/5.0 (Linux; Android 7.0; Redmi Note 4) AppleWebKit/537.36 (KHTML, like Gecko) Chrome/90.0.4430.210 Mobile Safari/537.36"
171.79.145.230 - - [05/Jun/2021:06:33:57 +0000] "GET / HTTP/2.0" 200 57792 "https://www.bimbim.in/superpwa-sw.js" "Mozilla/5.0 (Linux; Android 7.0; Redmi Note 4) AppleWebKit/537.36 (KHTML, like Gecko) Chrome/90.0.4430.210 Mobile Safari/537.36"
171.79.145.230 - - [05/Jun/2021:06:33:57 +0000] "GET /superpwa-sw.js HTTP/2.0" 304 0 "https://www.bimbim.in/medicine/vridhivadhika-vati/4397" "Mozilla/5.0 (Linux; Android 7.0; Redmi Note 4) AppleWebKit/537.36 (KHTML, like Gecko) Chrome/90.0.4430.210 Mobile Safari/537.36"
171.79.145.230 - - [05/Jun/2021:06:33:58 +0000] "GET / HTTP/2.0" 304 0 "https://www.bimbim.in/superpwa-sw.js" "Mozilla/5.0 (Linux; Android 7.0; Redmi Note 4) AppleWebKit/537.36 (KHTML, like Gecko) Chrome/90.0.4430.210 Mobile Safari/537.36"
157.38.86.241 - - [05/Jun/2021:06:33:58 +0000] "GET /wp-content/cache/minify/7d482.js HTTP/2.0" 200 239 "https://www.bimbim.in/medicine/kaunch-beej/188" "Mozilla/5.0 (Linux; Android 10; RMX2103) AppleWebKit/537.36 (KHTML, like Gecko) Chrome/91.0.4472.88 Mobile Safari/537.36"
157.38.86.241 - - [05/Jun/2021:06:33:58 +0000] "GET /wp-content/cache/minify/67148.js HTTP/2.0" 200 1999 "https://www.bimbim.in/medicine/kaunch-beej/188" "Mozilla/5.0 (Linux; Android 10; RMX2103) AppleWebKit/537.36 (KHTML, like Gecko) Chrome/91.0.4472.88 Mobile Safari/537.36"
157.38.86.241 - - [05/Jun/2021:06:33:58 +0000] "GET /wp-content/cache/minify/73395.js HTTP/2.0" 200 36647 "https://www.bimbim.in/medicine/kaunch-beej/188" "Mozilla/5.0 (Linux; Android 10; RMX2103) AppleWebKit/537.36 (KHTML, like Gecko) Chrome/91.0.4472.88 Mobile Safari/537.36"
157.38.86.241 - - [05/Jun/2021:06:33:58 +0000] "GET /wp-content/cache/minify/9e7c6.js HTTP/2.0" 200 2699 "https://www.bimbim.in/medicine/kaunch-beej/188" "Mozilla/5.0 (Linux; Android 10; RMX2103) AppleWebKit/537.36 (KHTML, like Gecko) Chrome/91.0.4472.88 Mobile Safari/537.36"
157.38.86.241 - - [05/Jun/2021:06:33:58 +0000] "GET /wp-content/cache/minify/54359.js HTTP/2.0" 200 4910 "https://www.bimbim.in/medicine/kaunch-beej/188" "Mozilla/5.0 (Linux; Android 10; RMX2103) AppleWebKit/537.36 (KHTML, like Gecko) Chrome/91.0.4472.88 Mobile Safari/537.36"
157.38.86.241 - - [05/Jun/2021:06:33:58 +0000] "GET /superpwa-manifest.json HTTP/2.0" 200 349 "https://www.bimbim.in/medicine/kaunch-beej/188" "Mozilla/5.0 (Linux; Android 10; RMX2103) AppleWebKit/537.36 (KHTML, like Gecko) Chrome/91.0.4472.88 Mobile Safari/537.36"
54.36.149.50 - - [05/Jun/2021:06:33:59 +0000] "GET /medicines/blooume-38-urticalcin/333/ HTTP/2.0" 200 52623 "-" "Mozilla/5.0 (compatible; AhrefsBot/7.0; +http://ahrefs.com/robot/)"
27.63.150.161 - - [05/Jun/2021:06:33:59 +0000] "GET /medicine/dashang-lepa/3609 HTTP/2.0" 200 59141 "https://www.google.com/" "Mozilla/5.0 (Linux; Android 9; Redmi Note 8 Pro) AppleWebKit/537.36 (KHTML, like Gecko) Chrome/89.0.4389.86 Mobile Safari/537.36"
27.63.150.161 - - [05/Jun/2021:06:33:59 +0000] "GET /wp-content/cache/minify/7d482.js HTTP/2.0" 200 239 "https://www.bimbim.in/medicine/dashang-lepa/3609" "Mozilla/5.0 (Linux; Android 9; Redmi Note 8 Pro) AppleWebKit/537.36 (KHTML, like Gecko) Chrome/89.0.4389.86 Mobile Safari/537.36"
27.63.150.161 - - [05/Jun/2021:06:33:59 +0000] "GET /wp-content/cache/minify/67148.js HTTP/2.0" 200 1999 "https://www.bimbim.in/medicine/dashang-lepa/3609" "Mozilla/5.0 (Linux; Android 9; Redmi Note 8 Pro) AppleWebKit/537.36 (KHTML, like Gecko) Chrome/89.0.4389.86 Mobile Safari/537.36"
27.63.150.161 - - [05/Jun/2021:06:34:00 +0000] "GET /wp-content/cache/minify/73395.js HTTP/2.0" 200 36647 "https://www.bimbim.in/medicine/dashang-lepa/3609" "Mozilla/5.0 (Linux; Android 9; Redmi Note 8 Pro) AppleWebKit/537.36 (KHTML, like Gecko) Chrome/89.0.4389.86 Mobile Safari/537.36"
27.63.150.161 - - [05/Jun/2021:06:34:00 +0000] "GET /superpwa-manifest.json HTTP/2.0" 200 349 "https://www.bimbim.in/medicine/dashang-lepa/3609" "Mozilla/5.0 (Linux; Android 9; Redmi Note 8 Pro) AppleWebKit/537.36 (KHTML, like Gecko) Chrome/89.0.4389.86 Mobile Safari/537.36"
27.63.150.161 - - [05/Jun/2021:06:34:00 +0000] "GET /wp-content/cache/minify/54359.js HTTP/2.0" 200 4910 "https://www.bimbim.in/medicine/dashang-lepa/3609" "Mozilla/5.0 (Linux; Android 9; Redmi Note 8 Pro) AppleWebKit/537.36 (KHTML, like Gecko) Chrome/89.0.4389.86 Mobile Safari/537.36"
27.63.150.161 - - [05/Jun/2021:06:34:00 +0000] "GET /wp-content/cache/minify/9e7c6.js HTTP/2.0" 200 2699 "https://www.bimbim.in/medicine/dashang-lepa/3609" "Mozilla/5.0 (Linux; Android 9; Redmi Note 8 Pro) AppleWebKit/537.36 (KHTML, like Gecko) Chrome/89.0.4389.86 Mobile Safari/537.36"
88.108.4.74 - - [05/Jun/2021:06:34:01 +0000] "POST /wp-login.php HTTP/1.1" 200 2443 "-" "Mozilla/5.0 (Windows NT 10.0; Win64; x64; rv:60.0) Gecko/20100101 Firefox/60.0"
223.225.138.11 - - [05/Jun/2021:06:34:01 +0000] "GET /medicine/baidyanath-liverex/955 HTTP/2.0" 304 0 "https://www.google.com/" "Mozilla/5.0 (Linux; Android 10; Redmi Note 7 Pro) AppleWebKit/537.36 (KHTML, like Gecko) Chrome/91.0.4472.88 Mobile Safari/537.36"
192.99.101.79 - - [05/Jun/2021:06:34:02 +0000] "GET /health/?tag=/constant%20in%20c%23 HTTP/1.1" 301 194 "-" "Mozilla/5.0 (compatible; MJ12bot/v1.4.8; http://mj12bot.com/)"
220.158.156.181 - - [05/Jun/2021:06:34:03 +0000] "GET /wp-content/uploads/2018/08/bimbim2.png HTTP/1.1" 200 45678 "https://www.bimbima.com/ayurveda/kushmanda-rasayana-benefits-ingredients-dosage/990/" "Mozilla/5.0 (Windows NT 6.3; Win64; x64) AppleWebKit/537.36 (KHTML, like Gecko) Chrome/90.0.4430.212 Safari/537.36"
77.88.5.12 - - [05/Jun/2021:06:34:03 +0000] "GET /sitemap-pt-post-2015-01.xml HTTP/1.1" 200 864 "-" "Mozilla/5.0 (compatible; YandexBot/3.0; +http://yandex.com/bots)"
120.59.29.110 - - [05/Jun/2021:06:34:04 +0000] "POST /xmlrpc.php HTTP/1.1" 403 415 "-" "Mozilla/4.0 (compatible; MSIE 6.0; Windows NT 5.0)"
120.59.29.110 - - [05/Jun/2021:06:34:05 +0000] "POST /wp-login.php HTTP/1.1" 200 8953 "-" "Mozilla/4.0 (compatible; MSIE 6.0; Windows NT 5.0)"
27.63.150.161 - - [05/Jun/2021:06:34:05 +0000] "GET /wp-content/uploads/2018/08/bimbim2.jpg HTTP/2.0" 200 731 "https://www.bimbim.in/medicine/dashang-lepa/3609" "Mozilla/5.0 (Linux; Android 9; Redmi Note 8 Pro) AppleWebKit/537.36 (KHTML, like Gecko) Chrome/89.0.4389.86 Mobile Safari/537.36"
27.63.150.161 - - [05/Jun/2021:06:34:05 +0000] "GET /wp-content/uploads/2018/08/bimbim2.png HTTP/2.0" 200 45678 "https://www.bimbim.in/medicine/dashang-lepa/3609" "Mozilla/5.0 (Linux; Android 9; Redmi Note 8 Pro) AppleWebKit/537.36 (KHTML, like Gecko) Chrome/89.0.4389.86 Mobile Safari/537.36"
157.38.86.241 - - [05/Jun/2021:06:34:05 +0000] "GET /wp-content/uploads/2018/08/bimbim2.jpg HTTP/2.0" 200 731 "https://www.bimbim.in/medicine/kaunch-beej/188" "Mozilla/5.0 (Linux; Android 10; RMX2103) AppleWebKit/537.36 (KHTML, like Gecko) Chrome/91.0.4472.88 Mobile Safari/537.36"
157.38.86.241 - - [05/Jun/2021:06:34:05 +0000] "GET /wp-content/uploads/2018/08/bimbim2.png HTTP/2.0" 200 45678 "https://www.bimbim.in/medicine/kaunch-beej/188" "Mozilla/5.0 (Linux; Android 10; RMX2103) AppleWebKit/537.36 (KHTML, like Gecko) Chrome/91.0.4472.88 Mobile Safari/537.36"
157.38.86.241 - - [05/Jun/2021:06:34:05 +0000] "GET /superpwa-sw.js HTTP/2.0" 200 1000 "https://www.bimbim.in/medicine/kaunch-beej/188" "Mozilla/5.0 (Linux; Android 10; RMX2103) AppleWebKit/537.36 (KHTML, like Gecko) Chrome/91.0.4472.88 Mobile Safari/537.36"
27.63.150.161 - - [05/Jun/2021:06:34:06 +0000] "GET /superpwa-sw.js HTTP/2.0" 304 0 "https://www.bimbim.in/medicine/dashang-lepa/3609" "Mozilla/5.0 (Linux; Android 9; Redmi Note 8 Pro) AppleWebKit/537.36 (KHTML, like Gecko) Chrome/89.0.4389.86 Mobile Safari/537.36"
157.38.86.241 - - [05/Jun/2021:06:34:06 +0000] "GET / HTTP/2.0" 200 57792 "https://www.bimbim.in/superpwa-sw.js" "Mozilla/5.0 (Linux; Android 10; RMX2103) AppleWebKit/537.36 (KHTML, like Gecko) Chrome/91.0.4472.88 Mobile Safari/537.36"
157.38.86.241 - - [05/Jun/2021:06:34:06 +0000] "GET /superpwa-sw.js HTTP/2.0" 304 0 "https://www.bimbim.in/medicine/kaunch-beej/188" "Mozilla/5.0 (Linux; Android 10; RMX2103) AppleWebKit/537.36 (KHTML, like Gecko) Chrome/91.0.4472.88 Mobile Safari/537.36"
77.88.5.12 - - [05/Jun/2021:06:34:06 +0000] "GET /sitemap-pt-post-2021-01.xml HTTP/1.1" 200 717 "-" "Mozilla/5.0 (compatible; YandexBot/3.0; +http://yandex.com/bots)"
157.38.86.241 - - [05/Jun/2021:06:34:06 +0000] "GET / HTTP/2.0" 304 0 "https://www.bimbim.in/superpwa-sw.js" "Mozilla/5.0 (Linux; Android 10; RMX2103) AppleWebKit/537.36 (KHTML, like Gecko) Chrome/91.0.4472.88 Mobile Safari/537.36"
132.154.71.60 - - [05/Jun/2021:06:34:07 +0000] "GET /medicine/amavatari-ras/460 HTTP/2.0" 200 57965 "https://www.google.com/" "Mozilla/5.0 (Linux; Android 10; TECNO CE7) AppleWebKit/537.36 (KHTML, like Gecko) Chrome/80.0.3987.99 Mobile Safari/537.36"
106.223.177.197 - - [05/Jun/2021:06:34:08 +0000] "GET /general/gas-o-fast/3515 HTTP/2.0" 200 59059 "https://www.google.com/" "Mozilla/5.0 (Linux; Android 9; RMX1941) AppleWebKit/537.36 (KHTML, like Gecko) Chrome/89.0.4389.105 Mobile Safari/537.36"
106.223.177.197 - - [05/Jun/2021:06:34:08 +0000] "GET /wp-content/cache/minify/7d482.js HTTP/2.0" 200 239 "https://www.bimbim.in/general/gas-o-fast/3515" "Mozilla/5.0 (Linux; Android 9; RMX1941) AppleWebKit/537.36 (KHTML, like Gecko) Chrome/89.0.4389.105 Mobile Safari/537.36"
106.223.177.197 - - [05/Jun/2021:06:34:08 +0000] "GET /wp-content/cache/minify/67148.js HTTP/2.0" 200 1999 "https://www.bimbim.in/general/gas-o-fast/3515" "Mozilla/5.0 (Linux; Android 9; RMX1941) AppleWebKit/537.36 (KHTML, like Gecko) Chrome/89.0.4389.105 Mobile Safari/537.36"
106.223.177.197 - - [05/Jun/2021:06:34:08 +0000] "GET /wp-content/cache/minify/73395.js HTTP/2.0" 200 36647 "https://www.bimbim.in/general/gas-o-fast/3515" "Mozilla/5.0 (Linux; Android 9; RMX1941) AppleWebKit/537.36 (KHTML, like Gecko) Chrome/89.0.4389.105 Mobile Safari/537.36"
106.223.177.197 - - [05/Jun/2021:06:34:08 +0000] "GET /wp-content/cache/minify/9e7c6.js HTTP/2.0" 200 2699 "https://www.bimbim.in/general/gas-o-fast/3515" "Mozilla/5.0 (Linux; Android 9; RMX1941) AppleWebKit/537.36 (KHTML, like Gecko) Chrome/89.0.4389.105 Mobile Safari/537.36"
106.223.177.197 - - [05/Jun/2021:06:34:08 +0000] "GET /wp-content/cache/minify/54359.js HTTP/2.0" 200 4910 "https://www.bimbim.in/general/gas-o-fast/3515" "Mozilla/5.0 (Linux; Android 9; RMX1941) AppleWebKit/537.36 (KHTML, like Gecko) Chrome/89.0.4389.105 Mobile Safari/537.36"
106.223.177.197 - - [05/Jun/2021:06:34:08 +0000] "GET /superpwa-manifest.json HTTP/2.0" 200 349 "https://www.bimbim.in/general/gas-o-fast/3515" "Mozilla/5.0 (Linux; Android 9; RMX1941) AppleWebKit/537.36 (KHTML, like Gecko) Chrome/89.0.4389.105 Mobile Safari/537.36"
66.249.68.26 - - [05/Jun/2021:06:34:09 +0000] "GET /ayurveda/zandu-balm-for-aches/1265/?amp HTTP/1.1" 200 19164 "-" "Mozilla/5.0 (Linux; Android 6.0.1; Nexus 5X Build/MMB29P) AppleWebKit/537.36 (KHTML, like Gecko) Chrome/90.0.4430.97 Mobile Safari/537.36 (compatible; Googlebot/2.1; +http://www.google.com/bot.html)"
66.249.79.211 - - [05/Jun/2021:06:34:10 +0000] "GET /women/vegina-dryness/80/ HTTP/1.1" 200 52901 "-" "Mozilla/5.0 (compatible; Googlebot/2.1; +http://www.google.com/bot.html)"
201.140.239.248 - - [05/Jun/2021:06:34:12 +0000] "POST /xmlrpc.php HTTP/1.1" 403 415 "-" "Mozilla/4.0 (compatible; MSIE 6.0; Windows NT 5.0)"
132.154.71.60 - - [05/Jun/2021:06:34:12 +0000] "GET /superpwa-sw.js HTTP/2.0" 304 0 "https://www.bimbim.in/superpwa-sw.js" "Mozilla/5.0 (Linux; Android 10; TECNO CE7) AppleWebKit/537.36 (KHTML, like Gecko) Chrome/80.0.3987.99 Mobile Safari/537.36"
132.154.71.60 - - [05/Jun/2021:06:34:12 +0000] "GET /superpwa-sw.js HTTP/2.0" 304 0 "https://www.bimbim.in/medicine/amavatari-ras/460" "Mozilla/5.0 (Linux; Android 10; TECNO CE7) AppleWebKit/537.36 (KHTML, like Gecko) Chrome/80.0.3987.99 Mobile Safari/537.36"
223.225.138.11 - - [05/Jun/2021:06:34:14 +0000] "GET /superpwa-sw.js HTTP/2.0" 304 0 "https://www.bimbim.in/medicine/baidyanath-liverex/955" "Mozilla/5.0 (Linux; Android 10; Redmi Note 7 Pro) AppleWebKit/537.36 (KHTML, like Gecko) Chrome/91.0.4472.88 Mobile Safari/537.36"
66.249.68.24 - - [05/Jun/2021:06:34:14 +0000] "GET /ayurveda/veerya-paushtik-churna/1998/ HTTP/1.1" 200 32532 "-" "Mozilla/5.0 (Linux; Android 6.0.1; Nexus 5X Build/MMB29P) AppleWebKit/537.36 (KHTML, like Gecko) Chrome/90.0.4430.97 Mobile Safari/537.36 (compatible; Googlebot/2.1; +http://www.google.com/bot.html)"
157.55.39.125 - - [05/Jun/2021:06:34:14 +0000] "GET / HTTP/2.0" 200 57792 "-" "Mozilla/5.0 (compatible; bingbot/2.0; +http://www.bing.com/bingbot.htm)"
201.140.239.248 - - [05/Jun/2021:06:34:15 +0000] "POST /wp-login.php HTTP/1.1" 200 8953 "-" "Mozilla/4.0 (compatible; MSIE 6.0; Windows NT 5.0)"
223.225.138.11 - - [05/Jun/2021:06:34:16 +0000] "GET /superpwa-sw.js HTTP/2.0" 304 0 "https://www.bimbim.in/superpwa-sw.js" "Mozilla/5.0 (Linux; Android 10; Redmi Note 7 Pro) AppleWebKit/537.36 (KHTML, like Gecko) Chrome/91.0.4472.88 Mobile Safari/537.36"
27.60.50.92 - - [05/Jun/2021:06:34:16 +0000] "GET /general/patanjali-divya-kesh-taila/3982 HTTP/2.0" 200 60808 "https://www.google.com/" "Mozilla/5.0 (Linux; Android 10; V2022) AppleWebKit/537.36 (KHTML, like Gecko) Chrome/80.0.3987.99 Mobile Safari/537.36"
27.60.50.92 - - [05/Jun/2021:06:34:16 +0000] "GET /superpwa-manifest.json HTTP/2.0" 200 349 "https://www.bimbim.in/general/patanjali-divya-kesh-taila/3982" "Mozilla/5.0 (Linux; Android 10; V2022) AppleWebKit/537.36 (KHTML, like Gecko) Chrome/80.0.3987.99 Mobile Safari/537.36"
27.60.50.92 - - [05/Jun/2021:06:34:16 +0000] "GET /wp-content/cache/minify/7d482.js HTTP/2.0" 200 239 "https://www.bimbim.in/general/patanjali-divya-kesh-taila/3982" "Mozilla/5.0 (Linux; Android 10; V2022) AppleWebKit/537.36 (KHTML, like Gecko) Chrome/80.0.3987.99 Mobile Safari/537.36"
27.60.50.92 - - [05/Jun/2021:06:34:16 +0000] "GET /wp-content/cache/minify/67148.js HTTP/2.0" 200 1999 "https://www.bimbim.in/general/patanjali-divya-kesh-taila/3982" "Mozilla/5.0 (Linux; Android 10; V2022) AppleWebKit/537.36 (KHTML, like Gecko) Chrome/80.0.3987.99 Mobile Safari/537.36"
27.60.50.92 - - [05/Jun/2021:06:34:16 +0000] "GET /wp-content/cache/minify/73395.js HTTP/2.0" 200 36647 "https://www.bimbim.in/general/patanjali-divya-kesh-taila/3982" "Mozilla/5.0 (Linux; Android 10; V2022) AppleWebKit/537.36 (KHTML, like Gecko) Chrome/80.0.3987.99 Mobile Safari/537.36"
27.60.50.92 - - [05/Jun/2021:06:34:16 +0000] "GET /wp-content/cache/minify/9e7c6.js HTTP/2.0" 200 2699 "https://www.bimbim.in/general/patanjali-divya-kesh-taila/3982" "Mozilla/5.0 (Linux; Android 10; V2022) AppleWebKit/537.36 (KHTML, like Gecko) Chrome/80.0.3987.99 Mobile Safari/537.36"
27.60.50.92 - - [05/Jun/2021:06:34:16 +0000] "GET /wp-content/cache/minify/54359.js HTTP/2.0" 200 4910 "https://www.bimbim.in/general/patanjali-divya-kesh-taila/3982" "Mozilla/5.0 (Linux; Android 10; V2022) AppleWebKit/537.36 (KHTML, like Gecko) Chrome/80.0.3987.99 Mobile Safari/537.36"
66.249.68.26 - - [05/Jun/2021:06:34:17 +0000] "GET /ayurveda/medicinal-use-of-harsingarnight-jasmine/1820/?amp HTTP/1.1" 200 25863 "-" "Mozilla/5.0 (Linux; Android 6.0.1; Nexus 5X Build/MMB29P) AppleWebKit/537.36 (KHTML, like Gecko) Chrome/90.0.4430.97 Mobile Safari/537.36 (compatible; Googlebot/2.1; +http://www.google.com/bot.html)"
157.42.16.235 - - [05/Jun/2021:06:34:18 +0000] "GET /wp-content/uploads/2018/01/hematuria-150x150.jpg HTTP/2.0" 200 7811 "-" "Dalvik/2.1.0 (Linux; U; Android 6.0; vivo 1609 Build/MRA58K)"
157.42.16.235 - - [05/Jun/2021:06:34:18 +0000] "GET /wp-content/uploads/2018/01/hematuria-150x150.jpg HTTP/2.0" 200 7811 "-" "Dalvik/2.1.0 (Linux; U; Android 6.0; vivo 1609 Build/MRA58K)"
106.223.177.197 - - [05/Jun/2021:06:34:19 +0000] "GET /wp-content/uploads/2018/08/bimbim2.jpg HTTP/2.0" 200 731 "https://www.bimbim.in/general/gas-o-fast/3515" "Mozilla/5.0 (Linux; Android 9; RMX1941) AppleWebKit/537.36 (KHTML, like Gecko) Chrome/89.0.4389.105 Mobile Safari/537.36"
106.223.177.197 - - [05/Jun/2021:06:34:19 +0000] "GET /superpwa-sw.js HTTP/2.0" 200 1000 "https://www.bimbim.in/general/gas-o-fast/3515" "Mozilla/5.0 (Linux; Android 9; RMX1941) AppleWebKit/537.36 (KHTML, like Gecko) Chrome/89.0.4389.105 Mobile Safari/537.36"
106.223.177.197 - - [05/Jun/2021:06:34:19 +0000] "GET /wp-content/uploads/2018/08/bimbim2.png HTTP/2.0" 200 45678 "https://www.bimbim.in/general/gas-o-fast/3515" "Mozilla/5.0 (Linux; Android 9; RMX1941) AppleWebKit/537.36 (KHTML, like Gecko) Chrome/89.0.4389.105 Mobile Safari/537.36"
106.223.177.197 - - [05/Jun/2021:06:34:19 +0000] "GET / HTTP/2.0" 200 57792 "https://www.bimbim.in/superpwa-sw.js" "Mozilla/5.0 (Linux; Android 9; RMX1941) AppleWebKit/537.36 (KHTML, like Gecko) Chrome/89.0.4389.105 Mobile Safari/537.36"
106.223.177.197 - - [05/Jun/2021:06:34:19 +0000] "GET /superpwa-sw.js HTTP/2.0" 304 0 "https://www.bimbim.in/general/gas-o-fast/3515" "Mozilla/5.0 (Linux; Android 9; RMX1941) AppleWebKit/537.36 (KHTML, like Gecko) Chrome/89.0.4389.105 Mobile Safari/537.36"
106.223.177.197 - - [05/Jun/2021:06:34:19 +0000] "GET / HTTP/2.0" 304 0 "https://www.bimbim.in/superpwa-sw.js" "Mozilla/5.0 (Linux; Android 9; RMX1941) AppleWebKit/537.36 (KHTML, like Gecko) Chrome/89.0.4389.105 Mobile Safari/537.36"
47.29.70.39 - - [05/Jun/2021:06:34:21 +0000] "GET /medicine/panchatikta-ghrita-guggulu/220 HTTP/2.0" 200 59526 "https://www.google.com/" "Mozilla/5.0 (Linux; Android 8.1.0; vivo 1820) AppleWebKit/537.36 (KHTML, like Gecko) Chrome/91.0.4472.77 Mobile Safari/537.36"
47.9.69.124 - - [05/Jun/2021:06:34:23 +0000] "GET /herbs/sharpunkha/430 HTTP/2.0" 200 60943 "https://www.google.com/" "Mozilla/5.0 (Linux; Android 7.0; Prime P4442 Build/NRD90M) AppleWebKit/537.36 (KHTML, like Gecko) Chrome/59.0.3071.125 Mobile Safari/537.36"
27.60.50.92 - - [05/Jun/2021:06:34:24 +0000] "GET /superpwa-sw.js HTTP/2.0" 200 1000 "https://www.bimbim.in/general/patanjali-divya-kesh-taila/3982" "Mozilla/5.0 (Linux; Android 10; V2022) AppleWebKit/537.36 (KHTML, like Gecko) Chrome/80.0.3987.99 Mobile Safari/537.36"
27.60.50.92 - - [05/Jun/2021:06:34:24 +0000] "GET /wp-content/uploads/2018/08/bimbim2.jpg HTTP/2.0" 200 731 "https://www.bimbim.in/general/patanjali-divya-kesh-taila/3982" "Mozilla/5.0 (Linux; Android 10; V2022) AppleWebKit/537.36 (KHTML, like Gecko) Chrome/80.0.3987.99 Mobile Safari/537.36"
27.60.50.92 - - [05/Jun/2021:06:34:24 +0000] "GET /wp-content/uploads/2018/08/bimbim2.png HTTP/2.0" 200 45678 "https://www.bimbim.in/general/patanjali-divya-kesh-taila/3982" "Mozilla/5.0 (Linux; Android 10; V2022) AppleWebKit/537.36 (KHTML, like Gecko) Chrome/80.0.3987.99 Mobile Safari/537.36"
27.60.50.92 - - [05/Jun/2021:06:34:24 +0000] "GET / HTTP/2.0" 200 57792 "https://www.bimbim.in/superpwa-sw.js" "Mozilla/5.0 (Linux; Android 10; V2022) AppleWebKit/537.36 (KHTML, like Gecko) Chrome/80.0.3987.99 Mobile Safari/537.36"
27.60.50.92 - - [05/Jun/2021:06:34:24 +0000] "GET /superpwa-sw.js HTTP/2.0" 304 0 "https://www.bimbim.in/general/patanjali-divya-kesh-taila/3982" "Mozilla/5.0 (Linux; Android 10; V2022) AppleWebKit/537.36 (KHTML, like Gecko) Chrome/80.0.3987.99 Mobile Safari/537.36"
27.60.50.92 - - [05/Jun/2021:06:34:24 +0000] "GET / HTTP/2.0" 304 0 "https://www.bimbim.in/superpwa-sw.js" "Mozilla/5.0 (Linux; Android 10; V2022) AppleWebKit/537.36 (KHTML, like Gecko) Chrome/80.0.3987.99 Mobile Safari/537.36"
109.184.160.204 - - [05/Jun/2021:06:34:24 +0000] "POST /wp-login.php HTTP/1.1" 200 2441 "-" "Mozilla/5.0 (Windows NT 10.0; WOW64; rv:45.0) Gecko/20100101 Firefox/45.0"
47.9.69.124 - - [05/Jun/2021:06:34:25 +0000] "GET /superpwa-sw.js HTTP/2.0" 200 1000 "https://www.bimbim.in/superpwa-sw.js" "Mozilla/5.0 (Linux; Android 7.0; Prime P4442 Build/NRD90M) AppleWebKit/537.36 (KHTML, like Gecko) Chrome/59.0.3071.125 Mobile Safari/537.36"
47.29.70.39 - - [05/Jun/2021:06:34:28 +0000] "GET /superpwa-sw.js HTTP/2.0" 304 0 "https://www.bimbim.in/medicine/panchatikta-ghrita-guggulu/220" "Mozilla/5.0 (Linux; Android 8.1.0; vivo 1820) AppleWebKit/537.36 (KHTML, like Gecko) Chrome/91.0.4472.77 Mobile Safari/537.36"
47.29.70.39 - - [05/Jun/2021:06:34:28 +0000] "GET /wp-content/uploads/2018/08/bimbim2.png HTTP/2.0" 206 1 "https://www.bimbim.in/medicine/panchatikta-ghrita-guggulu/220" "Mozilla/5.0 (Linux; Android 8.1.0; vivo 1820) AppleWebKit/537.36 (KHTML, like Gecko) Chrome/91.0.4472.77 Mobile Safari/537.36"
47.29.70.39 - - [05/Jun/2021:06:34:28 +0000] "GET /wp-content/uploads/2018/08/bimbim2.png HTTP/2.0" 206 12910 "https://www.bimbim.in/medicine/panchatikta-ghrita-guggulu/220" "Mozilla/5.0 (Linux; Android 8.1.0; vivo 1820) AppleWebKit/537.36 (KHTML, like Gecko) Chrome/91.0.4472.77 Mobile Safari/537.36"
47.9.69.124 - - [05/Jun/2021:06:34:29 +0000] "GET /wp-content/uploads/2015/10/sharpunkha-768x511.jpg HTTP/2.0" 200 74063 "https://www.bimbim.in/herbs/sharpunkha/430" "Mozilla/5.0 (Linux; Android 7.0; Prime P4442 Build/NRD90M) AppleWebKit/537.36 (KHTML, like Gecko) Chrome/59.0.3071.125 Mobile Safari/537.36"
37.113.133.157 - - [05/Jun/2021:06:34:29 +0000] "POST /wp-login.php HTTP/1.1" 200 2442 "-" "Mozilla/5.0 (Windows NT 10.0; Win64; x64) AppleWebKit/537.36 (KHTML, like Gecko) Chrome/70.0.3538.102 Safari/537.36 Edge/18.18362"
47.29.70.39 - - [05/Jun/2021:06:34:29 +0000] "GET /superpwa-sw.js HTTP/2.0" 304 0 "https://www.bimbim.in/superpwa-sw.js" "Mozilla/5.0 (Linux; Android 8.1.0; vivo 1820) AppleWebKit/537.36 (KHTML, like Gecko) Chrome/91.0.4472.77 Mobile Safari/537.36"
193.186.4.85 - - [05/Jun/2021:06:34:30 +0000] "GET /abhrak-bhasma/ HTTP/2.0" 200 41128 "-" "Mozilla/5.0 (Linux; Android 9; Unspecified Device) AppleWebKit/537.36 (KHTML, like Gecko) Chrome/91.0.0.0 Mobile Safari/537.36"
212.252.139.165 - - [05/Jun/2021:06:34:30 +0000] "POST /xmlrpc.php HTTP/1.1" 403 415 "-" "Mozilla/4.0 (compatible; MSIE 6.0; Windows NT 5.0)"
64.233.173.53 - - [05/Jun/2021:06:34:30 +0000] "GET /.well-known/traffic-advice HTTP/1.1" 404 33326 "-" "Chrome Privacy Preserving Prefetch Proxy"
77.88.5.12 - - [05/Jun/2021:06:34:31 +0000] "GET /sitemap-pt-post-2021-06.xml HTTP/1.1" 200 729 "-" "Mozilla/5.0 (compatible; YandexBot/3.0; +http://yandex.com/bots)"
212.252.139.165 - - [05/Jun/2021:06:34:31 +0000] "POST /wp-login.php HTTP/1.1" 200 8953 "-" "Mozilla/4.0 (compatible; MSIE 6.0; Windows NT 5.0)"
64.233.173.53 - - [05/Jun/2021:06:34:31 +0000] "GET /.well-known/traffic-advice HTTP/1.1" 404 33326 "-" "Chrome Privacy Preserving Prefetch Proxy"
193.186.4.85 - - [05/Jun/2021:06:34:31 +0000] "GET /wp-content/cache/minify/f0f3c.js HTTP/2.0" 200 2345 "https://ayurhindi.in/abhrak-bhasma/" "Mozilla/5.0 (Linux; Android 9; Unspecified Device) AppleWebKit/537.36 (KHTML, like Gecko) Chrome/91.0.0.0 Mobile Safari/537.36"
193.186.4.85 - - [05/Jun/2021:06:34:31 +0000] "GET /wp-content/cache/minify/cac72.js HTTP/2.0" 200 4003 "https://ayurhindi.in/abhrak-bhasma/" "Mozilla/5.0 (Linux; Android 9; Unspecified Device) AppleWebKit/537.36 (KHTML, like Gecko) Chrome/91.0.0.0 Mobile Safari/537.36"
193.186.4.85 - - [05/Jun/2021:06:34:31 +0000] "GET /wp-content/cache/minify/818c0.js HTTP/2.0" 200 34204 "https://ayurhindi.in/abhrak-bhasma/" "Mozilla/5.0 (Linux; Android 9; Unspecified Device) AppleWebKit/537.36 (KHTML, like Gecko) Chrome/91.0.0.0 Mobile Safari/537.36"
193.186.4.85 - - [05/Jun/2021:06:34:31 +0000] "GET /wp-content/cache/minify/9e7c6.js HTTP/2.0" 200 2699 "https://ayurhindi.in/abhrak-bhasma/" "Mozilla/5.0 (Linux; Android 9; Unspecified Device) AppleWebKit/537.36 (KHTML, like Gecko) Chrome/91.0.0.0 Mobile Safari/537.36"
193.186.4.85 - - [05/Jun/2021:06:34:31 +0000] "GET /wp-content/cache/minify/67148.js HTTP/2.0" 200 1999 "https://ayurhindi.in/abhrak-bhasma/" "Mozilla/5.0 (Linux; Android 9; Unspecified Device) AppleWebKit/537.36 (KHTML, like Gecko) Chrome/91.0.0.0 Mobile Safari/537.36"
47.9.69.124 - - [05/Jun/2021:06:34:31 +0000] "GET / HTTP/2.0" 200 57792 "https://www.bimbim.in/superpwa-sw.js" "Mozilla/5.0 (Linux; Android 7.0; Prime P4442 Build/NRD90M) AppleWebKit/537.36 (KHTML, like Gecko) Chrome/59.0.3071.125 Mobile Safari/537.36"
47.9.69.124 - - [05/Jun/2021:06:34:32 +0000] "GET / HTTP/2.0" 304 0 "https://www.bimbim.in/superpwa-sw.js" "Mozilla/5.0 (Linux; Android 7.0; Prime P4442 Build/NRD90M) AppleWebKit/537.36 (KHTML, like Gecko) Chrome/59.0.3071.125 Mobile Safari/537.36"
66.249.68.24 - - [05/Jun/2021:06:34:33 +0000] "GET /ayurveda/medicinal-uses-of-dronapushpi-gomathumbai/334/?amp HTTP/1.1" 200 16901 "-" "Mozilla/5.0 (Linux; Android 6.0.1; Nexus 5X Build/MMB29P) AppleWebKit/537.36 (KHTML, like Gecko) Chrome/90.0.4430.97 Mobile Safari/537.36 (compatible; Googlebot/2.1; +http://www.google.com/bot.html)"
157.42.70.169 - - [05/Jun/2021:06:34:34 +0000] "GET /liv-amrit/ HTTP/2.0" 200 40116 "https://www.google.com/" "Mozilla/5.0 (Linux; Android 10; M2006C3MII) AppleWebKit/537.36 (KHTML, like Gecko) Chrome/83.0.4103.101 Mobile Safari/537.36"
66.249.68.24 - - [05/Jun/2021:06:34:35 +0000] "GET /medicines/habbe-azaraqi/4043/?amp HTTP/1.1" 200 18844 "-" "Mozilla/5.0 (Linux; Android 6.0.1; Nexus 5X Build/MMB29P) AppleWebKit/537.36 (KHTML, like Gecko) Chrome/90.0.4430.97 Mobile Safari/537.36 (compatible; Googlebot/2.1; +http://www.google.com/bot.html)"
27.63.150.161 - - [05/Jun/2021:06:34:36 +0000] "GET /superpwa-sw.js HTTP/2.0" 304 0 "https://www.bimbim.in/superpwa-sw.js" "Mozilla/5.0 (Linux; Android 9; Redmi Note 8 Pro) AppleWebKit/537.36 (KHTML, like Gecko) Chrome/89.0.4389.86 Mobile Safari/537.36"
66.249.68.24 - - [05/Jun/2021:06:34:36 +0000] "GET /medicines/liv-52-benefits-liver/3808/?amp HTTP/1.1" 200 20871 "-" "Mozilla/5.0 (Linux; Android 6.0.1; Nexus 5X Build/MMB29P) AppleWebKit/537.36 (KHTML, like Gecko) Chrome/90.0.4430.97 Mobile Safari/537.36 (compatible; Googlebot/2.1; +http://www.google.com/bot.html)"
93.89.208.154 - - [05/Jun/2021:06:34:37 +0000] "POST /wp-login.php HTTP/1.1" 200 2442 "-" "Mozilla/5.0 (Windows NT 10.0; Win64; x64) AppleWebKit/537.36 (KHTML, like Gecko) Chrome/73.0.3683.103 Safari/537.36"
193.41.129.53 - - [05/Jun/2021:06:34:39 +0000] "POST /wp-login.php HTTP/1.1" 200 2442 "-" "Mozilla/5.0 (Windows NT 10.0; Win64; x64) AppleWebKit/537.36 (KHTML, like Gecko) Chrome/75.0.3770.100 Safari/537.36"
186.220.177.14 - - [05/Jun/2021:06:34:40 +0000] "POST /xmlrpc.php HTTP/1.1" 403 415 "-" "Mozilla/4.0 (compatible; MSIE 6.0; Windows NT 5.0)"
93.158.161.9 - - [05/Jun/2021:06:34:40 +0000] "GET /sitemap-pt-post-2015-03.xml HTTP/1.1" 200 983 "-" "Mozilla/5.0 (compatible; YandexBot/3.0; +http://yandex.com/bots)"
93.158.161.9 - - [05/Jun/2021:06:34:41 +0000] "GET /sitemap-pt-post-2020-10.xml HTTP/1.1" 200 792 "-" "Mozilla/5.0 (compatible; YandexBot/3.0; +http://yandex.com/bots)"
196.188.241.245 - - [05/Jun/2021:06:34:41 +0000] "POST /xmlrpc.php HTTP/1.1" 403 415 "-" "Mozilla/4.0 (compatible; MSIE 6.0; Windows NT 5.0)"
186.220.177.14 - - [05/Jun/2021:06:34:41 +0000] "POST /wp-login.php HTTP/1.1" 200 8970 "-" "Mozilla/4.0 (compatible; MSIE 6.0; Windows NT 5.0)"
139.167.251.223 - - [05/Jun/2021:06:34:42 +0000] "GET /d/amylase-test/1641/ HTTP/2.0" 200 51864 "https://www.google.com/" "Mozilla/5.0 (Linux; Android 10; Redmi Note 8) AppleWebKit/537.36 (KHTML, like Gecko) Chrome/87.0.4280.101 Mobile Safari/537.36"
196.188.241.245 - - [05/Jun/2021:06:34:42 +0000] "POST /wp-login.php HTTP/1.1" 200 8953 "-" "Mozilla/4.0 (compatible; MSIE 6.0; Windows NT 5.0)"
139.167.251.223 - - [05/Jun/2021:06:34:43 +0000] "GET /superpwa-manifest.json HTTP/2.0" 200 330 "https://health18.in/d/amylase-test/1641/" "Mozilla/5.0 (Linux; Android 10; Redmi Note 8) AppleWebKit/537.36 (KHTML, like Gecko) Chrome/87.0.4280.101 Mobile Safari/537.36"
139.167.251.223 - - [05/Jun/2021:06:34:43 +0000] "GET /wp-content/cache/minify/f0f3c.js HTTP/2.0" 200 2345 "https://health18.in/d/amylase-test/1641/" "Mozilla/5.0 (Linux; Android 10; Redmi Note 8) AppleWebKit/537.36 (KHTML, like Gecko) Chrome/87.0.4280.101 Mobile Safari/537.36"
139.167.251.223 - - [05/Jun/2021:06:34:43 +0000] "GET /wp-content/cache/minify/67148.js HTTP/2.0" 200 1999 "https://health18.in/d/amylase-test/1641/" "Mozilla/5.0 (Linux; Android 10; Redmi Note 8) AppleWebKit/537.36 (KHTML, like Gecko) Chrome/87.0.4280.101 Mobile Safari/537.36"
139.167.251.223 - - [05/Jun/2021:06:34:43 +0000] "GET /wp-content/themes/nirvana/fonts/elusive.woff HTTP/2.0" 200 14737 "https://health18.in/d/amylase-test/1641/" "Mozilla/5.0 (Linux; Android 10; Redmi Note 8) AppleWebKit/537.36 (KHTML, like Gecko) Chrome/87.0.4280.101 Mobile Safari/537.36"
139.167.251.223 - - [05/Jun/2021:06:34:43 +0000] "GET /wp-content/cache/minify/818c0.js HTTP/2.0" 200 34204 "https://health18.in/d/amylase-test/1641/" "Mozilla/5.0 (Linux; Android 10; Redmi Note 8) AppleWebKit/537.36 (KHTML, like Gecko) Chrome/87.0.4280.101 Mobile Safari/537.36"
139.167.251.223 - - [05/Jun/2021:06:34:43 +0000] "GET /wp-content/cache/minify/9e7c6.js HTTP/2.0" 200 2699 "https://health18.in/d/amylase-test/1641/" "Mozilla/5.0 (Linux; Android 10; Redmi Note 8) AppleWebKit/537.36 (KHTML, like Gecko) Chrome/87.0.4280.101 Mobile Safari/537.36"
139.167.251.223 - - [05/Jun/2021:06:34:43 +0000] "GET /wp-content/cache/minify/cac72.js HTTP/2.0" 200 4003 "https://health18.in/d/amylase-test/1641/" "Mozilla/5.0 (Linux; Android 10; Redmi Note 8) AppleWebKit/537.36 (KHTML, like Gecko) Chrome/87.0.4280.101 Mobile Safari/537.36"
157.42.70.169 - - [05/Jun/2021:06:34:43 +0000] "GET /wp-content/cache/minify/9e7c6.js HTTP/2.0" 200 2699 "https://ayurhindi.in/liv-amrit/" "Mozilla/5.0 (Linux; Android 10; M2006C3MII) AppleWebKit/537.36 (KHTML, like Gecko) Chrome/83.0.4103.101 Mobile Safari/537.36"
157.42.70.169 - - [05/Jun/2021:06:34:43 +0000] "GET /wp-content/cache/minify/cac72.js HTTP/2.0" 200 4003 "https://ayurhindi.in/liv-amrit/" "Mozilla/5.0 (Linux; Android 10; M2006C3MII) AppleWebKit/537.36 (KHTML, like Gecko) Chrome/83.0.4103.101 Mobile Safari/537.36"
106.223.49.101 - - [05/Jun/2021:06:34:44 +0000] "GET /wp-content/uploads/2018/09/night-jasmine.jpg HTTP/2.0" 200 20110 "https://myactivity.google.com/" "Mozilla/5.0 (Linux; Android 10; SM-A205F Build/QP1A.190711.020; wv) AppleWebKit/537.36 (KHTML, like Gecko) Version/4.0 Chrome/91.0.4472.88 Mobile Safari/537.36 OcIdWebView ({\x22os\x22:\x22Android\x22,\x22osVersion\x22:\x2229\x22,\x22app\x22:\x22com.google.android.gms\x22,\x22appVersion\x22:\x22218\x22,\x22style\x22:2,\x22isDarkTheme\x22:false})"
139.167.251.223 - - [05/Jun/2021:06:34:44 +0000] "GET /wp-content/themes/nirvana/fonts/opensans-bold-webfont.woff HTTP/2.0" 200 25455 "https://health18.in/d/amylase-test/1641/" "Mozilla/5.0 (Linux; Android 10; Redmi Note 8) AppleWebKit/537.36 (KHTML, like Gecko) Chrome/87.0.4280.101 Mobile Safari/537.36"
139.167.251.223 - - [05/Jun/2021:06:34:46 +0000] "GET /wp-content/themes/nirvana/fonts/opensans-light-webfont.woff HTTP/2.0" 200 24021 "https://health18.in/d/amylase-test/1641/" "Mozilla/5.0 (Linux; Android 10; Redmi Note 8) AppleWebKit/537.36 (KHTML, like Gecko) Chrome/87.0.4280.101 Mobile Safari/537.36"
139.167.251.223 - - [05/Jun/2021:06:34:46 +0000] "GET /wp-content/uploads/2018/08/blood-urine-test.jpg HTTP/2.0" 200 15946 "https://health18.in/d/amylase-test/1641/" "Mozilla/5.0 (Linux; Android 10; Redmi Note 8) AppleWebKit/537.36 (KHTML, like Gecko) Chrome/87.0.4280.101 Mobile Safari/537.36"
27.56.234.115 - - [05/Jun/2021:06:34:46 +0000] "GET /medicine/kumari-asav-no-3/263 HTTP/2.0" 200 61034 "https://www.google.com/" "Mozilla/5.0 (Linux; Android 8.1.0; Redmi 5A) AppleWebKit/537.36 (KHTML, like Gecko) Chrome/90.0.4430.210 Mobile Safari/537.36"
27.56.234.115 - - [05/Jun/2021:06:34:46 +0000] "GET /wp-content/cache/minify/73395.js HTTP/2.0" 200 36647 "https://www.bimbim.in/medicine/kumari-asav-no-3/263" "Mozilla/5.0 (Linux; Android 8.1.0; Redmi 5A) AppleWebKit/537.36 (KHTML, like Gecko) Chrome/90.0.4430.210 Mobile Safari/537.36"
27.56.234.115 - - [05/Jun/2021:06:34:46 +0000] "GET /wp-content/cache/minify/7d482.js HTTP/2.0" 200 239 "https://www.bimbim.in/medicine/kumari-asav-no-3/263" "Mozilla/5.0 (Linux; Android 8.1.0; Redmi 5A) AppleWebKit/537.36 (KHTML, like Gecko) Chrome/90.0.4430.210 Mobile Safari/537.36"
27.56.234.115 - - [05/Jun/2021:06:34:46 +0000] "GET /wp-content/cache/minify/54359.js HTTP/2.0" 200 4910 "https://www.bimbim.in/medicine/kumari-asav-no-3/263" "Mozilla/5.0 (Linux; Android 8.1.0; Redmi 5A) AppleWebKit/537.36 (KHTML, like Gecko) Chrome/90.0.4430.210 Mobile Safari/537.36"
27.56.234.115 - - [05/Jun/2021:06:34:46 +0000] "GET /wp-content/cache/minify/67148.js HTTP/2.0" 200 1999 "https://www.bimbim.in/medicine/kumari-asav-no-3/263" "Mozilla/5.0 (Linux; Android 8.1.0; Redmi 5A) AppleWebKit/537.36 (KHTML, like Gecko) Chrome/90.0.4430.210 Mobile Safari/537.36"
27.56.234.115 - - [05/Jun/2021:06:34:46 +0000] "GET /wp-content/cache/minify/9e7c6.js HTTP/2.0" 200 2699 "https://www.bimbim.in/medicine/kumari-asav-no-3/263" "Mozilla/5.0 (Linux; Android 8.1.0; Redmi 5A) AppleWebKit/537.36 (KHTML, like Gecko) Chrome/90.0.4430.210 Mobile Safari/537.36"
27.56.234.115 - - [05/Jun/2021:06:34:46 +0000] "GET /superpwa-manifest.json HTTP/2.0" 200 349 "https://www.bimbim.in/medicine/kumari-asav-no-3/263" "Mozilla/5.0 (Linux; Android 8.1.0; Redmi 5A) AppleWebKit/537.36 (KHTML, like Gecko) Chrome/90.0.4430.210 Mobile Safari/537.36"
5.188.48.13 - - [05/Jun/2021:06:34:47 +0000] "GET /medicine/ayurwin-nutrigain-detail/2958 HTTP/1.0" 200 261729 "https://www.bimbim.in/medicine/ayurwin-nutrigain-detail/2958#comment-26580/" "Mozilla/5.0 (Windows NT 10.0; Win64; x64) AppleWebKit/537.36 (KHTML, like Gecko) Chrome/83.0.4099.2 Safari/537.36"
47.9.69.124 - - [05/Jun/2021:06:34:47 +0000] "GET /wp-content/uploads/2018/08/bimbim2.jpg HTTP/2.0" 200 731 "https://www.bimbim.in/herbs/sharpunkha/430" "Mozilla/5.0 (Linux; Android 7.0; Prime P4442 Build/NRD90M) AppleWebKit/537.36 (KHTML, like Gecko) Chrome/59.0.3071.125 Mobile Safari/537.36"
5.188.48.13 - - [05/Jun/2021:06:34:48 +0000] "POST /wp-comments-post.php HTTP/1.0" 499 0 "https://www.bimbim.in/medicine/ayurwin-nutrigain-detail/2958#comment-26580/" "Mozilla/5.0 (Windows NT 10.0; Win64; x64) AppleWebKit/537.36 (KHTML, like Gecko) Chrome/83.0.4099.2 Safari/537.36"
1.38.41.85 - - [05/Jun/2021:06:34:48 +0000] "GET /superpwa-sw.js HTTP/2.0" 200 1000 "https://www.bimbim.in/unani/majun-falasfa/4225" "Mozilla/5.0 (Linux; Android 11; M2101K7AI) AppleWebKit/537.36 (KHTML, like Gecko) Chrome/87.0.4280.141 Mobile Safari/537.36"
1.38.41.85 - - [05/Jun/2021:06:34:48 +0000] "GET /wp-content/uploads/2018/08/bimbim2.jpg HTTP/2.0" 200 731 "https://www.bimbim.in/unani/majun-falasfa/4225" "Mozilla/5.0 (Linux; Android 11; M2101K7AI) AppleWebKit/537.36 (KHTML, like Gecko) Chrome/87.0.4280.141 Mobile Safari/537.36"
1.38.41.85 - - [05/Jun/2021:06:34:48 +0000] "GET /wp-content/uploads/2018/08/bimbim2.png HTTP/2.0" 200 45678 "https://www.bimbim.in/unani/majun-falasfa/4225" "Mozilla/5.0 (Linux; Android 11; M2101K7AI) AppleWebKit/537.36 (KHTML, like Gecko) Chrome/87.0.4280.141 Mobile Safari/537.36"
1.38.41.85 - - [05/Jun/2021:06:34:49 +0000] "GET / HTTP/2.0" 200 57792 "https://www.bimbim.in/superpwa-sw.js" "Mozilla/5.0 (Linux; Android 11; M2101K7AI) AppleWebKit/537.36 (KHTML, like Gecko) Chrome/87.0.4280.141 Mobile Safari/537.36"
1.38.41.85 - - [05/Jun/2021:06:34:49 +0000] "GET / HTTP/2.0" 304 0 "https://www.bimbim.in/superpwa-sw.js" "Mozilla/5.0 (Linux; Android 11; M2101K7AI) AppleWebKit/537.36 (KHTML, like Gecko) Chrome/87.0.4280.141 Mobile Safari/537.36"
47.96.169.129 - - [05/Jun/2021:06:34:49 +0000] "POST /wp-login.php HTTP/1.1" 200 2730 "-" "Mozilla/5.0 (Windows NT 6.1) AppleWebKit/537.36 (KHTML, like Gecko) Chrome/61.0.3163.100 Safari/537.36"
106.215.11.228 - - [05/Jun/2021:06:34:49 +0000] "GET /medicine/dashang-lepa/3609 HTTP/2.0" 200 59141 "https://www.google.com/" "Mozilla/5.0 (Windows NT 10.0; Win64; x64) AppleWebKit/537.36 (KHTML, like Gecko) Chrome/91.0.4472.77 Safari/537.36"
66.249.68.24 - - [05/Jun/2021:06:34:49 +0000] "GET /ayurveda/lasunadi-vati-health-benefits/1431/?amp HTTP/1.1" 200 17832 "-" "Mozilla/5.0 (Linux; Android 6.0.1; Nexus 5X Build/MMB29P) AppleWebKit/537.36 (KHTML, like Gecko) Chrome/90.0.4430.97 Mobile Safari/537.36 (compatible; Googlebot/2.1; +http://www.google.com/bot.html)"
139.167.251.223 - - [05/Jun/2021:06:34:50 +0000] "GET /superpwa-sw.js HTTP/2.0" 200 1000 "https://health18.in/d/amylase-test/1641/" "Mozilla/5.0 (Linux; Android 10; Redmi Note 8) AppleWebKit/537.36 (KHTML, like Gecko) Chrome/87.0.4280.101 Mobile Safari/537.36"
139.167.251.223 - - [05/Jun/2021:06:34:50 +0000] "GET /wp-content/uploads/2018/08/h18.jpg HTTP/2.0" 200 768 "https://health18.in/d/amylase-test/1641/" "Mozilla/5.0 (Linux; Android 10; Redmi Note 8) AppleWebKit/537.36 (KHTML, like Gecko) Chrome/87.0.4280.101 Mobile Safari/537.36"
139.167.251.223 - - [05/Jun/2021:06:34:50 +0000] "GET /wp-content/uploads/2018/08/h18-sm.png HTTP/2.0" 200 5090 "https://health18.in/d/amylase-test/1641/" "Mozilla/5.0 (Linux; Android 10; Redmi Note 8) AppleWebKit/537.36 (KHTML, like Gecko) Chrome/87.0.4280.101 Mobile Safari/537.36"
139.167.251.223 - - [05/Jun/2021:06:34:50 +0000] "GET / HTTP/2.0" 200 48210 "https://health18.in/superpwa-sw.js" "Mozilla/5.0 (Linux; Android 10; Redmi Note 8) AppleWebKit/537.36 (KHTML, like Gecko) Chrome/87.0.4280.101 Mobile Safari/537.36"
139.167.251.223 - - [05/Jun/2021:06:34:50 +0000] "GET /superpwa-sw.js HTTP/2.0" 304 0 "https://health18.in/d/amylase-test/1641/" "Mozilla/5.0 (Linux; Android 10; Redmi Note 8) AppleWebKit/537.36 (KHTML, like Gecko) Chrome/87.0.4280.101 Mobile Safari/537.36"
139.167.251.223 - - [05/Jun/2021:06:34:50 +0000] "GET / HTTP/2.0" 304 0 "https://health18.in/superpwa-sw.js" "Mozilla/5.0 (Linux; Android 10; Redmi Note 8) AppleWebKit/537.36 (KHTML, like Gecko) Chrome/87.0.4280.101 Mobile Safari/537.36"
106.215.11.228 - - [05/Jun/2021:06:34:51 +0000] "GET /superpwa-sw.js HTTP/2.0" 304 0 "https://www.bimbim.in/medicine/dashang-lepa/3609" "Mozilla/5.0 (Windows NT 10.0; Win64; x64) AppleWebKit/537.36 (KHTML, like Gecko) Chrome/91.0.4472.77 Safari/537.36"
157.42.36.243 - - [05/Jun/2021:06:34:51 +0000] "GET /wp-content/uploads/2017/08/i-pill-72-250x150.jpg HTTP/2.0" 200 2935 "https://health18.in/s/intercourse/701/" "Mozilla/5.0 (Linux; Android 10; POCO M2 Pro) AppleWebKit/537.36 (KHTML, like Gecko) Chrome/87.0.4280.101 Mobile Safari/537.36"
157.42.36.243 - - [05/Jun/2021:06:34:51 +0000] "GET /wp-content/uploads/2017/10/scabies-250x150.jpg HTTP/2.0" 200 6085 "https://health18.in/s/intercourse/701/" "Mozilla/5.0 (Linux; Android 10; POCO M2 Pro) AppleWebKit/537.36 (KHTML, like Gecko) Chrome/87.0.4280.101 Mobile Safari/537.36"
106.215.230.13 - - [05/Jun/2021:06:34:52 +0000] "GET /wp-content/uploads/2017/08/men-women-150x150.jpg HTTP/2.0" 200 4261 "https://health18.in/ch/damiaplant/1049/" "Mozilla/5.0 (Linux; Android 10; M2010J19SI) AppleWebKit/537.36 (KHTML, like Gecko) Chrome/87.0.4280.101 Mobile Safari/537.36"
45.243.226.23 - - [05/Jun/2021:06:34:52 +0000] "POST /wp-login.php HTTP/1.1" 200 2442 "-" "Mozilla/5.0 (Windows NT 10.0; Win64; x64; rv:69.0) Gecko/20100101 Firefox/69.0"
66.249.68.24 - - [05/Jun/2021:06:34:53 +0000] "GET /medicines/gandha-thailam/3963/?amp HTTP/1.1" 200 16627 "-" "Mozilla/5.0 (Linux; Android 6.0.1; Nexus 5X Build/MMB29P) AppleWebKit/537.36 (KHTML, like Gecko) Chrome/90.0.4430.97 Mobile Safari/537.36 (compatible; Googlebot/2.1; +http://www.google.com/bot.html)"
106.215.11.228 - - [05/Jun/2021:06:34:53 +0000] "GET /superpwa-sw.js HTTP/2.0" 304 0 "https://www.bimbim.in/superpwa-sw.js" "Mozilla/5.0 (Windows NT 10.0; Win64; x64) AppleWebKit/537.36 (KHTML, like Gecko) Chrome/91.0.4472.77 Safari/537.36"
156.215.189.16 - - [05/Jun/2021:06:34:53 +0000] "POST /xmlrpc.php HTTP/1.1" 403 415 "-" "Mozilla/4.0 (compatible; MSIE 6.0; Windows NT 5.0)"
180.211.108.114 - - [05/Jun/2021:06:34:54 +0000] "GET /wp-content/uploads/2017/06/shami-tree-1024x576.jpg HTTP/2.0" 200 159767 "https://www.google.com/" "Mozilla/5.0 (Windows NT 6.3; Win64; x64) AppleWebKit/537.36 (KHTML, like Gecko) Chrome/91.0.4472.77 Safari/537.36"
156.215.189.16 - - [05/Jun/2021:06:34:54 +0000] "POST /wp-login.php HTTP/1.1" 200 8953 "-" "Mozilla/4.0 (compatible; MSIE 6.0; Windows NT 5.0)"
1.38.41.85 - - [05/Jun/2021:06:34:56 +0000] "GET /superpwa-sw.js HTTP/2.0" 304 0 "https://www.bimbim.in/unani/majun-falasfa/4225" "Mozilla/5.0 (Linux; Android 11; M2101K7AI) AppleWebKit/537.36 (KHTML, like Gecko) Chrome/87.0.4280.141 Mobile Safari/537.36"
27.56.234.115 - - [05/Jun/2021:06:34:56 +0000] "GET /wp-content/uploads/2018/08/bimbim2.jpg HTTP/2.0" 200 731 "https://www.bimbim.in/medicine/kumari-asav-no-3/263" "Mozilla/5.0 (Linux; Android 8.1.0; Redmi 5A) AppleWebKit/537.36 (KHTML, like Gecko) Chrome/90.0.4430.210 Mobile Safari/537.36"
27.56.234.115 - - [05/Jun/2021:06:34:56 +0000] "GET /superpwa-sw.js HTTP/2.0" 200 1000 "https://www.bimbim.in/medicine/kumari-asav-no-3/263" "Mozilla/5.0 (Linux; Android 8.1.0; Redmi 5A) AppleWebKit/537.36 (KHTML, like Gecko) Chrome/90.0.4430.210 Mobile Safari/537.36"
27.56.234.115 - - [05/Jun/2021:06:34:56 +0000] "GET /wp-content/uploads/2018/08/bimbim2.png HTTP/2.0" 200 45678 "https://www.bimbim.in/medicine/kumari-asav-no-3/263" "Mozilla/5.0 (Linux; Android 8.1.0; Redmi 5A) AppleWebKit/537.36 (KHTML, like Gecko) Chrome/90.0.4430.210 Mobile Safari/537.36"
182.75.189.173 - - [05/Jun/2021:06:34:56 +0000] "POST /xmlrpc.php HTTP/1.1" 403 415 "-" "Mozilla/4.0 (compatible; MSIE 6.0; Windows NT 5.0)"
27.56.234.115 - - [05/Jun/2021:06:34:56 +0000] "GET / HTTP/2.0" 200 57792 "https://www.bimbim.in/superpwa-sw.js" "Mozilla/5.0 (Linux; Android 8.1.0; Redmi 5A) AppleWebKit/537.36 (KHTML, like Gecko) Chrome/90.0.4430.210 Mobile Safari/537.36"
27.56.234.115 - - [05/Jun/2021:06:34:56 +0000] "GET /superpwa-sw.js HTTP/2.0" 304 0 "https://www.bimbim.in/medicine/kumari-asav-no-3/263" "Mozilla/5.0 (Linux; Android 8.1.0; Redmi 5A) AppleWebKit/537.36 (KHTML, like Gecko) Chrome/90.0.4430.210 Mobile Safari/537.36"
27.56.234.115 - - [05/Jun/2021:06:34:56 +0000] "GET / HTTP/2.0" 304 0 "https://www.bimbim.in/superpwa-sw.js" "Mozilla/5.0 (Linux; Android 8.1.0; Redmi 5A) AppleWebKit/537.36 (KHTML, like Gecko) Chrome/90.0.4430.210 Mobile Safari/537.36"
182.75.189.173 - - [05/Jun/2021:06:34:57 +0000] "POST /wp-login.php HTTP/1.1" 200 8953 "-" "Mozilla/4.0 (compatible; MSIE 6.0; Windows NT 5.0)"
192.99.101.79 - - [05/Jun/2021:06:34:59 +0000] "GET /health/?tag=/constant%20in%20c%23 HTTP/1.1" 200 28757 "-" "Mozilla/5.0 (compatible; MJ12bot/v1.4.8; http://mj12bot.com/)"
93.158.161.9 - - [05/Jun/2021:06:35:01 +0000] "GET /sitemap-pt-post-2014-04.xml HTTP/1.1" 200 753 "-" "Mozilla/5.0 (compatible; YandexBot/3.0; +http://yandex.com/bots)"
66.249.79.25 - - [05/Jun/2021:06:35:01 +0000] "GET /medicine/amritaprasa-ghritam/642 HTTP/1.1" 200 59228 "-" "Mozilla/5.0 (compatible; Googlebot/2.1; +http://www.google.com/bot.html)"
66.249.68.24 - - [05/Jun/2021:06:35:02 +0000] "GET /herbs/cassia-tora/3035/?amp HTTP/1.1" 200 20504 "-" "Mozilla/5.0 (Linux; Android 6.0.1; Nexus 5X Build/MMB29P) AppleWebKit/537.36 (KHTML, like Gecko) Chrome/90.0.4430.97 Mobile Safari/537.36 (compatible; Googlebot/2.1; +http://www.google.com/bot.html)"
54.85.125.38 - - [05/Jun/2021:06:35:04 +0000] "GET /feed/ HTTP/2.0" 200 111660 "-" "curl"
114.119.145.25 - - [05/Jun/2021:06:35:04 +0000] "GET /herbs/indian-indigo-plant-or-neel-herb-detail/906?amp HTTP/1.1" 301 5 "-" "Mozilla/5.0 (Linux; Android 7.0;) AppleWebKit/537.36 (KHTML, like Gecko) Mobile Safari/537.36 (compatible; PetalBot;+https://webmaster.petalsearch.com/site/petalbot)"
27.97.158.31 - - [05/Jun/2021:06:35:05 +0000] "GET /superpwa-sw.js HTTP/2.0" 200 1000 "https://www.bimbim.in/medicine/safi-hamdard/94" "Mozilla/5.0 (Linux; Android 9; SM-J701F) AppleWebKit/537.36 (KHTML, like Gecko) Chrome/89.0.4389.105 Mobile Safari/537.36"
27.97.158.31 - - [05/Jun/2021:06:35:05 +0000] "GET /wp-content/uploads/2018/08/bimbim2.jpg HTTP/2.0" 200 731 "https://www.bimbim.in/medicine/safi-hamdard/94" "Mozilla/5.0 (Linux; Android 9; SM-J701F) AppleWebKit/537.36 (KHTML, like Gecko) Chrome/89.0.4389.105 Mobile Safari/537.36"
27.97.158.31 - - [05/Jun/2021:06:35:05 +0000] "GET /wp-content/uploads/2018/08/bimbim2.png HTTP/2.0" 200 45678 "https://www.bimbim.in/medicine/safi-hamdard/94" "Mozilla/5.0 (Linux; Android 9; SM-J701F) AppleWebKit/537.36 (KHTML, like Gecko) Chrome/89.0.4389.105 Mobile Safari/537.36"
120.59.29.110 - - [05/Jun/2021:06:35:05 +0000] "POST /xmlrpc.php HTTP/1.1" 403 415 "-" "Mozilla/4.0 (compatible; MSIE 6.0; Windows NT 5.0)"
120.59.29.110 - - [05/Jun/2021:06:35:06 +0000] "POST /wp-login.php HTTP/1.1" 200 8953 "-" "Mozilla/4.0 (compatible; MSIE 6.0; Windows NT 5.0)"
132.154.71.60 - - [05/Jun/2021:06:35:08 +0000] "GET /superpwa-sw.js HTTP/2.0" 304 0 "https://www.bimbim.in/superpwa-sw.js" "Mozilla/5.0 (Linux; Android 10; TECNO CE7) AppleWebKit/537.36 (KHTML, like Gecko) Chrome/80.0.3987.99 Mobile Safari/537.36"
206.189.143.98 - - [05/Jun/2021:06:35:08 +0000] "POST /wp-cron.php?doing_wp_cron=1622874908.9203999042510986328125 HTTP/1.1" 200 31 "https://gademurde.com/wp-cron.php?doing_wp_cron=1622874908.9203999042510986328125" "WordPress/5.6; https://gademurde.com"
114.119.145.25 - - [05/Jun/2021:06:35:09 +0000] "GET /herbs/indian-indigo-plant-or-neel-herb-detail/906/?amp HTTP/1.1" 200 14910 "-" "Mozilla/5.0 (Linux; Android 7.0;) AppleWebKit/537.36 (KHTML, like Gecko) Mobile Safari/537.36 (compatible; PetalBot;+https://webmaster.petalsearch.com/site/petalbot)"
64.6.231.76 - - [05/Jun/2021:06:35:09 +0000] "POST /wp-login.php HTTP/1.1" 200 2553 "-" "Mozilla/5.0 (Windows NT 6.1) AppleWebKit/537.36 (KHTML, like Gecko) Chrome/80.0.3987.132 Safari/537.36"
206.189.143.98 - - [05/Jun/2021:06:35:09 +0000] "GET /sitemap_index.xml HTTP/1.1" 404 5920 "https://gademurde.com/sitemap_index.xml" "W3 Total Cache"
27.97.158.31 - - [05/Jun/2021:06:35:10 +0000] "GET /superpwa-sw.js HTTP/2.0" 304 0 "https://www.bimbim.in/medicine/safi-hamdard/94" "Mozilla/5.0 (Linux; Android 9; SM-J701F) AppleWebKit/537.36 (KHTML, like Gecko) Chrome/89.0.4389.105 Mobile Safari/537.36"
27.97.158.31 - - [05/Jun/2021:06:35:10 +0000] "GET / HTTP/2.0" 200 57792 "https://www.bimbim.in/superpwa-sw.js" "Mozilla/5.0 (Linux; Android 9; SM-J701F) AppleWebKit/537.36 (KHTML, like Gecko) Chrome/89.0.4389.105 Mobile Safari/537.36"
85.25.103.45 - - [05/Jun/2021:06:35:11 +0000] "GET /gandhak-rasayan HTTP/1.1" 301 31 "-" "ias-va/3.1 (+https://www.admantx.com/service-fetcher.html)"
27.97.158.31 - - [05/Jun/2021:06:35:11 +0000] "GET / HTTP/2.0" 304 0 "https://www.bimbim.in/superpwa-sw.js" "Mozilla/5.0 (Linux; Android 9; SM-J701F) AppleWebKit/537.36 (KHTML, like Gecko) Chrome/89.0.4389.105 Mobile Safari/537.36"
85.25.103.45 - - [05/Jun/2021:06:35:11 +0000] "GET /gandhak-rasayan/ HTTP/1.1" 200 40731 "-" "ias-va/3.1 (+https://www.admantx.com/service-fetcher.html)"
5.156.22.220 - - [05/Jun/2021:06:35:12 +0000] "POST /xmlrpc.php HTTP/1.1" 403 415 "-" "Mozilla/4.0 (compatible; MSIE 6.0; Windows NT 5.0)"
5.156.22.220 - - [05/Jun/2021:06:35:14 +0000] "POST /wp-login.php HTTP/1.1" 200 8953 "-" "Mozilla/4.0 (compatible; MSIE 6.0; Windows NT 5.0)"
93.158.161.9 - - [05/Jun/2021:06:35:15 +0000] "GET /sitemap-pt-post-2013-12.xml HTTP/1.1" 200 774 "-" "Mozilla/5.0 (compatible; YandexBot/3.0; +http://yandex.com/bots)"
139.167.251.223 - - [05/Jun/2021:06:35:15 +0000] "GET /wp-content/uploads/2017/09/diabetes-managment-150x150.jpg HTTP/2.0" 200 5452 "https://health18.in/d/amylase-test/1641/" "Mozilla/5.0 (Linux; Android 10; Redmi Note 8) AppleWebKit/537.36 (KHTML, like Gecko) Chrome/87.0.4280.101 Mobile Safari/537.36"
139.167.251.223 - - [05/Jun/2021:06:35:17 +0000] "GET /wp-content/uploads/2018/08/urine-test-150x150.jpg HTTP/2.0" 200 2598 "https://health18.in/d/amylase-test/1641/" "Mozilla/5.0 (Linux; Android 10; Redmi Note 8) AppleWebKit/537.36 (KHTML, like Gecko) Chrome/87.0.4280.101 Mobile Safari/537.36"
180.211.108.114 - - [05/Jun/2021:06:35:17 +0000] "GET /herbs/shami-tree/3721 HTTP/2.0" 200 63820 "https://www.google.com/" "Mozilla/5.0 (Windows NT 6.3; Win64; x64) AppleWebKit/537.36 (KHTML, like Gecko) Chrome/91.0.4472.77 Safari/537.36"
180.211.108.114 - - [05/Jun/2021:06:35:18 +0000] "GET /superpwa-manifest.json HTTP/2.0" 200 349 "https://www.bimbim.in/herbs/shami-tree/3721" "Mozilla/5.0 (Windows NT 6.3; Win64; x64) AppleWebKit/537.36 (KHTML, like Gecko) Chrome/91.0.4472.77 Safari/537.36"
180.211.108.114 - - [05/Jun/2021:06:35:18 +0000] "GET /wp-content/cache/minify/7d482.js HTTP/2.0" 200 239 "https://www.bimbim.in/herbs/shami-tree/3721" "Mozilla/5.0 (Windows NT 6.3; Win64; x64) AppleWebKit/537.36 (KHTML, like Gecko) Chrome/91.0.4472.77 Safari/537.36"
180.211.108.114 - - [05/Jun/2021:06:35:18 +0000] "GET /wp-content/cache/minify/67148.js HTTP/2.0" 200 1999 "https://www.bimbim.in/herbs/shami-tree/3721" "Mozilla/5.0 (Windows NT 6.3; Win64; x64) AppleWebKit/537.36 (KHTML, like Gecko) Chrome/91.0.4472.77 Safari/537.36"
180.211.108.114 - - [05/Jun/2021:06:35:18 +0000] "GET /wp-content/cache/minify/73395.js HTTP/2.0" 200 36647 "https://www.bimbim.in/herbs/shami-tree/3721" "Mozilla/5.0 (Windows NT 6.3; Win64; x64) AppleWebKit/537.36 (KHTML, like Gecko) Chrome/91.0.4472.77 Safari/537.36"
