157.34.135.3 - - [05/Jun/2021:06:28:58 +0000] "GET /wp-content/cache/minify/54359.js HTTP/2.0" 200 4910 "https://www.bimbim.in/herbs/black-pepper/2717" "Mozilla/5.0 (Linux; Android 10; RMX2193) AppleWebKit/537.36 (KHTML, like Gecko) Chrome/88.0.4324.93 Mobile Safari/537.36"
157.34.135.3 - - [05/Jun/2021:06:28:58 +0000] "GET /wp-content/cache/minify/9e7c6.js HTTP/2.0" 200 2699 "https://www.bimbim.in/herbs/black-pepper/2717" "Mozilla/5.0 (Linux; Android 10; RMX2193) AppleWebKit/537.36 (KHTML, like Gecko) Chrome/88.0.4324.93 Mobile Safari/537.36"
157.34.135.3 - - [05/Jun/2021:06:28:58 +0000] "GET /herbs/black-pepper/2717 HTTP/2.0" 200 62840 "https://www.google.com/" "Mozilla/5.0 (Linux; Android 10; RMX2193) AppleWebKit/537.36 (KHTML, like Gecko) Chrome/88.0.4324.93 Mobile Safari/537.36"
120.59.29.110 - - [05/Jun/2021:06:28:59 +0000] "POST /wp-login.php HTTP/1.1" 200 8953 "-" "Mozilla/4.0 (compatible; MSIE 6.0; Windows NT 5.0)"
206.189.143.98 - - [05/Jun/2021:06:29:00 +0000] "POST /wp-cron.php?doing_wp_cron=1622874540.6485478878021240234375 HTTP/1.1" 200 31 "https://www.draparajita.com/wp-cron.php?doing_wp_cron=1622874540.6485478878021240234375" "WordPress/5.6.2; https://www.draparajita.com"
185.178.45.37 - - [05/Jun/2021:06:29:00 +0000] "POST /wp-login.php HTTP/1.1" 200 2592 "-" "Mozilla/5.0 (Windows NT 6.1; Win64; x64) AppleWebKit/537.36 (KHTML, like Gecko) Chrome/60.0.3112.113 Safari/537.36"
157.34.135.3 - - [05/Jun/2021:06:29:01 +0000] "GET /wp-includes/js/jquery/jquery.js?ver=3.5.1 HTTP/2.0" 200 84810 "https://www.bimbim.in/herbs/black-pepper/2717" "Mozilla/5.0 (Linux; Android 10; RMX2193) AppleWebKit/537.36 (KHTML, like Gecko) Chrome/88.0.4324.93 Mobile Safari/537.36"
206.189.143.98 - - [05/Jun/2021:06:29:01 +0000] "GET /sitemap_index.xml HTTP/1.1" 200 318 "https://www.draparajita.com/sitemap_index.xml" "W3 Total Cache"
206.189.143.98 - - [05/Jun/2021:06:29:01 +0000] "GET /post-sitemap1.xml HTTP/1.1" 200 1158 "https://www.draparajita.com/post-sitemap1.xml" "W3 Total Cache"
206.189.143.98 - - [05/Jun/2021:06:29:02 +0000] "GET /post-sitemap2.xml HTTP/1.1" 200 394 "https://www.draparajita.com/post-sitemap2.xml" "W3 Total Cache"
206.189.143.98 - - [05/Jun/2021:06:29:02 +0000] "GET /page-sitemap.xml HTTP/1.1" 200 479 "https://www.draparajita.com/page-sitemap.xml" "W3 Total Cache"
206.189.143.98 - - [05/Jun/2021:06:29:02 +0000] "GET / HTTP/1.1" 200 50307 "https://www.draparajita.com/" "WordPress"
206.189.143.98 - - [05/Jun/2021:06:29:02 +0000] "GET /info/sid/293/ HTTP/1.1" 200 50853 "https://www.draparajita.com/info/sid/293/" "WordPress"
206.189.143.98 - - [05/Jun/2021:06:29:02 +0000] "GET /how-to/acne/38/ HTTP/1.1" 200 52528 "https://www.draparajita.com/how-to/acne/38/" "WordPress"
206.189.143.98 - - [05/Jun/2021:06:29:02 +0000] "GET /medicines/aconite-napellus/34/ HTTP/1.1" 200 52996 "https://www.draparajita.com/medicines/aconite-napellus/34/" "WordPress"
206.189.143.98 - - [05/Jun/2021:06:29:02 +0000] "GET /medicines/prostonum-drops/323/ HTTP/1.1" 200 54202 "https://www.draparajita.com/medicines/prostonum-drops/323/" "WordPress"
206.189.143.98 - - [05/Jun/2021:06:29:02 +0000] "GET /herbs/andrographis-paniculata/321/ HTTP/1.1" 200 53950 "https://www.draparajita.com/herbs/andrographis-paniculata/321/" "WordPress"
206.189.143.98 - - [05/Jun/2021:06:29:02 +0000] "GET /medicines/curoplus/317/ HTTP/1.1" 200 52418 "https://www.draparajita.com/medicines/curoplus/317/" "WordPress"
206.189.143.98 - - [05/Jun/2021:06:29:02 +0000] "GET /medicines/sbl-homeocal/315/ HTTP/1.1" 200 52751 "https://www.draparajita.com/medicines/sbl-homeocal/315/" "WordPress"
206.189.143.98 - - [05/Jun/2021:06:29:02 +0000] "GET /medicines/urinary-catheterisation/300/ HTTP/1.1" 200 52447 "https://www.draparajita.com/medicines/urinary-catheterisation/300/" "WordPress"
206.189.143.98 - - [05/Jun/2021:06:29:02 +0000] "GET /medicines/utrofyne-syrup/297/ HTTP/1.1" 200 54540 "https://www.draparajita.com/medicines/utrofyne-syrup/297/" "WordPress"
206.189.143.98 - - [05/Jun/2021:06:29:02 +0000] "POST /wp-cron.php?doing_wp_cron=1622874542.8714470863342285156250 HTTP/1.1" 200 31 "https://www.code4copy.com/wp-cron.php?doing_wp_cron=1622874542.8714470863342285156250" "WordPress/5.7.2; https://www.code4copy.com"
157.34.135.3 - - [05/Jun/2021:06:29:03 +0000] "GET /wp-content/uploads/2016/09/black-pepper-768x512.jpg HTTP/2.0" 200 74221 "https://www.bimbim.in/herbs/black-pepper/2717" "Mozilla/5.0 (Linux; Android 10; RMX2193) AppleWebKit/537.36 (KHTML, like Gecko) Chrome/88.0.4324.93 Mobile Safari/537.36"
40.77.167.105 - - [05/Jun/2021:06:29:03 +0000] "GET /java/httpclient-get/ HTTP/2.0" 200 37107 "-" "Mozilla/5.0 (compatible; bingbot/2.0; +http://www.bing.com/bingbot.htm)"
66.249.79.25 - - [05/Jun/2021:06:29:04 +0000] "GET /medicine/kushtha-kuthar-ras/899 HTTP/1.1" 200 58946 "-" "Mozilla/5.0 (Linux; Android 6.0.1; Nexus 5X Build/MMB29P) AppleWebKit/537.36 (KHTML, like Gecko) Chrome/90.0.4430.97 Mobile Safari/537.36 (compatible; Googlebot/2.1; +http://www.google.com/bot.html)"
157.34.135.3 - - [05/Jun/2021:06:29:04 +0000] "GET /superpwa-manifest.json HTTP/2.0" 200 349 "https://www.bimbim.in/herbs/black-pepper/2717" "Mozilla/5.0 (Linux; Android 10; RMX2193) AppleWebKit/537.36 (KHTML, like Gecko) Chrome/88.0.4324.93 Mobile Safari/537.36"
14.139.48.34 - - [05/Jun/2021:06:29:05 +0000] "GET /superpwa-sw.js HTTP/2.0" 304 0 "https://www.bimbim.in/superpwa-sw.js" "Mozilla/5.0 (Linux; Android 11; SM-M307F) AppleWebKit/537.36 (KHTML, like Gecko) Chrome/90.0.4430.210 Mobile Safari/537.36"
157.33.81.191 - - [05/Jun/2021:06:29:06 +0000] "GET /herbs/black-seed-oil/4064/ HTTP/2.0" 200 34054 "https://www.google.com/" "Mozilla/5.0 (Windows NT 10.0; Win64; x64) AppleWebKit/537.36 (KHTML, like Gecko) Chrome/91.0.4472.77 Safari/537.36"
157.33.81.191 - - [05/Jun/2021:06:29:07 +0000] "GET /superpwa-manifest.json HTTP/2.0" 200 305 "https://www.bimbima.com/herbs/black-seed-oil/4064/" "Mozilla/5.0 (Windows NT 10.0; Win64; x64) AppleWebKit/537.36 (KHTML, like Gecko) Chrome/91.0.4472.77 Safari/537.36"
157.34.135.3 - - [05/Jun/2021:06:29:09 +0000] "GET /wp-includes/js/jquery/jquery-migrate.min.js?ver=5.7.2 HTTP/2.0" 200 4169 "https://www.bimbim.in/herbs/black-pepper/2717" "Mozilla/5.0 (Linux; Android 10; RMX2193) AppleWebKit/537.36 (KHTML, like Gecko) Chrome/88.0.4324.93 Mobile Safari/537.36"
91.187.132.28 - - [05/Jun/2021:06:29:09 +0000] "POST /wp-login.php HTTP/1.1" 200 2443 "-" "Mozilla/5.0 (X11; Linux x86_64) AppleWebKit/537.36 (KHTML, like Gecko) Chrome/76.0.3809.87 Safari/537.36"
157.33.81.191 - - [05/Jun/2021:06:29:10 +0000] "GET /wp-content/uploads/2018/08/bimbim2.png HTTP/2.0" 200 45678 "https://www.bimbima.com/herbs/black-seed-oil/4064/" "Mozilla/5.0 (Windows NT 10.0; Win64; x64) AppleWebKit/537.36 (KHTML, like Gecko) Chrome/91.0.4472.77 Safari/537.36"
157.33.81.191 - - [05/Jun/2021:06:29:10 +0000] "GET /superpwa-sw.js HTTP/2.0" 200 1000 "https://www.bimbima.com/herbs/black-seed-oil/4064/" "Mozilla/5.0 (Windows NT 10.0; Win64; x64) AppleWebKit/537.36 (KHTML, like Gecko) Chrome/91.0.4472.77 Safari/537.36"
157.33.81.191 - - [05/Jun/2021:06:29:10 +0000] "GET / HTTP/2.0" 200 32276 "https://www.bimbima.com/superpwa-sw.js" "Mozilla/5.0 (Windows NT 10.0; Win64; x64) AppleWebKit/537.36 (KHTML, like Gecko) Chrome/91.0.4472.77 Safari/537.36"
157.33.81.191 - - [05/Jun/2021:06:29:10 +0000] "GET /superpwa-sw.js HTTP/2.0" 304 0 "https://www.bimbima.com/herbs/black-seed-oil/4064/" "Mozilla/5.0 (Windows NT 10.0; Win64; x64) AppleWebKit/537.36 (KHTML, like Gecko) Chrome/91.0.4472.77 Safari/537.36"
157.33.81.191 - - [05/Jun/2021:06:29:11 +0000] "GET / HTTP/2.0" 304 0 "https://www.bimbima.com/superpwa-sw.js" "Mozilla/5.0 (Windows NT 10.0; Win64; x64) AppleWebKit/537.36 (KHTML, like Gecko) Chrome/91.0.4472.77 Safari/537.36"
17.121.115.62 - - [05/Jun/2021:06:29:11 +0000] "GET /ayurveda/medicinal-uses-of-amaltascassia-fistula/351/ HTTP/1.1" 200 34244 "-" "Mozilla/5.0 (Macintosh; Intel Mac OS X 10_15_5) AppleWebKit/605.1.15 (KHTML, like Gecko) Version/13.1.1 Safari/605.1.15 (Applebot/0.1; +http://www.apple.com/go/applebot)"
193.188.123.83 - - [05/Jun/2021:06:29:15 +0000] "POST /wp-login.php HTTP/1.1" 200 2443 "-" "Mozilla/5.0 (Windows NT 10.0; WOW64; rv:45.0) Gecko/20100101 Firefox/45.0"
66.249.68.28 - - [05/Jun/2021:06:29:16 +0000] "GET /ayurveda/medicinal-uses-of-climbing-brinjal-thuthuvalai/333/?amp HTTP/1.1" 200 17670 "-" "Mozilla/5.0 (Linux; Android 6.0.1; Nexus 5X Build/MMB29P) AppleWebKit/537.36 (KHTML, like Gecko) Chrome/90.0.4430.97 Mobile Safari/537.36 (compatible; Googlebot/2.1; +http://www.google.com/bot.html)"
106.205.139.200 - - [05/Jun/2021:06:29:16 +0000] "GET /wp-content/uploads/2018/08/bimbim2.jpg HTTP/2.0" 200 731 "https://www.bimbim.in/medicine/jantughna-vati/612" "Mozilla/5.0 (Linux; Android 7.0; vivo 1714 Build/NRD90M) AppleWebKit/537.36 (KHTML, like Gecko) Chrome/64.0.3282.137 Mobile Safari/537.36"
157.34.59.168 - - [05/Jun/2021:06:29:17 +0000] "GET /medicine/hingwastak-churna/3824 HTTP/2.0" 200 62813 "https://www.google.co.in/" "Mozilla/5.0 (Linux; Android 10; RMX1825) AppleWebKit/537.36 (KHTML, like Gecko) Chrome/89.0.4389.105 Mobile Safari/537.36 OPR/63.3.3216.58675"
220.158.156.181 - - [05/Jun/2021:06:29:20 +0000] "GET /ayurveda/kushmanda-rasayana-benefits-ingredients-dosage/990/ HTTP/1.1" 200 33645 "https://www.google.com/" "Mozilla/5.0 (Windows NT 6.3; Win64; x64) AppleWebKit/537.36 (KHTML, like Gecko) Chrome/90.0.4430.212 Safari/537.36"
192.99.101.79 - - [05/Jun/2021:06:29:22 +0000] "GET /health/?tag=/city%20palace%20udaipur HTTP/1.1" 301 194 "-" "Mozilla/5.0 (compatible; MJ12bot/v1.4.8; http://mj12bot.com/)"
119.82.72.130 - - [05/Jun/2021:06:29:23 +0000] "GET /wp-content/uploads/2018/08/pet-saffa-150x150.jpg HTTP/2.0" 200 6660 "https://ayurhindi.in/arshkalp-vati/" "Mozilla/5.0 (Windows NT 6.1) AppleWebKit/537.36 (KHTML, like Gecko) Chrome/91.0.4472.77 Safari/537.36"
106.205.139.200 - - [05/Jun/2021:06:29:23 +0000] "GET /superpwa-sw.js HTTP/2.0" 200 1000 "https://www.bimbim.in/superpwa-sw.js" "Mozilla/5.0 (Linux; Android 7.0; vivo 1714 Build/NRD90M) AppleWebKit/537.36 (KHTML, like Gecko) Chrome/64.0.3282.137 Mobile Safari/537.36"
157.34.59.168 - - [05/Jun/2021:06:29:23 +0000] "GET /superpwa-sw.js HTTP/2.0" 304 0 "https://www.bimbim.in/medicine/hingwastak-churna/3824" "Mozilla/5.0 (Linux; Android 10; RMX1825) AppleWebKit/537.36 (KHTML, like Gecko) Chrome/89.0.4389.105 Mobile Safari/537.36 OPR/63.3.3216.58675"
157.45.214.146 - - [05/Jun/2021:06:29:23 +0000] "GET /medicine/nari-sudha/4186 HTTP/2.0" 200 63375 "-" "Mozilla/5.0 (Linux; Android 5.1.1; A37f Build/LMY47V) AppleWebKit/537.36 (KHTML, like Gecko) Chrome/43.0.2357.93 Mobile Safari/537.36"
157.45.214.146 - - [05/Jun/2021:06:29:24 +0000] "GET /wp-content/cache/minify/73395.js HTTP/2.0" 200 36647 "https://www.bimbim.in/medicine/nari-sudha/4186" "Mozilla/5.0 (Linux; Android 5.1.1; A37f Build/LMY47V) AppleWebKit/537.36 (KHTML, like Gecko) Chrome/43.0.2357.93 Mobile Safari/537.36"
157.45.214.146 - - [05/Jun/2021:06:29:24 +0000] "GET /wp-content/cache/minify/7d482.js HTTP/2.0" 200 239 "https://www.bimbim.in/medicine/nari-sudha/4186" "Mozilla/5.0 (Linux; Android 5.1.1; A37f Build/LMY47V) AppleWebKit/537.36 (KHTML, like Gecko) Chrome/43.0.2357.93 Mobile Safari/537.36"
157.45.214.146 - - [05/Jun/2021:06:29:24 +0000] "GET /wp-content/cache/minify/67148.js HTTP/2.0" 200 1999 "https://www.bimbim.in/medicine/nari-sudha/4186" "Mozilla/5.0 (Linux; Android 5.1.1; A37f Build/LMY47V) AppleWebKit/537.36 (KHTML, like Gecko) Chrome/43.0.2357.93 Mobile Safari/537.36"
157.45.214.146 - - [05/Jun/2021:06:29:24 +0000] "GET /wp-content/cache/minify/54359.js HTTP/2.0" 200 4910 "https://www.bimbim.in/medicine/nari-sudha/4186" "Mozilla/5.0 (Linux; Android 5.1.1; A37f Build/LMY47V) AppleWebKit/537.36 (KHTML, like Gecko) Chrome/43.0.2357.93 Mobile Safari/537.36"
157.45.214.146 - - [05/Jun/2021:06:29:24 +0000] "GET /wp-content/cache/minify/9e7c6.js HTTP/2.0" 200 2699 "https://www.bimbim.in/medicine/nari-sudha/4186" "Mozilla/5.0 (Linux; Android 5.1.1; A37f Build/LMY47V) AppleWebKit/537.36 (KHTML, like Gecko) Chrome/43.0.2357.93 Mobile Safari/537.36"
171.48.75.152 - - [05/Jun/2021:06:29:24 +0000] "GET / HTTP/2.0" 304 0 "https://www.bimbim.in/superpwa-sw.js" "Mozilla/5.0 (Linux; Android 7.0; vivo 1714 Build/NRD90M) AppleWebKit/537.36 (KHTML, like Gecko) Chrome/64.0.3282.137 Mobile Safari/537.36"
171.48.75.152 - - [05/Jun/2021:06:29:24 +0000] "GET / HTTP/2.0" 200 57792 "https://www.bimbim.in/superpwa-sw.js" "Mozilla/5.0 (Linux; Android 7.0; vivo 1714 Build/NRD90M) AppleWebKit/537.36 (KHTML, like Gecko) Chrome/64.0.3282.137 Mobile Safari/537.36"
212.252.139.165 - - [05/Jun/2021:06:29:24 +0000] "POST /xmlrpc.php HTTP/1.1" 403 415 "-" "Mozilla/4.0 (compatible; MSIE 6.0; Windows NT 5.0)"
157.34.59.168 - - [05/Jun/2021:06:29:25 +0000] "GET /superpwa-sw.js HTTP/2.0" 304 0 "https://www.bimbim.in/superpwa-sw.js" "Mozilla/5.0 (Linux; Android 10; RMX1825) AppleWebKit/537.36 (KHTML, like Gecko) Chrome/89.0.4389.105 Mobile Safari/537.36 OPR/63.3.3216.58675"
51.39.66.159 - - [05/Jun/2021:06:29:25 +0000] "POST /wp-login.php HTTP/1.1" 200 2443 "-" "Mozilla/5.0 (X11; Fedora; Linux x86_64; rv:68.0) Gecko/20100101 Firefox/68.0"
212.252.139.165 - - [05/Jun/2021:06:29:25 +0000] "POST /wp-login.php HTTP/1.1" 200 8953 "-" "Mozilla/4.0 (compatible; MSIE 6.0; Windows NT 5.0)"
66.249.68.24 - - [05/Jun/2021:06:29:27 +0000] "GET /ayurveda/medicinal-plant-gudmargymnema-details/276/?amp HTTP/1.1" 200 18758 "-" "Mozilla/5.0 (Linux; Android 6.0.1; Nexus 5X Build/MMB29P) AppleWebKit/537.36 (KHTML, like Gecko) Chrome/90.0.4430.97 Mobile Safari/537.36 (compatible; Googlebot/2.1; +http://www.google.com/bot.html)"
220.158.156.181 - - [05/Jun/2021:06:29:28 +0000] "GET /superpwa-sw.js HTTP/1.1" 200 1012 "https://www.bimbima.com/superpwa-sw.js" "Mozilla/5.0 (Windows NT 6.3; Win64; x64) AppleWebKit/537.36 (KHTML, like Gecko) Chrome/90.0.4430.212 Safari/537.36"
220.158.156.181 - - [05/Jun/2021:06:29:28 +0000] "GET / HTTP/1.1" 200 32320 "https://www.bimbima.com/superpwa-sw.js" "Mozilla/5.0 (Windows NT 6.3; Win64; x64) AppleWebKit/537.36 (KHTML, like Gecko) Chrome/90.0.4430.212 Safari/537.36"
220.158.156.181 - - [05/Jun/2021:06:29:28 +0000] "GET / HTTP/1.1" 304 0 "https://www.bimbima.com/superpwa-sw.js" "Mozilla/5.0 (Windows NT 6.3; Win64; x64) AppleWebKit/537.36 (KHTML, like Gecko) Chrome/90.0.4430.212 Safari/537.36"
66.249.68.24 - - [05/Jun/2021:06:29:29 +0000] "GET /medicines/seenthil-choornam/3953/?amp HTTP/1.1" 200 17400 "-" "Mozilla/5.0 (Linux; Android 6.0.1; Nexus 5X Build/MMB29P) AppleWebKit/537.36 (KHTML, like Gecko) Chrome/90.0.4430.97 Mobile Safari/537.36 (compatible; Googlebot/2.1; +http://www.google.com/bot.html)"
103.31.102.16 - - [05/Jun/2021:06:29:29 +0000] "POST /wp-login.php HTTP/1.1" 200 2443 "-" "Mozilla/5.0 (Macintosh; Intel Mac OS X 10_14_6) AppleWebKit/537.36 (KHTML, like Gecko) Chrome/75.0.3770.142 Safari/537.36"
186.220.177.14 - - [05/Jun/2021:06:29:32 +0000] "POST /xmlrpc.php HTTP/1.1" 403 415 "-" "Mozilla/4.0 (compatible; MSIE 6.0; Windows NT 5.0)"
47.31.207.8 - - [05/Jun/2021:06:29:33 +0000] "GET /laxmi-vilas-ras-nardiya/ HTTP/2.0" 200 40710 "https://www.google.com/" "Mozilla/5.0 (Linux; Android 9; Redmi Note 5 Pro) AppleWebKit/537.36 (KHTML, like Gecko) Chrome/89.0.4389.105 Mobile Safari/537.36"
47.31.207.8 - - [05/Jun/2021:06:29:33 +0000] "GET /superpwa-manifest.json HTTP/2.0" 200 367 "https://ayurhindi.in/laxmi-vilas-ras-nardiya/" "Mozilla/5.0 (Linux; Android 9; Redmi Note 5 Pro) AppleWebKit/537.36 (KHTML, like Gecko) Chrome/89.0.4389.105 Mobile Safari/537.36"
47.31.207.8 - - [05/Jun/2021:06:29:33 +0000] "GET /wp-content/cache/minify/f0f3c.js HTTP/2.0" 200 2345 "https://ayurhindi.in/laxmi-vilas-ras-nardiya/" "Mozilla/5.0 (Linux; Android 9; Redmi Note 5 Pro) AppleWebKit/537.36 (KHTML, like Gecko) Chrome/89.0.4389.105 Mobile Safari/537.36"
47.31.207.8 - - [05/Jun/2021:06:29:33 +0000] "GET /wp-content/cache/minify/67148.js HTTP/2.0" 200 1999 "https://ayurhindi.in/laxmi-vilas-ras-nardiya/" "Mozilla/5.0 (Linux; Android 9; Redmi Note 5 Pro) AppleWebKit/537.36 (KHTML, like Gecko) Chrome/89.0.4389.105 Mobile Safari/537.36"
47.31.207.8 - - [05/Jun/2021:06:29:33 +0000] "GET /wp-content/cache/minify/818c0.js HTTP/2.0" 200 34204 "https://ayurhindi.in/laxmi-vilas-ras-nardiya/" "Mozilla/5.0 (Linux; Android 9; Redmi Note 5 Pro) AppleWebKit/537.36 (KHTML, like Gecko) Chrome/89.0.4389.105 Mobile Safari/537.36"
47.31.207.8 - - [05/Jun/2021:06:29:33 +0000] "GET /wp-content/cache/minify/9e7c6.js HTTP/2.0" 200 2699 "https://ayurhindi.in/laxmi-vilas-ras-nardiya/" "Mozilla/5.0 (Linux; Android 9; Redmi Note 5 Pro) AppleWebKit/537.36 (KHTML, like Gecko) Chrome/89.0.4389.105 Mobile Safari/537.36"
47.31.207.8 - - [05/Jun/2021:06:29:33 +0000] "GET /wp-content/cache/minify/cac72.js HTTP/2.0" 200 4003 "https://ayurhindi.in/laxmi-vilas-ras-nardiya/" "Mozilla/5.0 (Linux; Android 9; Redmi Note 5 Pro) AppleWebKit/537.36 (KHTML, like Gecko) Chrome/89.0.4389.105 Mobile Safari/537.36"
47.31.207.8 - - [05/Jun/2021:06:29:33 +0000] "GET /wp-content/themes/nirvana/fonts/elusive.woff HTTP/2.0" 200 14737 "https://ayurhindi.in/laxmi-vilas-ras-nardiya/" "Mozilla/5.0 (Linux; Android 9; Redmi Note 5 Pro) AppleWebKit/537.36 (KHTML, like Gecko) Chrome/89.0.4389.105 Mobile Safari/537.36"
186.220.177.14 - - [05/Jun/2021:06:29:33 +0000] "POST /wp-login.php HTTP/1.1" 200 8970 "-" "Mozilla/4.0 (compatible; MSIE 6.0; Windows NT 5.0)"
182.78.249.146 - - [05/Jun/2021:06:29:34 +0000] "GET /superpwa-sw.js HTTP/2.0" 304 0 "https://ayurhindi.in/zandu-pancharishta/" "Mozilla/5.0 (Windows NT 10.0; Win64; x64) AppleWebKit/537.36 (KHTML, like Gecko) Chrome/91.0.4472.77 Safari/537.36"
47.31.207.8 - - [05/Jun/2021:06:29:35 +0000] "GET /wp-content/uploads/2018/08/ayurhindi.jpg HTTP/2.0" 200 574 "https://ayurhindi.in/laxmi-vilas-ras-nardiya/" "Mozilla/5.0 (Linux; Android 9; Redmi Note 5 Pro) AppleWebKit/537.36 (KHTML, like Gecko) Chrome/89.0.4389.105 Mobile Safari/537.36"
47.31.207.8 - - [05/Jun/2021:06:29:35 +0000] "GET /wp-content/uploads/2018/08/ayur-s.png HTTP/2.0" 200 43225 "https://ayurhindi.in/laxmi-vilas-ras-nardiya/" "Mozilla/5.0 (Linux; Android 9; Redmi Note 5 Pro) AppleWebKit/537.36 (KHTML, like Gecko) Chrome/89.0.4389.105 Mobile Safari/537.36"
47.31.207.8 - - [05/Jun/2021:06:29:35 +0000] "GET /superpwa-sw.js HTTP/2.0" 200 999 "https://ayurhindi.in/laxmi-vilas-ras-nardiya/" "Mozilla/5.0 (Linux; Android 9; Redmi Note 5 Pro) AppleWebKit/537.36 (KHTML, like Gecko) Chrome/89.0.4389.105 Mobile Safari/537.36"
47.31.207.8 - - [05/Jun/2021:06:29:35 +0000] "GET / HTTP/2.0" 200 36832 "https://ayurhindi.in/superpwa-sw.js" "Mozilla/5.0 (Linux; Android 9; Redmi Note 5 Pro) AppleWebKit/537.36 (KHTML, like Gecko) Chrome/89.0.4389.105 Mobile Safari/537.36"
47.31.207.8 - - [05/Jun/2021:06:29:35 +0000] "GET /superpwa-sw.js HTTP/2.0" 304 0 "https://ayurhindi.in/laxmi-vilas-ras-nardiya/" "Mozilla/5.0 (Linux; Android 9; Redmi Note 5 Pro) AppleWebKit/537.36 (KHTML, like Gecko) Chrome/89.0.4389.105 Mobile Safari/537.36"
182.78.249.146 - - [05/Jun/2021:06:29:35 +0000] "GET /superpwa-sw.js HTTP/2.0" 304 0 "https://ayurhindi.in/superpwa-sw.js" "Mozilla/5.0 (Windows NT 10.0; Win64; x64) AppleWebKit/537.36 (KHTML, like Gecko) Chrome/91.0.4472.77 Safari/537.36"
106.77.167.230 - - [05/Jun/2021:06:29:35 +0000] "GET /wp-content/uploads/2016/11/untkatara-1024x768.jpg HTTP/2.0" 200 208149 "https://www.google.com/" "Mozilla/5.0 (Linux; Android 8.0.0; SM-G570F Build/R16NW; wv) AppleWebKit/537.36 (KHTML, like Gecko) Version/4.0 Chrome/80.0.3987.162 Mobile Safari/537.36 GSA/11.4.9.21.arm"
196.188.241.245 - - [05/Jun/2021:06:29:36 +0000] "POST /xmlrpc.php HTTP/1.1" 403 415 "-" "Mozilla/4.0 (compatible; MSIE 6.0; Windows NT 5.0)"
119.82.72.130 - - [05/Jun/2021:06:29:36 +0000] "GET /wp-content/uploads/2018/10/piles-150x150.jpg HTTP/2.0" 200 5864 "https://ayurhindi.in/arshkalp-vati/" "Mozilla/5.0 (Windows NT 6.1) AppleWebKit/537.36 (KHTML, like Gecko) Chrome/91.0.4472.77 Safari/537.36"
196.188.241.245 - - [05/Jun/2021:06:29:37 +0000] "POST /wp-login.php HTTP/1.1" 200 8953 "-" "Mozilla/4.0 (compatible; MSIE 6.0; Windows NT 5.0)"
157.34.135.3 - - [05/Jun/2021:06:29:38 +0000] "GET /wp-content/uploads/2018/08/bimbim2.jpg HTTP/2.0" 200 731 "https://www.bimbim.in/herbs/black-pepper/2717" "Mozilla/5.0 (Linux; Android 10; RMX2193) AppleWebKit/537.36 (KHTML, like Gecko) Chrome/88.0.4324.93 Mobile Safari/537.36"
157.34.135.3 - - [05/Jun/2021:06:29:38 +0000] "GET /superpwa-sw.js HTTP/2.0" 200 1000 "https://www.bimbim.in/herbs/black-pepper/2717" "Mozilla/5.0 (Linux; Android 10; RMX2193) AppleWebKit/537.36 (KHTML, like Gecko) Chrome/88.0.4324.93 Mobile Safari/537.36"
157.34.135.3 - - [05/Jun/2021:06:29:38 +0000] "GET /wp-content/uploads/2018/08/bimbim2.png HTTP/2.0" 200 45678 "https://www.bimbim.in/herbs/black-pepper/2717" "Mozilla/5.0 (Linux; Android 10; RMX2193) AppleWebKit/537.36 (KHTML, like Gecko) Chrome/88.0.4324.93 Mobile Safari/537.36"
157.34.135.3 - - [05/Jun/2021:06:29:38 +0000] "GET / HTTP/2.0" 200 57792 "https://www.bimbim.in/superpwa-sw.js" "Mozilla/5.0 (Linux; Android 10; RMX2193) AppleWebKit/537.36 (KHTML, like Gecko) Chrome/88.0.4324.93 Mobile Safari/537.36"
157.34.135.3 - - [05/Jun/2021:06:29:38 +0000] "GET /superpwa-sw.js HTTP/2.0" 304 0 "https://www.bimbim.in/herbs/black-pepper/2717" "Mozilla/5.0 (Linux; Android 10; RMX2193) AppleWebKit/537.36 (KHTML, like Gecko) Chrome/88.0.4324.93 Mobile Safari/537.36"
106.77.167.230 - - [05/Jun/2021:06:29:39 +0000] "GET /wp-content/uploads/2016/11/untkatara-1024x768.jpg HTTP/1.1" 200 208149 "-" "AndroidDownloadManager/8.0.0 (Linux; U; Android 8.0.0; SM-G570F Build/R16NW)"
66.249.68.24 - - [05/Jun/2021:06:29:39 +0000] "GET /ayurveda/medicinal-uses-of-betel-leafpaan/302/?amp HTTP/1.1" 200 18951 "-" "Mozilla/5.0 (Linux; Android 6.0.1; Nexus 5X Build/MMB29P) AppleWebKit/537.36 (KHTML, like Gecko) Chrome/90.0.4430.97 Mobile Safari/537.36 (compatible; Googlebot/2.1; +http://www.google.com/bot.html)"
47.101.205.201 - - [05/Jun/2021:06:29:39 +0000] "POST /wp-login.php HTTP/1.1" 200 2602 "-" "Mozilla/5.0 (Windows NT 10.0; Win64; x64) AppleWebKit/537.36 (KHTML, like Gecko) Chrome/78.0.3904.70 Safari/537.36"
47.15.5.121 - - [05/Jun/2021:06:29:39 +0000] "GET /wp-content/uploads/2018/08/ashwagandha-leaves.jpeg HTTP/2.0" 200 74966 "https://myactivity.google.com/" "Mozilla/5.0 (Linux; Android 10; M2006C3LII Build/QP1A.190711.020; wv) AppleWebKit/537.36 (KHTML, like Gecko) Version/4.0 Chrome/87.0.4280.141 Mobile Safari/537.36 OcIdWebView ({\x22os\x22:\x22Android\x22,\x22osVersion\x22:\x2229\x22,\x22app\x22:\x22com.google.android.gms\x22,\x22appVersion\x22:\x22217\x22,\x22style\x22:2,\x22isDarkTheme\x22:false})"
37.4.229.79 - - [05/Jun/2021:06:29:40 +0000] "POST /wp-login.php HTTP/1.1" 200 2443 "-" "Mozilla/5.0 (Macintosh; Intel Mac OS X 10_14_3) AppleWebKit/537.36 (KHTML, like Gecko) Chrome/75.0.3770.142 Safari/537.36"
157.34.135.3 - - [05/Jun/2021:06:29:41 +0000] "GET / HTTP/2.0" 304 0 "https://www.bimbim.in/superpwa-sw.js" "Mozilla/5.0 (Linux; Android 10; RMX2193) AppleWebKit/537.36 (KHTML, like Gecko) Chrome/88.0.4324.93 Mobile Safari/537.36"
157.47.141.169 - - [05/Jun/2021:06:29:42 +0000] "GET /medicine/clotrimazole/440 HTTP/2.0" 200 60020 "https://www.google.com/" "Mozilla/5.0 (Linux; Android 11; SM-A315F) AppleWebKit/537.36 (KHTML, like Gecko) Chrome/90.0.4430.66 Mobile Safari/537.36"
157.47.141.169 - - [05/Jun/2021:06:29:42 +0000] "GET /wp-content/cache/minify/7d482.js HTTP/2.0" 200 239 "https://www.bimbim.in/medicine/clotrimazole/440" "Mozilla/5.0 (Linux; Android 11; SM-A315F) AppleWebKit/537.36 (KHTML, like Gecko) Chrome/90.0.4430.66 Mobile Safari/537.36"
157.47.141.169 - - [05/Jun/2021:06:29:42 +0000] "GET /wp-content/cache/minify/67148.js HTTP/2.0" 200 1999 "https://www.bimbim.in/medicine/clotrimazole/440" "Mozilla/5.0 (Linux; Android 11; SM-A315F) AppleWebKit/537.36 (KHTML, like Gecko) Chrome/90.0.4430.66 Mobile Safari/537.36"
157.47.141.169 - - [05/Jun/2021:06:29:42 +0000] "GET /wp-content/cache/minify/73395.js HTTP/2.0" 200 36647 "https://www.bimbim.in/medicine/clotrimazole/440" "Mozilla/5.0 (Linux; Android 11; SM-A315F) AppleWebKit/537.36 (KHTML, like Gecko) Chrome/90.0.4430.66 Mobile Safari/537.36"
157.47.141.169 - - [05/Jun/2021:06:29:42 +0000] "GET /wp-content/cache/minify/9e7c6.js HTTP/2.0" 200 2699 "https://www.bimbim.in/medicine/clotrimazole/440" "Mozilla/5.0 (Linux; Android 11; SM-A315F) AppleWebKit/537.36 (KHTML, like Gecko) Chrome/90.0.4430.66 Mobile Safari/537.36"
157.47.141.169 - - [05/Jun/2021:06:29:42 +0000] "GET /wp-content/cache/minify/54359.js HTTP/2.0" 200 4910 "https://www.bimbim.in/medicine/clotrimazole/440" "Mozilla/5.0 (Linux; Android 11; SM-A315F) AppleWebKit/537.36 (KHTML, like Gecko) Chrome/90.0.4430.66 Mobile Safari/537.36"
157.45.214.146 - - [05/Jun/2021:06:29:43 +0000] "GET /wp-content/uploads/2018/08/bimbim2.jpg HTTP/2.0" 200 731 "https://www.bimbim.in/medicine/nari-sudha/4186" "Mozilla/5.0 (Linux; Android 5.1.1; A37f Build/LMY47V) AppleWebKit/537.36 (KHTML, like Gecko) Chrome/43.0.2357.93 Mobile Safari/537.36"
157.45.214.146 - - [05/Jun/2021:06:29:44 +0000] "GET /wp-content/uploads/2018/08/bimbim2.jpg HTTP/2.0" 200 731 "https://www.bimbim.in/medicine/nari-sudha/4186" "Mozilla/5.0 (Linux; Android 5.1.1; A37f Build/LMY47V) AppleWebKit/537.36 (KHTML, like Gecko) Chrome/43.0.2357.93 Mobile Safari/537.36"
66.249.68.24 - - [05/Jun/2021:06:29:45 +0000] "GET /ayurveda/gairika-red-ochre/148/?amp HTTP/1.1" 200 19575 "-" "Mozilla/5.0 (Linux; Android 6.0.1; Nexus 5X Build/MMB29P) AppleWebKit/537.36 (KHTML, like Gecko) Chrome/90.0.4430.97 Mobile Safari/537.36 (compatible; Googlebot/2.1; +http://www.google.com/bot.html)"
157.47.141.169 - - [05/Jun/2021:06:29:46 +0000] "GET /superpwa-manifest.json HTTP/2.0" 200 349 "https://www.bimbim.in/medicine/clotrimazole/440" "Mozilla/5.0 (Linux; Android 11; SM-A315F) AppleWebKit/537.36 (KHTML, like Gecko) Chrome/90.0.4430.66 Mobile Safari/537.36"
49.7.20.66 - - [05/Jun/2021:06:29:46 +0000] "GET / HTTP/1.1" 200 32320 "-" "Sogou web spider/4.0(+http://www.sogou.com/docs/help/webmasters.htm#07)"
66.249.68.24 - - [05/Jun/2021:06:29:46 +0000] "GET /ayurveda/piles-treatment-with-elephant-foot-yam/864/?amp HTTP/1.1" 200 17534 "-" "Mozilla/5.0 (Linux; Android 6.0.1; Nexus 5X Build/MMB29P) AppleWebKit/537.36 (KHTML, like Gecko) Chrome/90.0.4430.97 Mobile Safari/537.36 (compatible; Googlebot/2.1; +http://www.google.com/bot.html)"
223.189.224.142 - - [05/Jun/2021:06:29:50 +0000] "GET /medicine/chitrak-haritaki-detail/986 HTTP/2.0" 200 63529 "https://www.google.com/" "Mozilla/5.0 (Linux; Android 9; Redmi 6 Pro) AppleWebKit/537.36 (KHTML, like Gecko) Chrome/91.0.4472.77 Mobile Safari/537.36"
223.189.224.142 - - [05/Jun/2021:06:29:50 +0000] "GET /wp-content/cache/minify/7d482.js HTTP/2.0" 200 239 "https://www.bimbim.in/medicine/chitrak-haritaki-detail/986" "Mozilla/5.0 (Linux; Android 9; Redmi 6 Pro) AppleWebKit/537.36 (KHTML, like Gecko) Chrome/91.0.4472.77 Mobile Safari/537.36"
223.189.224.142 - - [05/Jun/2021:06:29:50 +0000] "GET /wp-content/cache/minify/73395.js HTTP/2.0" 200 36647 "https://www.bimbim.in/medicine/chitrak-haritaki-detail/986" "Mozilla/5.0 (Linux; Android 9; Redmi 6 Pro) AppleWebKit/537.36 (KHTML, like Gecko) Chrome/91.0.4472.77 Mobile Safari/537.36"
223.189.224.142 - - [05/Jun/2021:06:29:50 +0000] "GET /superpwa-manifest.json HTTP/2.0" 200 349 "https://www.bimbim.in/medicine/chitrak-haritaki-detail/986" "Mozilla/5.0 (Linux; Android 9; Redmi 6 Pro) AppleWebKit/537.36 (KHTML, like Gecko) Chrome/91.0.4472.77 Mobile Safari/537.36"
223.189.224.142 - - [05/Jun/2021:06:29:50 +0000] "GET /wp-content/cache/minify/67148.js HTTP/2.0" 200 1999 "https://www.bimbim.in/medicine/chitrak-haritaki-detail/986" "Mozilla/5.0 (Linux; Android 9; Redmi 6 Pro) AppleWebKit/537.36 (KHTML, like Gecko) Chrome/91.0.4472.77 Mobile Safari/537.36"
223.189.224.142 - - [05/Jun/2021:06:29:50 +0000] "GET /wp-content/cache/minify/54359.js HTTP/2.0" 200 4910 "https://www.bimbim.in/medicine/chitrak-haritaki-detail/986" "Mozilla/5.0 (Linux; Android 9; Redmi 6 Pro) AppleWebKit/537.36 (KHTML, like Gecko) Chrome/91.0.4472.77 Mobile Safari/537.36"
223.189.224.142 - - [05/Jun/2021:06:29:50 +0000] "GET /wp-content/cache/minify/9e7c6.js HTTP/2.0" 200 2699 "https://www.bimbim.in/medicine/chitrak-haritaki-detail/986" "Mozilla/5.0 (Linux; Android 9; Redmi 6 Pro) AppleWebKit/537.36 (KHTML, like Gecko) Chrome/91.0.4472.77 Mobile Safari/537.36"
66.249.68.24 - - [05/Jun/2021:06:29:50 +0000] "GET /herbs/ustukhuddus-lavandula-stoechas-information-uses-and-side-effects/42/?amp HTTP/1.1" 200 16769 "-" "Mozilla/5.0 (Linux; Android 6.0.1; Nexus 5X Build/MMB29P) AppleWebKit/537.36 (KHTML, like Gecko) Chrome/90.0.4430.97 Mobile Safari/537.36 (compatible; Googlebot/2.1; +http://www.google.com/bot.html)"
192.99.101.79 - - [05/Jun/2021:06:29:51 +0000] "GET /health/?tag=/city%20palace%20udaipur HTTP/1.1" 200 28757 "-" "Mozilla/5.0 (compatible; MJ12bot/v1.4.8; http://mj12bot.com/)"
182.75.189.173 - - [05/Jun/2021:06:29:51 +0000] "POST /xmlrpc.php HTTP/1.1" 403 415 "-" "Mozilla/4.0 (compatible; MSIE 6.0; Windows NT 5.0)"
66.249.68.24 - - [05/Jun/2021:06:29:51 +0000] "GET /ayurveda/balaguluchyadi-tailam-benefits-ingredients-dosage/981/?amp HTTP/1.1" 200 15661 "-" "Mozilla/5.0 (Linux; Android 6.0.1; Nexus 5X Build/MMB29P) AppleWebKit/537.36 (KHTML, like Gecko) Chrome/90.0.4430.97 Mobile Safari/537.36 (compatible; Googlebot/2.1; +http://www.google.com/bot.html)"
182.75.189.173 - - [05/Jun/2021:06:29:52 +0000] "POST /wp-login.php HTTP/1.1" 200 9013 "-" "Mozilla/4.0 (compatible; MSIE 6.0; Windows NT 5.0)"
157.47.141.169 - - [05/Jun/2021:06:29:52 +0000] "GET /superpwa-sw.js HTTP/2.0" 200 1000 "https://www.bimbim.in/medicine/clotrimazole/440" "Mozilla/5.0 (Linux; Android 11; SM-A315F) AppleWebKit/537.36 (KHTML, like Gecko) Chrome/90.0.4430.66 Mobile Safari/537.36"
157.47.141.169 - - [05/Jun/2021:06:29:52 +0000] "GET /wp-content/uploads/2018/08/bimbim2.jpg HTTP/2.0" 200 731 "https://www.bimbim.in/medicine/clotrimazole/440" "Mozilla/5.0 (Linux; Android 11; SM-A315F) AppleWebKit/537.36 (KHTML, like Gecko) Chrome/90.0.4430.66 Mobile Safari/537.36"
157.47.141.169 - - [05/Jun/2021:06:29:52 +0000] "GET /wp-content/uploads/2018/08/bimbim2.png HTTP/2.0" 200 45678 "https://www.bimbim.in/medicine/clotrimazole/440" "Mozilla/5.0 (Linux; Android 11; SM-A315F) AppleWebKit/537.36 (KHTML, like Gecko) Chrome/90.0.4430.66 Mobile Safari/537.36"
157.47.141.169 - - [05/Jun/2021:06:29:52 +0000] "GET / HTTP/2.0" 200 57792 "https://www.bimbim.in/superpwa-sw.js" "Mozilla/5.0 (Linux; Android 11; SM-A315F) AppleWebKit/537.36 (KHTML, like Gecko) Chrome/90.0.4430.66 Mobile Safari/537.36"
157.47.141.169 - - [05/Jun/2021:06:29:52 +0000] "GET / HTTP/2.0" 304 0 "https://www.bimbim.in/superpwa-sw.js" "Mozilla/5.0 (Linux; Android 11; SM-A315F) AppleWebKit/537.36 (KHTML, like Gecko) Chrome/90.0.4430.66 Mobile Safari/537.36"
47.31.207.8 - - [05/Jun/2021:06:29:54 +0000] "GET /wp-content/uploads/2018/09/ayurvedic-medicines.jpg HTTP/2.0" 200 29165 "https://ayurhindi.in/laxmi-vilas-ras-nardiya/" "Mozilla/5.0 (Linux; Android 9; Redmi Note 5 Pro) AppleWebKit/537.36 (KHTML, like Gecko) Chrome/89.0.4389.105 Mobile Safari/537.36"
66.249.68.24 - - [05/Jun/2021:06:29:54 +0000] "GET /ayurveda/tuvar-daal-pigeon-pea-information-medicinal-benefits-and-recipes/236/ HTTP/1.1" 200 35470 "-" "Mozilla/5.0 (Linux; Android 6.0.1; Nexus 5X Build/MMB29P) AppleWebKit/537.36 (KHTML, like Gecko) Chrome/90.0.4430.97 Mobile Safari/537.36 (compatible; Googlebot/2.1; +http://www.google.com/bot.html)"
223.228.245.61 - - [05/Jun/2021:06:29:56 +0000] "GET /medicine/shothari-mandur/943 HTTP/2.0" 200 58459 "https://www.google.com/" "Mozilla/5.0 (Linux; Android 8.1.0; Redmi 5A) AppleWebKit/537.36 (KHTML, like Gecko) Chrome/77.0.3865.73 Mobile Safari/537.36"
223.228.245.61 - - [05/Jun/2021:06:29:56 +0000] "GET /wp-content/cache/minify/73395.js HTTP/2.0" 200 36647 "https://www.bimbim.in/medicine/shothari-mandur/943" "Mozilla/5.0 (Linux; Android 8.1.0; Redmi 5A) AppleWebKit/537.36 (KHTML, like Gecko) Chrome/77.0.3865.73 Mobile Safari/537.36"
223.228.245.61 - - [05/Jun/2021:06:29:56 +0000] "GET /superpwa-manifest.json HTTP/2.0" 200 349 "https://www.bimbim.in/medicine/shothari-mandur/943" "Mozilla/5.0 (Linux; Android 8.1.0; Redmi 5A) AppleWebKit/537.36 (KHTML, like Gecko) Chrome/77.0.3865.73 Mobile Safari/537.36"
223.228.245.61 - - [05/Jun/2021:06:29:56 +0000] "GET /wp-content/cache/minify/7d482.js HTTP/2.0" 200 239 "https://www.bimbim.in/medicine/shothari-mandur/943" "Mozilla/5.0 (Linux; Android 8.1.0; Redmi 5A) AppleWebKit/537.36 (KHTML, like Gecko) Chrome/77.0.3865.73 Mobile Safari/537.36"
223.228.245.61 - - [05/Jun/2021:06:29:56 +0000] "GET /wp-content/cache/minify/67148.js HTTP/2.0" 200 1999 "https://www.bimbim.in/medicine/shothari-mandur/943" "Mozilla/5.0 (Linux; Android 8.1.0; Redmi 5A) AppleWebKit/537.36 (KHTML, like Gecko) Chrome/77.0.3865.73 Mobile Safari/537.36"
223.228.245.61 - - [05/Jun/2021:06:29:56 +0000] "GET /wp-content/cache/minify/54359.js HTTP/2.0" 200 4910 "https://www.bimbim.in/medicine/shothari-mandur/943" "Mozilla/5.0 (Linux; Android 8.1.0; Redmi 5A) AppleWebKit/537.36 (KHTML, like Gecko) Chrome/77.0.3865.73 Mobile Safari/537.36"
223.228.245.61 - - [05/Jun/2021:06:29:57 +0000] "GET /wp-content/cache/minify/9e7c6.js HTTP/2.0" 200 2699 "https://www.bimbim.in/medicine/shothari-mandur/943" "Mozilla/5.0 (Linux; Android 8.1.0; Redmi 5A) AppleWebKit/537.36 (KHTML, like Gecko) Chrome/77.0.3865.73 Mobile Safari/537.36"
201.140.239.248 - - [05/Jun/2021:06:29:57 +0000] "POST /xmlrpc.php HTTP/1.1" 403 415 "-" "Mozilla/4.0 (compatible; MSIE 6.0; Windows NT 5.0)"
156.215.189.16 - - [05/Jun/2021:06:29:58 +0000] "POST /xmlrpc.php HTTP/1.1" 403 415 "-" "Mozilla/4.0 (compatible; MSIE 6.0; Windows NT 5.0)"
223.189.224.142 - - [05/Jun/2021:06:29:58 +0000] "GET /superpwa-sw.js HTTP/2.0" 304 0 "https://www.bimbim.in/superpwa-sw.js" "Mozilla/5.0 (Linux; Android 9; Redmi 6 Pro) AppleWebKit/537.36 (KHTML, like Gecko) Chrome/91.0.4472.77 Mobile Safari/537.36"
223.189.224.142 - - [05/Jun/2021:06:29:58 +0000] "GET /superpwa-sw.js HTTP/2.0" 304 0 "https://www.bimbim.in/medicine/chitrak-haritaki-detail/986" "Mozilla/5.0 (Linux; Android 9; Redmi 6 Pro) AppleWebKit/537.36 (KHTML, like Gecko) Chrome/91.0.4472.77 Mobile Safari/537.36"
223.189.224.142 - - [05/Jun/2021:06:29:58 +0000] "GET /wp-content/uploads/2018/08/bimbim2.png HTTP/2.0" 200 45678 "https://www.bimbim.in/medicine/chitrak-haritaki-detail/986" "Mozilla/5.0 (Linux; Android 9; Redmi 6 Pro) AppleWebKit/537.36 (KHTML, like Gecko) Chrome/91.0.4472.77 Mobile Safari/537.36"
201.140.239.248 - - [05/Jun/2021:06:29:59 +0000] "POST /wp-login.php HTTP/1.1" 200 8953 "-" "Mozilla/4.0 (compatible; MSIE 6.0; Windows NT 5.0)"
156.215.189.16 - - [05/Jun/2021:06:29:59 +0000] "POST /wp-login.php HTTP/1.1" 200 8953 "-" "Mozilla/4.0 (compatible; MSIE 6.0; Windows NT 5.0)"
120.59.29.110 - - [05/Jun/2021:06:29:59 +0000] "POST /xmlrpc.php HTTP/1.1" 403 415 "-" "Mozilla/4.0 (compatible; MSIE 6.0; Windows NT 5.0)"
120.59.29.110 - - [05/Jun/2021:06:30:00 +0000] "POST /wp-login.php HTTP/1.1" 200 8953 "-" "Mozilla/4.0 (compatible; MSIE 6.0; Windows NT 5.0)"
157.42.36.243 - - [05/Jun/2021:06:30:00 +0000] "GET /s/intercourse/701/ HTTP/2.0" 200 50149 "https://www.google.com/" "Mozilla/5.0 (Linux; Android 10; POCO M2 Pro) AppleWebKit/537.36 (KHTML, like Gecko) Chrome/87.0.4280.101 Mobile Safari/537.36"
157.42.36.243 - - [05/Jun/2021:06:30:01 +0000] "GET /superpwa-manifest.json HTTP/2.0" 200 330 "https://health18.in/s/intercourse/701/" "Mozilla/5.0 (Linux; Android 10; POCO M2 Pro) AppleWebKit/537.36 (KHTML, like Gecko) Chrome/87.0.4280.101 Mobile Safari/537.36"
157.42.36.243 - - [05/Jun/2021:06:30:01 +0000] "GET /wp-content/themes/nirvana/fonts/elusive.woff HTTP/2.0" 200 14737 "https://health18.in/s/intercourse/701/" "Mozilla/5.0 (Linux; Android 10; POCO M2 Pro) AppleWebKit/537.36 (KHTML, like Gecko) Chrome/87.0.4280.101 Mobile Safari/537.36"
157.42.36.243 - - [05/Jun/2021:06:30:01 +0000] "GET /wp-content/cache/minify/f0f3c.js HTTP/2.0" 200 2345 "https://health18.in/s/intercourse/701/" "Mozilla/5.0 (Linux; Android 10; POCO M2 Pro) AppleWebKit/537.36 (KHTML, like Gecko) Chrome/87.0.4280.101 Mobile Safari/537.36"
157.42.36.243 - - [05/Jun/2021:06:30:01 +0000] "GET /wp-content/cache/minify/67148.js HTTP/2.0" 200 1999 "https://health18.in/s/intercourse/701/" "Mozilla/5.0 (Linux; Android 10; POCO M2 Pro) AppleWebKit/537.36 (KHTML, like Gecko) Chrome/87.0.4280.101 Mobile Safari/537.36"
157.42.36.243 - - [05/Jun/2021:06:30:01 +0000] "GET /wp-content/cache/minify/818c0.js HTTP/2.0" 200 34204 "https://health18.in/s/intercourse/701/" "Mozilla/5.0 (Linux; Android 10; POCO M2 Pro) AppleWebKit/537.36 (KHTML, like Gecko) Chrome/87.0.4280.101 Mobile Safari/537.36"
157.42.36.243 - - [05/Jun/2021:06:30:02 +0000] "GET /wp-content/cache/minify/9e7c6.js HTTP/2.0" 200 2699 "https://health18.in/s/intercourse/701/" "Mozilla/5.0 (Linux; Android 10; POCO M2 Pro) AppleWebKit/537.36 (KHTML, like Gecko) Chrome/87.0.4280.101 Mobile Safari/537.36"
157.42.36.243 - - [05/Jun/2021:06:30:02 +0000] "GET /wp-content/cache/minify/cac72.js HTTP/2.0" 200 4003 "https://health18.in/s/intercourse/701/" "Mozilla/5.0 (Linux; Android 10; POCO M2 Pro) AppleWebKit/537.36 (KHTML, like Gecko) Chrome/87.0.4280.101 Mobile Safari/537.36"
157.42.36.243 - - [05/Jun/2021:06:30:02 +0000] "GET /wp-includes/js/jquery/jquery.js?ver=3.5.1 HTTP/2.0" 200 84810 "https://health18.in/s/intercourse/701/" "Mozilla/5.0 (Linux; Android 10; POCO M2 Pro) AppleWebKit/537.36 (KHTML, like Gecko) Chrome/87.0.4280.101 Mobile Safari/537.36"
157.47.141.169 - - [05/Jun/2021:06:30:02 +0000] "GET /superpwa-sw.js HTTP/2.0" 304 0 "https://www.bimbim.in/medicine/clotrimazole/440" "Mozilla/5.0 (Linux; Android 11; SM-A315F) AppleWebKit/537.36 (KHTML, like Gecko) Chrome/90.0.4430.66 Mobile Safari/537.36"
157.55.39.17 - - [05/Jun/2021:06:30:03 +0000] "GET /java/kafka-spring-boot-producer-consumer/ HTTP/2.0" 200 37641 "-" "Mozilla/5.0 (compatible; bingbot/2.0; +http://www.bing.com/bingbot.htm)"
66.249.68.26 - - [05/Jun/2021:06:30:03 +0000] "GET /reviews/lactoplus-granules-lactation/3889/?amp HTTP/1.1" 200 18994 "-" "Mozilla/5.0 (Linux; Android 6.0.1; Nexus 5X Build/MMB29P) AppleWebKit/537.36 (KHTML, like Gecko) Chrome/90.0.4430.97 Mobile Safari/537.36 (compatible; Googlebot/2.1; +http://www.google.com/bot.html)"
41.238.0.219 - - [05/Jun/2021:06:30:04 +0000] "POST /wp-login.php HTTP/1.1" 200 2442 "-" "Mozilla/5.0 (Windows NT 6.1) AppleWebKit/537.36 (KHTML, like Gecko) Chrome/75.0.3770.142 Safari/537.36"
157.42.36.243 - - [05/Jun/2021:06:30:04 +0000] "GET /wp-includes/js/jquery/jquery-migrate.min.js?ver=5.7.2 HTTP/2.0" 200 4169 "https://health18.in/s/intercourse/701/" "Mozilla/5.0 (Linux; Android 10; POCO M2 Pro) AppleWebKit/537.36 (KHTML, like Gecko) Chrome/87.0.4280.101 Mobile Safari/537.36"
122.163.44.11 - - [05/Jun/2021:06:30:04 +0000] "GET /wp-content/uploads/2016/11/shivlingi.jpg HTTP/2.0" 200 18729 "https://in.images.search.yahoo.com/search/images;_ylt=AwrwJUXNGbtg8V4AkwG9HAx.?p=tendril+plants&fr=mcafee&imgc=red&fr2=p%3As%2Cv%3Ai" "Mozilla/5.0 (Windows NT 10.0; Win64; x64) AppleWebKit/537.36 (KHTML, like Gecko) Chrome/91.0.4472.77 Safari/537.36"
157.42.36.243 - - [05/Jun/2021:06:30:05 +0000] "GET /wp-content/themes/nirvana/fonts/opensans-bold-webfont.woff HTTP/2.0" 200 25455 "https://health18.in/s/intercourse/701/" "Mozilla/5.0 (Linux; Android 10; POCO M2 Pro) AppleWebKit/537.36 (KHTML, like Gecko) Chrome/87.0.4280.101 Mobile Safari/537.36"
78.96.246.89 - - [05/Jun/2021:06:30:05 +0000] "POST /wp-login.php HTTP/1.1" 200 2442 "-" "Mozilla/5.0 (Windows NT 10.0; Win64; x64) AppleWebKit/537.36 (KHTML, like Gecko) Chrome/64.0.3282.140 Safari/537.36 Edge/18.17763"
206.189.143.98 - - [05/Jun/2021:06:30:06 +0000] "POST /wp-cron.php?doing_wp_cron=1622874606.4648890495300292968750 HTTP/1.1" 200 31 "https://www.code4copy.com/wp-cron.php?doing_wp_cron=1622874606.4648890495300292968750" "WordPress/5.7.2; https://www.code4copy.com"
93.158.161.9 - - [05/Jun/2021:06:30:06 +0000] "GET /robots.txt HTTP/1.1" 200 177 "-" "Mozilla/5.0 (compatible; YandexBot/3.0; +http://yandex.com/bots)"
157.42.36.243 - - [05/Jun/2021:06:30:06 +0000] "GET /wp-content/themes/nirvana/fonts/opensans-light-webfont.woff HTTP/2.0" 200 24021 "https://health18.in/s/intercourse/701/" "Mozilla/5.0 (Linux; Android 10; POCO M2 Pro) AppleWebKit/537.36 (KHTML, like Gecko) Chrome/87.0.4280.101 Mobile Safari/537.36"
206.189.143.98 - - [05/Jun/2021:06:30:06 +0000] "GET / HTTP/1.1" 200 12612 "https://www.code4copy.com/" "W3 Total Cache"
223.228.245.61 - - [05/Jun/2021:06:30:07 +0000] "GET /wp-content/uploads/2018/08/bimbim2.jpg HTTP/2.0" 200 731 "https://www.bimbim.in/medicine/shothari-mandur/943" "Mozilla/5.0 (Linux; Android 8.1.0; Redmi 5A) AppleWebKit/537.36 (KHTML, like Gecko) Chrome/77.0.3865.73 Mobile Safari/537.36"
223.228.245.61 - - [05/Jun/2021:06:30:08 +0000] "GET /superpwa-sw.js HTTP/2.0" 200 1000 "https://www.bimbim.in/superpwa-sw.js" "Mozilla/5.0 (Linux; Android 8.1.0; Redmi 5A) AppleWebKit/537.36 (KHTML, like Gecko) Chrome/77.0.3865.73 Mobile Safari/537.36"
223.228.245.61 - - [05/Jun/2021:06:30:08 +0000] "GET /wp-content/uploads/2018/08/bimbim2.png HTTP/2.0" 200 45678 "https://www.bimbim.in/medicine/shothari-mandur/943" "Mozilla/5.0 (Linux; Android 8.1.0; Redmi 5A) AppleWebKit/537.36 (KHTML, like Gecko) Chrome/77.0.3865.73 Mobile Safari/537.36"
223.228.245.61 - - [05/Jun/2021:06:30:08 +0000] "GET / HTTP/2.0" 200 57792 "https://www.bimbim.in/superpwa-sw.js" "Mozilla/5.0 (Linux; Android 8.1.0; Redmi 5A) AppleWebKit/537.36 (KHTML, like Gecko) Chrome/77.0.3865.73 Mobile Safari/537.36"
223.228.245.61 - - [05/Jun/2021:06:30:08 +0000] "GET /superpwa-sw.js HTTP/2.0" 304 0 "https://www.bimbim.in/superpwa-sw.js" "Mozilla/5.0 (Linux; Android 8.1.0; Redmi 5A) AppleWebKit/537.36 (KHTML, like Gecko) Chrome/77.0.3865.73 Mobile Safari/537.36"
223.228.245.61 - - [05/Jun/2021:06:30:08 +0000] "GET / HTTP/2.0" 304 0 "https://www.bimbim.in/superpwa-sw.js" "Mozilla/5.0 (Linux; Android 8.1.0; Redmi 5A) AppleWebKit/537.36 (KHTML, like Gecko) Chrome/77.0.3865.73 Mobile Safari/537.36"
66.249.68.24 - - [05/Jun/2021:06:30:09 +0000] "GET /reviews/gas-o-fast/3787/?amp HTTP/1.1" 200 17409 "-" "Mozilla/5.0 (Linux; Android 6.0.1; Nexus 5X Build/MMB29P) AppleWebKit/537.36 (KHTML, like Gecko) Chrome/90.0.4430.97 Mobile Safari/537.36 (compatible; Googlebot/2.1; +http://www.google.com/bot.html)"
93.158.161.9 - - [05/Jun/2021:06:30:10 +0000] "GET /sitemap.xml HTTP/1.1" 200 1027 "-" "Mozilla/5.0 (compatible; YandexBot/3.0; +http://yandex.com/bots)"
192.99.101.79 - - [05/Jun/2021:06:30:11 +0000] "GET /health/?tag=/cleanup%20of%20unmanage%20resource%20in%20dotnet HTTP/1.1" 301 194 "-" "Mozilla/5.0 (compatible; MJ12bot/v1.4.8; http://mj12bot.com/)"
192.0.96.186 - - [05/Jun/2021:06:30:12 +0000] "GET /health/image.axd HTTP/1.1" 301 194 "-" "Photon/1.0"
5.193.82.252 - - [05/Jun/2021:06:30:12 +0000] "GET /ayurveda/ayurvedic-medicine-ayaskriti/746/?amp HTTP/2.0" 200 18935 "android-app://com.google.android.googlequicksearchbox/" "Mozilla/5.0 (Linux; Android 11; Nokia 4.2) AppleWebKit/537.36 (KHTML, like Gecko) Chrome/90.0.4430.210 Mobile Safari/537.36"
5.193.82.252 - - [05/Jun/2021:06:30:12 +0000] "GET /superpwa-manifest.json HTTP/2.0" 200 305 "https://www.bimbima.com/ayurveda/ayurvedic-medicine-ayaskriti/746/?amp" "Mozilla/5.0 (Linux; Android 11; Nokia 4.2) AppleWebKit/537.36 (KHTML, like Gecko) Chrome/90.0.4430.210 Mobile Safari/537.36"
157.42.200.161 - - [05/Jun/2021:06:30:13 +0000] "GET /disease/anal-fissure/1077/ HTTP/2.0" 200 51319 "https://engine.presearch.org/" "Mozilla/5.0 (Linux; Android 11; V2031) AppleWebKit/537.36 (KHTML, like Gecko) Chrome/91.0.4472.88 Mobile Safari/537.36"
157.42.200.161 - - [05/Jun/2021:06:30:13 +0000] "GET /wp-content/cache/minify/f0f3c.js HTTP/2.0" 200 2345 "https://health18.in/disease/anal-fissure/1077/" "Mozilla/5.0 (Linux; Android 11; V2031) AppleWebKit/537.36 (KHTML, like Gecko) Chrome/91.0.4472.88 Mobile Safari/537.36"
157.42.200.161 - - [05/Jun/2021:06:30:13 +0000] "GET /wp-content/cache/minify/67148.js HTTP/2.0" 200 1999 "https://health18.in/disease/anal-fissure/1077/" "Mozilla/5.0 (Linux; Android 11; V2031) AppleWebKit/537.36 (KHTML, like Gecko) Chrome/91.0.4472.88 Mobile Safari/537.36"
157.42.200.161 - - [05/Jun/2021:06:30:13 +0000] "GET /wp-content/cache/minify/818c0.js HTTP/2.0" 200 34204 "https://health18.in/disease/anal-fissure/1077/" "Mozilla/5.0 (Linux; Android 11; V2031) AppleWebKit/537.36 (KHTML, like Gecko) Chrome/91.0.4472.88 Mobile Safari/537.36"
157.42.200.161 - - [05/Jun/2021:06:30:13 +0000] "GET /wp-content/cache/minify/9e7c6.js HTTP/2.0" 200 2699 "https://health18.in/disease/anal-fissure/1077/" "Mozilla/5.0 (Linux; Android 11; V2031) AppleWebKit/537.36 (KHTML, like Gecko) Chrome/91.0.4472.88 Mobile Safari/537.36"
157.42.200.161 - - [05/Jun/2021:06:30:13 +0000] "GET /wp-content/cache/minify/cac72.js HTTP/2.0" 200 4003 "https://health18.in/disease/anal-fissure/1077/" "Mozilla/5.0 (Linux; Android 11; V2031) AppleWebKit/537.36 (KHTML, like Gecko) Chrome/91.0.4472.88 Mobile Safari/537.36"
157.42.200.161 - - [05/Jun/2021:06:30:13 +0000] "GET /superpwa-manifest.json HTTP/2.0" 200 330 "https://health18.in/disease/anal-fissure/1077/" "Mozilla/5.0 (Linux; Android 11; V2031) AppleWebKit/537.36 (KHTML, like Gecko) Chrome/91.0.4472.88 Mobile Safari/537.36"
157.42.200.161 - - [05/Jun/2021:06:30:13 +0000] "GET /wp-content/themes/nirvana/fonts/elusive.woff HTTP/2.0" 200 14737 "https://health18.in/disease/anal-fissure/1077/" "Mozilla/5.0 (Linux; Android 11; V2031) AppleWebKit/537.36 (KHTML, like Gecko) Chrome/91.0.4472.88 Mobile Safari/537.36"
192.0.96.186 - - [05/Jun/2021:06:30:13 +0000] "GET /health/image.axd HTTP/1.1" 410 70 "-" "Photon/1.0"
157.42.200.161 - - [05/Jun/2021:06:30:13 +0000] "GET /wp-content/uploads/2018/01/anal-fissure.jpg HTTP/2.0" 200 12792 "https://health18.in/disease/anal-fissure/1077/" "Mozilla/5.0 (Linux; Android 11; V2031) AppleWebKit/537.36 (KHTML, like Gecko) Chrome/91.0.4472.88 Mobile Safari/537.36"
64.233.173.87 - - [05/Jun/2021:06:30:15 +0000] "GET /medicines/agnimandya/4481/?amp HTTP/1.1" 200 21684 "-" "Mozilla/5.0 (Linux; Android 6.0.1; Redmi Note 4 Build/MMB29M) AppleWebKit/537.36 (KHTML, like Gecko) Chrome/54.0.2840.85 Mobile Safari/537.36,gzip(gfe)"
106.66.205.245 - - [05/Jun/2021:06:30:16 +0000] "GET /superpwa-manifest.json HTTP/2.0" 200 305 "https://53lndhlzi2vge4doarx3jyf5d4-achv5f5yelsuduq-www-bimbima-com.translate.goog/medicines/agnimandya/4481/?amp" "Mozilla/5.0 (Linux; Android 6.0.1; Redmi Note 4 Build/MMB29M) AppleWebKit/537.36 (KHTML, like Gecko) Chrome/54.0.2840.85 Mobile Safari/537.36"
66.249.68.24 - - [05/Jun/2021:06:30:16 +0000] "GET /ayurveda/ayurvedic-khadirarishta-syrup-for-health/1711/?amp HTTP/1.1" 200 18410 "-" "Mozilla/5.0 (Linux; Android 6.0.1; Nexus 5X Build/MMB29P) AppleWebKit/537.36 (KHTML, like Gecko) Chrome/90.0.4430.97 Mobile Safari/537.36 (compatible; Googlebot/2.1; +http://www.google.com/bot.html)"
93.158.161.9 - - [05/Jun/2021:06:30:16 +0000] "GET /wp-sitemap.xml HTTP/1.1" 404 32564 "-" "Mozilla/5.0 (compatible; YandexBot/3.0; +http://yandex.com/bots)"
106.210.144.232 - - [05/Jun/2021:06:30:17 +0000] "GET /medicine/tiger-king/4248 HTTP/2.0" 200 60647 "https://www.google.com/" "Mozilla/5.0 (Linux; Android 9; Redmi 6) AppleWebKit/537.36 (KHTML, like Gecko) Chrome/87.0.4280.101 Mobile Safari/537.36"
106.210.144.232 - - [05/Jun/2021:06:30:17 +0000] "GET /wp-content/cache/minify/73395.js HTTP/2.0" 200 36647 "https://www.bimbim.in/medicine/tiger-king/4248" "Mozilla/5.0 (Linux; Android 9; Redmi 6) AppleWebKit/537.36 (KHTML, like Gecko) Chrome/87.0.4280.101 Mobile Safari/537.36"
157.42.36.243 - - [05/Jun/2021:06:30:17 +0000] "GET /superpwa-sw.js HTTP/2.0" 200 1000 "https://health18.in/s/intercourse/701/" "Mozilla/5.0 (Linux; Android 10; POCO M2 Pro) AppleWebKit/537.36 (KHTML, like Gecko) Chrome/87.0.4280.101 Mobile Safari/537.36"
66.249.68.24 - - [05/Jun/2021:06:30:17 +0000] "GET /ayurveda/nimbasavam-for-skin-diseases/742/?amp HTTP/1.1" 200 15677 "-" "Mozilla/5.0 (Linux; Android 6.0.1; Nexus 5X Build/MMB29P) AppleWebKit/537.36 (KHTML, like Gecko) Chrome/90.0.4430.97 Mobile Safari/537.36 (compatible; Googlebot/2.1; +http://www.google.com/bot.html)"
157.42.36.243 - - [05/Jun/2021:06:30:17 +0000] "GET /wp-content/uploads/2018/08/h18.jpg HTTP/2.0" 200 768 "https://health18.in/s/intercourse/701/" "Mozilla/5.0 (Linux; Android 10; POCO M2 Pro) AppleWebKit/537.36 (KHTML, like Gecko) Chrome/87.0.4280.101 Mobile Safari/537.36"
157.42.36.243 - - [05/Jun/2021:06:30:17 +0000] "GET /wp-content/uploads/2018/08/h18-sm.png HTTP/2.0" 200 5090 "https://health18.in/s/intercourse/701/" "Mozilla/5.0 (Linux; Android 10; POCO M2 Pro) AppleWebKit/537.36 (KHTML, like Gecko) Chrome/87.0.4280.101 Mobile Safari/537.36"
157.42.36.243 - - [05/Jun/2021:06:30:17 +0000] "GET / HTTP/2.0" 200 48210 "https://health18.in/superpwa-sw.js" "Mozilla/5.0 (Linux; Android 10; POCO M2 Pro) AppleWebKit/537.36 (KHTML, like Gecko) Chrome/87.0.4280.101 Mobile Safari/537.36"
157.42.36.243 - - [05/Jun/2021:06:30:17 +0000] "GET /superpwa-sw.js HTTP/2.0" 304 0 "https://health18.in/s/intercourse/701/" "Mozilla/5.0 (Linux; Android 10; POCO M2 Pro) AppleWebKit/537.36 (KHTML, like Gecko) Chrome/87.0.4280.101 Mobile Safari/537.36"
157.42.36.243 - - [05/Jun/2021:06:30:17 +0000] "GET / HTTP/2.0" 304 0 "https://health18.in/superpwa-sw.js" "Mozilla/5.0 (Linux; Android 10; POCO M2 Pro) AppleWebKit/537.36 (KHTML, like Gecko) Chrome/87.0.4280.101 Mobile Safari/537.36"
